Component: ARM Compiler 5.06 update 5 (build 528) Tool: armlink [4d35e2]

==============================================================================

Section Cross References

    startup_stm32f10x_md.o(STACK) refers (Special) to heapauxi.o(.text) for __use_two_region_memory
    startup_stm32f10x_md.o(HEAP) refers (Special) to heapauxi.o(.text) for __use_two_region_memory
    startup_stm32f10x_md.o(RESET) refers (Special) to heapauxi.o(.text) for __use_two_region_memory
    startup_stm32f10x_md.o(RESET) refers to startup_stm32f10x_md.o(STACK) for __initial_sp
    startup_stm32f10x_md.o(RESET) refers to startup_stm32f10x_md.o(.text) for Reset_Handler
    startup_stm32f10x_md.o(RESET) refers to stm32f10x_it.o(i.NMI_Handler) for NMI_Handler
    startup_stm32f10x_md.o(RESET) refers to stm32f10x_it.o(i.HardFault_Handler) for HardFault_Handler
    startup_stm32f10x_md.o(RESET) refers to stm32f10x_it.o(i.MemManage_Handler) for MemManage_Handler
    startup_stm32f10x_md.o(RESET) refers to stm32f10x_it.o(i.BusFault_Handler) for BusFault_Handler
    startup_stm32f10x_md.o(RESET) refers to stm32f10x_it.o(i.UsageFault_Handler) for UsageFault_Handler
    startup_stm32f10x_md.o(RESET) refers to stm32f10x_it.o(i.SVC_Handler) for SVC_Handler
    startup_stm32f10x_md.o(RESET) refers to stm32f10x_it.o(i.DebugMon_Handler) for DebugMon_Handler
    startup_stm32f10x_md.o(RESET) refers to stm32f10x_it.o(i.PendSV_Handler) for PendSV_Handler
    startup_stm32f10x_md.o(RESET) refers to stm32f10x_it.o(i.SysTick_Handler) for SysTick_Handler
    startup_stm32f10x_md.o(RESET) refers to encoder.o(i.EXTI1_IRQHandler) for EXTI1_IRQHandler
    startup_stm32f10x_md.o(RESET) refers to buzzer.o(i.TIM2_IRQHandler) for TIM2_IRQHandler
    startup_stm32f10x_md.o(RESET) refers to tim3.o(i.TIM3_IRQHandler) for TIM3_IRQHandler
    startup_stm32f10x_md.o(RESET) refers to encoder.o(i.EXTI15_10_IRQHandler) for EXTI15_10_IRQHandler
    startup_stm32f10x_md.o(.text) refers (Special) to heapauxi.o(.text) for __use_two_region_memory
    startup_stm32f10x_md.o(.text) refers to system_stm32f10x.o(i.SystemInit) for SystemInit
    startup_stm32f10x_md.o(.text) refers to __main.o(!!!main) for __main
    startup_stm32f10x_md.o(.text) refers to startup_stm32f10x_md.o(HEAP) for Heap_Mem
    startup_stm32f10x_md.o(.text) refers to startup_stm32f10x_md.o(STACK) for Stack_Mem
    system_stm32f10x.o(i.SetSysClock) refers to system_stm32f10x.o(i.SetSysClockTo72) for SetSysClockTo72
    system_stm32f10x.o(i.SystemCoreClockUpdate) refers to system_stm32f10x.o(.data) for SystemCoreClock
    system_stm32f10x.o(i.SystemInit) refers to system_stm32f10x.o(i.SetSysClock) for SetSysClock
    stm32f10x_adc.o(i.ADC_DeInit) refers to stm32f10x_rcc.o(i.RCC_APB2PeriphResetCmd) for RCC_APB2PeriphResetCmd
    stm32f10x_bkp.o(i.BKP_DeInit) refers to stm32f10x_rcc.o(i.RCC_BackupResetCmd) for RCC_BackupResetCmd
    stm32f10x_can.o(i.CAN_DeInit) refers to stm32f10x_rcc.o(i.RCC_APB1PeriphResetCmd) for RCC_APB1PeriphResetCmd
    stm32f10x_can.o(i.CAN_GetITStatus) refers to stm32f10x_can.o(i.CheckITStatus) for CheckITStatus
    stm32f10x_cec.o(i.CEC_DeInit) refers to stm32f10x_rcc.o(i.RCC_APB1PeriphResetCmd) for RCC_APB1PeriphResetCmd
    stm32f10x_dac.o(i.DAC_DeInit) refers to stm32f10x_rcc.o(i.RCC_APB1PeriphResetCmd) for RCC_APB1PeriphResetCmd
    stm32f10x_flash.o(i.FLASH_EnableWriteProtection) refers to stm32f10x_flash.o(i.FLASH_WaitForLastOperation) for FLASH_WaitForLastOperation
    stm32f10x_flash.o(i.FLASH_EraseAllBank1Pages) refers to stm32f10x_flash.o(i.FLASH_WaitForLastBank1Operation) for FLASH_WaitForLastBank1Operation
    stm32f10x_flash.o(i.FLASH_EraseAllPages) refers to stm32f10x_flash.o(i.FLASH_WaitForLastOperation) for FLASH_WaitForLastOperation
    stm32f10x_flash.o(i.FLASH_EraseOptionBytes) refers to stm32f10x_flash.o(i.FLASH_GetReadOutProtectionStatus) for FLASH_GetReadOutProtectionStatus
    stm32f10x_flash.o(i.FLASH_EraseOptionBytes) refers to stm32f10x_flash.o(i.FLASH_WaitForLastOperation) for FLASH_WaitForLastOperation
    stm32f10x_flash.o(i.FLASH_ErasePage) refers to stm32f10x_flash.o(i.FLASH_WaitForLastOperation) for FLASH_WaitForLastOperation
    stm32f10x_flash.o(i.FLASH_ProgramHalfWord) refers to stm32f10x_flash.o(i.FLASH_WaitForLastOperation) for FLASH_WaitForLastOperation
    stm32f10x_flash.o(i.FLASH_ProgramOptionByteData) refers to stm32f10x_flash.o(i.FLASH_WaitForLastOperation) for FLASH_WaitForLastOperation
    stm32f10x_flash.o(i.FLASH_ProgramWord) refers to stm32f10x_flash.o(i.FLASH_WaitForLastOperation) for FLASH_WaitForLastOperation
    stm32f10x_flash.o(i.FLASH_ReadOutProtection) refers to stm32f10x_flash.o(i.FLASH_WaitForLastOperation) for FLASH_WaitForLastOperation
    stm32f10x_flash.o(i.FLASH_UserOptionByteConfig) refers to stm32f10x_flash.o(i.FLASH_WaitForLastOperation) for FLASH_WaitForLastOperation
    stm32f10x_flash.o(i.FLASH_WaitForLastBank1Operation) refers to stm32f10x_flash.o(i.FLASH_GetBank1Status) for FLASH_GetBank1Status
[...]
    ../fplib/fdiv.s                          0x00000000   Number         0  fdiv.o ABSOLUTE
    ../fplib/ffixu.s                         0x00000000   Number         0  ffixu.o ABSOLUTE
    ../fplib/fflt.s                          0x00000000   Number         0  fflt_clz.o ABSOLUTE
    ../fplib/fmul.s                          0x00000000   Number         0  fmul.o ABSOLUTE
    ../fplib/fnaninf.s                       0x00000000   Number         0  fnaninf.o ABSOLUTE
    ../fplib/fpinit.s                        0x00000000   Number         0  fpinit.o ABSOLUTE
    ../fplib/fretinf.s                       0x00000000   Number         0  fretinf.o ABSOLUTE
    ../fplib/usenofp.s                       0x00000000   Number         0  usenofp.o ABSOLUTE
    HardWare\Buzzer.c                        0x00000000   Number         0  buzzer.o ABSOLUTE
    HardWare\Encoder.c                       0x00000000   Number         0  encoder.o ABSOLUTE
    HardWare\Key.c                           0x00000000   Number         0  key.o ABSOLUTE
    HardWare\LED.c                           0x00000000   Number         0  led.o ABSOLUTE
    HardWare\NRF24L01.c                      0x00000000   Number         0  nrf24l01.o ABSOLUTE
    HardWare\OLED.c                          0x00000000   Number         0  oled.o ABSOLUTE
    HardWare\Rocker.c                        0x00000000   Number         0  rocker.o ABSOLUTE
    HardWare\Switch.c                        0x00000000   Number         0  switch.o ABSOLUTE
    Library\misc.c                           0x00000000   Number         0  misc.o ABSOLUTE
    Library\stm32f10x_adc.c                  0x00000000   Number         0  stm32f10x_adc.o ABSOLUTE
    Library\stm32f10x_bkp.c                  0x00000000   Number         0  stm32f10x_bkp.o ABSOLUTE
    Library\stm32f10x_can.c                  0x00000000   Number         0  stm32f10x_can.o ABSOLUTE
    Library\stm32f10x_cec.c                  0x00000000   Number         0  stm32f10x_cec.o ABSOLUTE
    Library\stm32f10x_crc.c                  0x00000000   Number         0  stm32f10x_crc.o ABSOLUTE
    Library\stm32f10x_dac.c                  0x00000000   Number         0  stm32f10x_dac.o ABSOLUTE
    Library\stm32f10x_dbgmcu.c               0x00000000   Number         0  stm32f10x_dbgmcu.o ABSOLUTE
    Library\stm32f10x_dma.c                  0x00000000   Number         0  stm32f10x_dma.o ABSOLUTE
    Library\stm32f10x_exti.c                 0x00000000   Number         0  stm32f10x_exti.o ABSOLUTE
    Library\stm32f10x_flash.c                0x00000000   Number         0  stm32f10x_flash.o ABSOLUTE
    Library\stm32f10x_fsmc.c                 0x00000000   Number         0  stm32f10x_fsmc.o ABSOLUTE
    Library\stm32f10x_gpio.c                 0x00000000   Number         0  stm32f10x_gpio.o ABSOLUTE
    Library\stm32f10x_i2c.c                  0x00000000   Number         0  stm32f10x_i2c.o ABSOLUTE
    Library\stm32f10x_iwdg.c                 0x00000000   Number         0  stm32f10x_iwdg.o ABSOLUTE
    Library\stm32f10x_pwr.c                  0x00000000   Number         0  stm32f10x_pwr.o ABSOLUTE
    Library\stm32f10x_rcc.c                  0x00000000   Number         0  stm32f10x_rcc.o ABSOLUTE
    Library\stm32f10x_rtc.c                  0x00000000   Number         0  stm32f10x_rtc.o ABSOLUTE
    Library\stm32f10x_sdio.c                 0x00000000   Number         0  stm32f10x_sdio.o ABSOLUTE
    Library\stm32f10x_spi.c                  0x00000000   Number         0  stm32f10x_spi.o ABSOLUTE
    Library\stm32f10x_tim.c                  0x00000000   Number         0  stm32f10x_tim.o ABSOLUTE
    Library\stm32f10x_usart.c                0x00000000   Number         0  stm32f10x_usart.o ABSOLUTE
    Library\stm32f10x_wwdg.c                 0x00000000   Number         0  stm32f10x_wwdg.o ABSOLUTE
    Start\\core_cm3.c                        0x00000000   Number         0  core_cm3.o ABSOLUTE
    Start\core_cm3.c                         0x00000000   Number         0  core_cm3.o ABSOLUTE
    Start\startup_stm32f10x_md.s             0x00000000   Number         0  startup_stm32f10x_md.o ABSOLUTE
    Start\system_stm32f10x.c                 0x00000000   Number         0  system_stm32f10x.o ABSOLUTE
    System\ADC1.c                            0x00000000   Number         0  adc1.o ABSOLUTE
    System\DMA1.c                            0x00000000   Number         0  dma1.o ABSOLUTE
    System\Delay.c                           0x00000000   Number         0  delay.o ABSOLUTE
    System\Internal_Flash.c                  0x00000000   Number         0  internal_flash.o ABSOLUTE
    System\SPI1.c                            0x00000000   Number         0  spi1.o ABSOLUTE
    System\TIM2.c                            0x00000000   Number         0  tim2.o ABSOLUTE
    System\TIM3.c                            0x00000000   Number         0  tim3.o ABSOLUTE
    User\main.c                              0x00000000   Number         0  main.o ABSOLUTE
    User\stm32f10x_it.c                      0x00000000   Number         0  stm32f10x_it.o ABSOLUTE
    dc.s                                     0x00000000   Number         0  dc.o ABSOLUTE
    RESET                                    0x08000000   Section      236  startup_stm32f10x_md.o(RESET)
    !!!main                                  0x080000ec   Section        8  __main.o(!!!main)
    !!!scatter                               0x080000f4   Section       52  __scatter.o(!!!scatter)
    !!handler_copy                           0x08000128   Section       26  __scatter_copy.o(!!handler_copy)
    !!handler_zi                             0x08000144   Section       28  __scatter_zi.o(!!handler_zi)
    .ARM.Collect$$libinit$$00000000          0x08000160   Section        2  libinit.o(.ARM.Collect$$libinit$$00000000)
    .ARM.Collect$$libinit$$00000002          0x08000162   Section        0  libinit2.o(.ARM.Collect$$libinit$$00000002)
    .ARM.Collect$$libinit$$00000004          0x08000162   Section        0  libinit2.o(.ARM.Collect$$libinit$$00000004)
    .ARM.Collect$$libinit$$0000000A          0x08000162   Section        0  libinit2.o(.ARM.Collect$$libinit$$0000000A)
    .ARM.Collect$$libinit$$0000000C          0x08000162   Section        0  libinit2.o(.ARM.Collect$$libinit$$0000000C)
    .ARM.Collect$$libinit$$0000000E          0x08000162   Section        0  libinit2.o(.ARM.Collect$$libinit$$0000000E)
    .ARM.Collect$$libinit$$00000011          0x08000162   Section        0  libinit2.o(.ARM.Collect$$libinit$$00000011)
    .ARM.Collect$$libinit$$00000013          0x08000162   Section        0  libinit2.o(.ARM.Collect$$libinit$$00000013)
    .ARM.Collect$$libinit$$00000015          0x08000162   Section        0  libinit2.o(.ARM.Collect$$libinit$$00000015)
    .ARM.Collect$$libinit$$00000017          0x08000162   Section        0  libinit2.o(.ARM.Collect$$libinit$$00000017)
    .ARM.Collect$$libinit$$00000019          0x08000162   Section        0  libinit2.o(.ARM.Collect$$libinit$$00000019)
    .ARM.Collect$$libinit$$0000001B          0x08000162   Section        0  libinit2.o(.ARM.Collect$$libinit$$0000001B)
    .ARM.Collect$$libinit$$0000001D          0x08000162   Section        0  libinit2.o(.ARM.Collect$$libinit$$0000001D)
    .ARM.Collect$$libinit$$0000001F          0x08000162   Section        0  libinit2.o(.ARM.Collect$$libinit$$0000001F)
    .ARM.Collect$$libinit$$00000021          0x08000162   Section        0  libinit2.o(.ARM.Collect$$libinit$$00000021)
    .ARM.Collect$$libinit$$00000023          0x08000162   Section        0  libinit2.o(.ARM.Collect$$libinit$$00000023)
    .ARM.Collect$$libinit$$00000025          0x08000162   Section        0  libinit2.o(.ARM.Collect$$libinit$$00000025)
    .ARM.Collect$$libinit$$0000002C          0x08000162   Section        0  libinit2.o(.ARM.Collect$$libinit$$0000002C)
    .ARM.Collect$$libinit$$0000002E          0x08000162   Section        0  libinit2.o(.ARM.Collect$$libinit$$0000002E)
    .ARM.Collect$$libinit$$00000030          0x08000162   Section        0  libinit2.o(.ARM.Collect$$libinit$$00000030)
    .ARM.Collect$$libinit$$00000032          0x08000162   Section        0  libinit2.o(.ARM.Collect$$libinit$$00000032)
    .ARM.Collect$$libinit$$00000033          0x08000162   Section        2  libinit2.o(.ARM.Collect$$libinit$$00000033)
    .ARM.Collect$$libshutdown$$00000000      0x08000164   Section        2  libshutdown.o(.ARM.Collect$$libshutdown$$00000000)
    .ARM.Collect$$libshutdown$$00000002      0x08000166   Section        0  libshutdown2.o(.ARM.Collect$$libshutdown$$00000002)
    .ARM.Collect$$libshutdown$$00000004      0x08000166   Section        0  libshutdown2.o(.ARM.Collect$$libshutdown$$00000004)
    .ARM.Collect$$libshutdown$$00000007      0x08000166   Section        0  libshutdown2.o(.ARM.Collect$$libshutdown$$00000007)
    .ARM.Collect$$libshutdown$$0000000A      0x08000166   Section        0  libshutdown2.o(.ARM.Collect$$libshutdown$$0000000A)
    .ARM.Collect$$libshutdown$$0000000C      0x08000166   Section        0  libshutdown2.o(.ARM.Collect$$libshutdown$$0000000C)
    .ARM.Collect$$libshutdown$$0000000F      0x08000166   Section        0  libshutdown2.o(.ARM.Collect$$libshutdown$$0000000F)
    .ARM.Collect$$libshutdown$$00000010      0x08000166   Section        2  libshutdown2.o(.ARM.Collect$$libshutdown$$00000010)
    .ARM.Collect$$rtentry$$00000000          0x08000168   Section        0  __rtentry.o(.ARM.Collect$$rtentry$$00000000)
    .ARM.Collect$$rtentry$$00000002          0x08000168   Section        0  __rtentry2.o(.ARM.Collect$$rtentry$$00000002)
    .ARM.Collect$$rtentry$$00000004          0x08000168   Section        6  __rtentry4.o(.ARM.Collect$$rtentry$$00000004)
    .ARM.Collect$$rtentry$$00000009          0x0800016e   Section        0  __rtentry2.o(.ARM.Collect$$rtentry$$00000009)
    .ARM.Collect$$rtentry$$0000000A          0x0800016e   Section        4  __rtentry2.o(.ARM.Collect$$rtentry$$0000000A)
    .ARM.Collect$$rtentry$$0000000C          0x08000172   Section        0  __rtentry2.o(.ARM.Collect$$rtentry$$0000000C)
    .ARM.Collect$$rtentry$$0000000D          0x08000172   Section        8  __rtentry2.o(.ARM.Collect$$rtentry$$0000000D)
    .ARM.Collect$$rtexit$$00000000           0x0800017a   Section        2  rtexit.o(.ARM.Collect$$rtexit$$00000000)
    .ARM.Collect$$rtexit$$00000002           0x0800017c   Section        0  rtexit2.o(.ARM.Collect$$rtexit$$00000002)
    .ARM.Collect$$rtexit$$00000003           0x0800017c   Section        4  rtexit2.o(.ARM.Collect$$rtexit$$00000003)
    .ARM.Collect$$rtexit$$00000004           0x08000180   Section        6  rtexit2.o(.ARM.Collect$$rtexit$$00000004)
    .text                                    0x08000188   Section       64  startup_stm32f10x_md.o(.text)
    .text                                    0x080001c8   Section        0  heapauxi.o(.text)
    .text                                    0x080001ce   Section       74  sys_stackheap_outer.o(.text)
    .text                                    0x08000218   Section        0  exit.o(.text)
    .text                                    0x0800022c   Section        8  libspace.o(.text)
    .text                                    0x08000234   Section        0  sys_exit.o(.text)
    .text                                    0x08000240   Section        2  use_no_semi.o(.text)
    .text                                    0x08000242   Section        0  indicate_semi.o(.text)
    i.ADC1_Init                              0x08000244   Section        0  adc1.o(i.ADC1_Init)
    i.ADC_Cmd                                0x08000308   Section        0  stm32f10x_adc.o(i.ADC_Cmd)
    i.ADC_DMACmd                             0x0800031e   Section        0  stm32f10x_adc.o(i.ADC_DMACmd)
    i.ADC_GetCalibrationStatus               0x08000334   Section        0  stm32f10x_adc.o(i.ADC_GetCalibrationStatus)
    i.ADC_GetResetCalibrationStatus          0x08000348   Section        0  stm32f10x_adc.o(i.ADC_GetResetCalibrationStatus)
    i.ADC_Init                               0x0800035c   Section        0  stm32f10x_adc.o(i.ADC_Init)
    i.ADC_RegularChannelConfig               0x080003ac   Section        0  stm32f10x_adc.o(i.ADC_RegularChannelConfig)
    i.ADC_ResetCalibration                   0x08000464   Section        0  stm32f10x_adc.o(i.ADC_ResetCalibration)
    i.ADC_SoftwareStartConvCmd               0x0800046e   Section        0  stm32f10x_adc.o(i.ADC_SoftwareStartConvCmd)
    i.ADC_StartCalibration                   0x08000484   Section        0  stm32f10x_adc.o(i.ADC_StartCalibration)
    i.BusFault_Handler                       0x0800048e   Section        0  stm32f10x_it.o(i.BusFault_Handler)
    i.BuzzerMode                             0x08000494   Section        0  main.o(i.BuzzerMode)
    i.Buzzer_Init                            0x08000590   Section        0  buzzer.o(i.Buzzer_Init)
    i.Buzzer_SetBeep                         0x080005c8   Section        0  buzzer.o(i.Buzzer_SetBeep)
    i.Check_ACK                              0x080005f0   Section        0  nrf24l01.o(i.Check_ACK)
    i.CloseBuzzer                            0x08000644   Section        0  buzzer.o(i.CloseBuzzer)
    i.CursorControl                          0x08000660   Section        0  main.o(i.CursorControl)
    i.DMA1_Init                              0x08000740   Section        0  dma1.o(i.DMA1_Init)
    i.DMA_Cmd                                0x080007a0   Section        0  stm32f10x_dma.o(i.DMA_Cmd)
    i.DMA_DeInit                             0x080007b8   Section        0  stm32f10x_dma.o(i.DMA_DeInit)
    i.DMA_Init                               0x08000904   Section        0  stm32f10x_dma.o(i.DMA_Init)
    i.DebugMon_Handler                       0x08000940   Section        0  stm32f10x_it.o(i.DebugMon_Handler)
    i.EXTI15_10_IRQHandler                   0x08000944   Section        0  encoder.o(i.EXTI15_10_IRQHandler)
    i.EXTI1_IRQHandler                       0x0800097c   Section        0  encoder.o(i.EXTI1_IRQHandler)
    i.EXTI_ClearITPendingBit                 0x080009b0   Section        0  stm32f10x_exti.o(i.EXTI_ClearITPendingBit)
    i.EXTI_GetITStatus                       0x080009bc   Section        0  stm32f10x_exti.o(i.EXTI_GetITStatus)
    i.EXTI_Init                              0x080009e4   Section        0  stm32f10x_exti.o(i.EXTI_Init)
    i.Encoder_Get                            0x08000a78   Section        0  encoder.o(i.Encoder_Get)
    i.Encoder_Init                           0x08000a8c   Section        0  encoder.o(i.Encoder_Init)
    i.FLASH_ClearFlag                        0x08000b2c   Section        0  stm32f10x_flash.o(i.FLASH_ClearFlag)
    i.FLASH_ErasePage                        0x08000b38   Section        0  stm32f10x_flash.o(i.FLASH_ErasePage)
    i.FLASH_GetBank1Status                   0x08000b84   Section        0  stm32f10x_flash.o(i.FLASH_GetBank1Status)
    i.FLASH_Lock                             0x08000bb8   Section        0  stm32f10x_flash.o(i.FLASH_Lock)
    i.FLASH_ProgramHalfWord                  0x08000bcc   Section        0  stm32f10x_flash.o(i.FLASH_ProgramHalfWord)
    i.FLASH_Unlock                           0x08000c0c   Section        0  stm32f10x_flash.o(i.FLASH_Unlock)
    i.FLASH_WaitForLastOperation             0x08000c24   Section        0  stm32f10x_flash.o(i.FLASH_WaitForLastOperation)
    i.FeedMode                               0x08000c4c   Section        0  main.o(i.FeedMode)
    i.Flash_ReadArray_HalfWord               0x08000e48   Section        0  internal_flash.o(i.Flash_ReadArray_HalfWord)
    i.Flash_ReadHalfWord                     0x08000e6c   Section        0  internal_flash.o(i.Flash_ReadHalfWord)
    i.Flash_WriteArray_HalfWord              0x08000e7c   Section        0  internal_flash.o(i.Flash_WriteArray_HalfWord)
    i.GPIO_EXTILineConfig                    0x08000f00   Section        0  stm32f10x_gpio.o(i.GPIO_EXTILineConfig)
    i.GPIO_Init                              0x08000f40   Section        0  stm32f10x_gpio.o(i.GPIO_Init)
    i.GPIO_ReadInputDataBit                  0x08001056   Section        0  stm32f10x_gpio.o(i.GPIO_ReadInputDataBit)
    i.GPIO_ReadOutputDataBit                 0x08001068   Section        0  stm32f10x_gpio.o(i.GPIO_ReadOutputDataBit)
    i.GPIO_WriteBit                          0x0800107a   Section        0  stm32f10x_gpio.o(i.GPIO_WriteBit)
    i.GUI_Init                               0x08001084   Section        0  main.o(i.GUI_Init)
    i.GetData                                0x08001088   Section        0  main.o(i.GetData)
    i.HardFault_Handler                      0x08001148   Section        0  stm32f10x_it.o(i.HardFault_Handler)
    i.Init                                   0x0800114c   Section        0  main.o(i.Init)
    i.Key_GetNum                             0x08001180   Section        0  key.o(i.Key_GetNum)
    i.Key_GetNum2Loop                        0x08001190   Section        0  key.o(i.Key_GetNum2Loop)
    i.Key_Init                               0x0800120c   Section        0  key.o(i.Key_Init)
    i.Key_Loop                               0x08001274   Section        0  key.o(i.Key_Loop)
    i.MemManage_Handler                      0x080012a8   Section        0  stm32f10x_it.o(i.MemManage_Handler)
    i.NMI_Handler                            0x080012ac   Section        0  stm32f10x_it.o(i.NMI_Handler)
    i.NRF24L01_Init                          0x080012b0   Section        0  nrf24l01.o(i.NRF24L01_Init)
    i.NRF24L01_ReadByte                      0x080013a4   Section        0  nrf24l01.o(i.NRF24L01_ReadByte)
    i.NRF24L01_SetBuf                        0x080013d4   Section        0  nrf24l01.o(i.NRF24L01_SetBuf)
    i.NRF24L01_TransmitBuf                   0x080013e0   Section        0  nrf24l01.o(i.NRF24L01_TransmitBuf)
    i.NRF24L01_WriteByte                     0x080013f4   Section        0  nrf24l01.o(i.NRF24L01_WriteByte)
    i.NRF24L01_WriteData                     0x08001424   Section        0  nrf24l01.o(i.NRF24L01_WriteData)
    i.NVIC_Init                              0x08001468   Section        0  misc.o(i.NVIC_Init)
    i.NVIC_PriorityGroupConfig               0x080014d8   Section        0  misc.o(i.NVIC_PriorityGroupConfig)
    i.Normal_IRQHandler                      0x080014ec   Section        0  main.o(i.Normal_IRQHandler)
    i.OLED_Clear                             0x080015b0   Section        0  oled.o(i.OLED_Clear)
    i.OLED_I2C_Init                          0x080015dc   Section        0  oled.o(i.OLED_I2C_Init)
    i.OLED_I2C_SendByte                      0x0800162c   Section        0  oled.o(i.OLED_I2C_SendByte)
    i.OLED_I2C_Start                         0x08001680   Section        0  oled.o(i.OLED_I2C_Start)
    i.OLED_I2C_Stop                          0x080016b4   Section        0  oled.o(i.OLED_I2C_Stop)
    i.OLED_Init                              0x080016dc   Section        0  oled.o(i.OLED_Init)
    i.OLED_Pow                               0x0800178a   Section        0  oled.o(i.OLED_Pow)
    i.OLED_SetCursor                         0x0800179e   Section        0  oled.o(i.OLED_SetCursor)
    i.OLED_ShowChar                          0x080017c4   Section        0  oled.o(i.OLED_ShowChar)
    i.OLED_ShowHexNum                        0x08001838   Section        0  oled.o(i.OLED_ShowHexNum)
    i.OLED_ShowNum                           0x0800188c   Section        0  oled.o(i.OLED_ShowNum)
    i.OLED_ShowSignedNum                     0x080018d0   Section        0  oled.o(i.OLED_ShowSignedNum)
    i.OLED_ShowString                        0x08001936   Section        0  oled.o(i.OLED_ShowString)
    i.OLED_WriteCommand                      0x0800195e   Section        0  oled.o(i.OLED_WriteCommand)
    i.OLED_WriteData                         0x0800197e   Section        0  oled.o(i.OLED_WriteData)
    i.OriginalMode                           0x080019a0   Section        0  main.o(i.OriginalMode)
    i.OtherMode                              0x08001a5c   Section        0  main.o(i.OtherMode)
    i.PendSV_Handler                         0x08001a8c   Section        0  stm32f10x_it.o(i.PendSV_Handler)
    i.RCC_ADCCLKConfig                       0x08001a90   Section        0  stm32f10x_rcc.o(i.RCC_ADCCLKConfig)
    i.RCC_AHBPeriphClockCmd                  0x08001aa8   Section        0  stm32f10x_rcc.o(i.RCC_AHBPeriphClockCmd)
    i.RCC_APB1PeriphClockCmd                 0x08001ac8   Section        0  stm32f10x_rcc.o(i.RCC_APB1PeriphClockCmd)
    i.RCC_APB1PeriphResetCmd                 0x08001ae8   Section        0  stm32f10x_rcc.o(i.RCC_APB1PeriphResetCmd)
    i.RCC_APB2PeriphClockCmd                 0x08001b08   Section        0  stm32f10x_rcc.o(i.RCC_APB2PeriphClockCmd)
    i.RCC_APB2PeriphResetCmd                 0x08001b28   Section        0  stm32f10x_rcc.o(i.RCC_APB2PeriphResetCmd)
    i.ReadData                               0x08001b48   Section        0  main.o(i.ReadData)
    i.Rocker_GetNum                          0x08001ba4   Section        0  rocker.o(i.Rocker_GetNum)
    i.Rocker_GetNum2Loop                     0x08001bb4   Section        0  rocker.o(i.Rocker_GetNum2Loop)
    i.Rocker_Init                            0x08001cec   Section        0  rocker.o(i.Rocker_Init)
    i.Rocker_Loop                            0x08001cf8   Section        0  rocker.o(i.Rocker_Loop)
    i.SPI1_Init                              0x08001d2c   Section        0  spi1.o(i.SPI1_Init)
    i.SPI_Cmd                                0x08001d88   Section        0  stm32f10x_spi.o(i.SPI_Cmd)
    i.SPI_I2S_GetFlagStatus                  0x08001da0   Section        0  stm32f10x_spi.o(i.SPI_I2S_GetFlagStatus)
    i.SPI_I2S_ReceiveData                    0x08001db2   Section        0  stm32f10x_spi.o(i.SPI_I2S_ReceiveData)
    i.SPI_I2S_SendData                       0x08001db8   Section        0  stm32f10x_spi.o(i.SPI_I2S_SendData)
    i.SPI_Init                               0x08001dbc   Section        0  stm32f10x_spi.o(i.SPI_Init)
    i.SPI_SendByte                           0x08001df8   Section        0  spi1.o(i.SPI_SendByte)
    i.SPI_TIMEOUT_UserCallback               0x08001e68   Section        0  spi1.o(i.SPI_TIMEOUT_UserCallback)
    SPI_TIMEOUT_UserCallback                 0x08001e69   Thumb Code    20  spi1.o(i.SPI_TIMEOUT_UserCallback)
    i.SVC_Handler                            0x08001e7c   Section        0  stm32f10x_it.o(i.SVC_Handler)
    i.SetSysClock                            0x08001e7e   Section        0  system_stm32f10x.o(i.SetSysClock)
    SetSysClock                              0x08001e7f   Thumb Code     8  system_stm32f10x.o(i.SetSysClock)
    i.SetSysClockTo72                        0x08001e88   Section        0  system_stm32f10x.o(i.SetSysClockTo72)
    SetSysClockTo72                          0x08001e89   Thumb Code   214  system_stm32f10x.o(i.SetSysClockTo72)
    i.Show                                   0x08001f68   Section        0  main.o(i.Show)
    i.State2                                 0x080020d4   Section        0  main.o(i.State2)
    i.StateGet                               0x08002334   Section        0  main.o(i.StateGet)
    i.StoreData                              0x080023b0   Section        0  main.o(i.StoreData)
    i.Switch_GetNum                          0x08002400   Section        0  switch.o(i.Switch_GetNum)
    i.Switch_GetNum2Looop                    0x0800240c   Section        0  switch.o(i.Switch_GetNum2Looop)
    i.Switch_Init                            0x08002454   Section        0  switch.o(i.Switch_Init)
    i.Switch_Loop                            0x08002484   Section        0  switch.o(i.Switch_Loop)
    i.SysTick_Handler                        0x08002494   Section        0  stm32f10x_it.o(i.SysTick_Handler)
    i.SystemInit                             0x08002498   Section        0  system_stm32f10x.o(i.SystemInit)
    i.TIM2_IRQHandler                        0x080024f8   Section        0  buzzer.o(i.TIM2_IRQHandler)
    i.TIM2_Init                              0x08002534   Section        0  tim2.o(i.TIM2_Init)
    i.TIM3_IRQHandler                        0x08002598   Section        0  tim3.o(i.TIM3_IRQHandler)
    i.TIM3_Init                              0x080025bc   Section        0  tim3.o(i.TIM3_Init)
    i.TIM3_SetIRQHandler                     0x08002628   Section        0  tim3.o(i.TIM3_SetIRQHandler)
    i.TIM_ClearFlag                          0x08002634   Section        0  stm32f10x_tim.o(i.TIM_ClearFlag)
    i.TIM_Cmd                                0x0800263a   Section        0  stm32f10x_tim.o(i.TIM_Cmd)
    i.TIM_DeInit                             0x08002654   Section        0  stm32f10x_tim.o(i.TIM_DeInit)
    i.TIM_GetFlagStatus                      0x0800283c   Section        0  stm32f10x_tim.o(i.TIM_GetFlagStatus)
    i.TIM_ITConfig                           0x0800284e   Section        0  stm32f10x_tim.o(i.TIM_ITConfig)
    i.TIM_TimeBaseInit                       0x08002860   Section        0  stm32f10x_tim.o(i.TIM_TimeBaseInit)
    i.TX_Mode                                0x08002904   Section        0  nrf24l01.o(i.TX_Mode)
    i.Transmit                               0x08002974   Section        0  main.o(i.Transmit)
    i.TurnMode                               0x08002a18   Section        0  main.o(i.TurnMode)
    i.UsageFault_Handler                     0x08002ac0   Section        0  stm32f10x_it.o(i.UsageFault_Handler)
    i.Voltage_Get                            0x08002ac4   Section        0  main.o(i.Voltage_Get)
    i.main                                   0x08002b74   Section        0  main.o(i.main)
    x$fpl$ddiv                               0x08002c18   Section      688  ddiv.o(x$fpl$ddiv)
    ddiv_entry                               0x08002c1f   Thumb Code     0  ddiv.o(x$fpl$ddiv)
    x$fpl$dfixu                              0x08002ec8   Section       90  dfixu.o(x$fpl$dfixu)
    x$fpl$dmul                               0x08002f24   Section      340  dmul.o(x$fpl$dmul)
    x$fpl$dnaninf                            0x08003078   Section      156  dnaninf.o(x$fpl$dnaninf)
    x$fpl$dretinf                            0x08003114   Section       12  dretinf.o(x$fpl$dretinf)
    x$fpl$f2d                                0x08003120   Section       86  f2d.o(x$fpl$f2d)
    x$fpl$fdiv                               0x08003178   Section      388  fdiv.o(x$fpl$fdiv)
    _fdiv1                                   0x08003179   Thumb Code     0  fdiv.o(x$fpl$fdiv)
    x$fpl$ffixu                              0x080032fc   Section       62  ffixu.o(x$fpl$ffixu)
    x$fpl$ffltu                              0x0800333c   Section       38  fflt_clz.o(x$fpl$ffltu)
    x$fpl$fmul                               0x08003364   Section      258  fmul.o(x$fpl$fmul)
    x$fpl$fnaninf                            0x08003466   Section      140  fnaninf.o(x$fpl$fnaninf)
    x$fpl$fretinf                            0x080034f2   Section       10  fretinf.o(x$fpl$fretinf)
    .constdata                               0x080034fc   Section     1520  oled.o(.constdata)
    x$fpl$usenofp                            0x080034fc   Section        0  usenofp.o(x$fpl$usenofp)
    .constdata                               0x08003aec   Section       38  buzzer.o(.constdata)
    .data                                    0x20000000   Section        6  dma1.o(.data)
    .data                                    0x20000008   Section        4  tim3.o(.data)
    .data                                    0x2000000c   Section        4  spi1.o(.data)
    SPITimeout                               0x2000000c   Data           4  spi1.o(.data)
    .data                                    0x20000010   Section        6  key.o(.data)
    NowState                                 0x20000012   Data           2  key.o(.data)
    LastState                                0x20000014   Data           2  key.o(.data)
    .data                                    0x20000016   Section       22  nrf24l01.o(.data)
    .data                                    0x2000002c   Section        2  encoder.o(.data)
    .data                                    0x2000002e   Section        6  rocker.o(.data)
    NowState                                 0x20000030   Data           2  rocker.o(.data)
    LastState                                0x20000032   Data           2  rocker.o(.data)
    .data                                    0x20000034   Section        1  switch.o(.data)
    .data                                    0x20000036   Section        2  buzzer.o(.data)
    .data                                    0x20000038   Section       48  main.o(.data)
    LastSwitchNum                            0x20000064   Data           1  main.o(.data)
    T3_Count                                 0x20000066   Data           2  main.o(.data)
    .bss                                     0x20000068   Section       12  main.o(.bss)
    .bss                                     0x20000074   Section       96  libspace.o(.bss)
    HEAP                                     0x200000d8   Section      512  startup_stm32f10x_md.o(HEAP)
    Heap_Mem                                 0x200000d8   Data         512  startup_stm32f10x_md.o(HEAP)
    STACK                                    0x200002d8   Section     1024  startup_stm32f10x_md.o(STACK)
    Stack_Mem                                0x200002d8   Data        1024  startup_stm32f10x_md.o(STACK)
    __initial_sp                             0x200006d8   Data           0  startup_stm32f10x_md.o(STACK)

    Global Symbols

    Symbol Name                              Value     Ov Type        Size  Object(Section)

    BuildAttributes$$THM_ISAv4$P$D$K$B$S$PE$A:L22UL41UL21$X:L11$S22US41US21$IEEE1$IW$USESV6$~STKCKD$USESV7$~SHL$OSPACE$ROPI$EBA8$UX$STANDARDLIB$REQ8$PRES8$EABIv2 0x00000000   Number         0  anon$$obj.o ABSOLUTE
    __ARM_use_no_argv                        0x00000000   Number         0  main.o ABSOLUTE
    __ARM_exceptions_init                     - Undefined Weak Reference
    __alloca_initialize                       - Undefined Weak Reference
    __arm_preinit_                            - Undefined Weak Reference
    __cpp_initialize__aeabi_                  - Undefined Weak Reference
    __cxa_finalize                            - Undefined Weak Reference
    __rt_locale                               - Undefined Weak Reference
    __sigvec_lookup                           - Undefined Weak Reference
    _atexit_init                              - Undefined Weak Reference
    _call_atexit_fns                          - Undefined Weak Reference
    _clock_init                               - Undefined Weak Reference
    _fp_trap_init                             - Undefined Weak Reference
    _fp_trap_shutdown                         - Undefined Weak Reference
    _get_lc_collate                           - Undefined Weak Reference
    _get_lc_ctype                             - Undefined Weak Reference
    _get_lc_monetary                          - Undefined Weak Reference
    _get_lc_numeric                           - Undefined Weak Reference
    _get_lc_time                              - Undefined Weak Reference
    _getenv_init                              - Undefined Weak Reference
    _handle_redirection                       - Undefined Weak Reference
    _init_alloc                               - Undefined Weak Reference
    _init_user_alloc                          - Undefined Weak Reference
    _initio                                   - Undefined Weak Reference
    _rand_init                                - Undefined Weak Reference
    _signal_finish                            - Undefined Weak Reference
    _signal_init                              - Undefined Weak Reference
    _terminate_alloc                          - Undefined Weak Reference
    _terminate_user_alloc                     - Undefined Weak Reference
    _terminateio                              - Undefined Weak Reference
    __Vectors_Size                           0x000000ec   Number         0  startup_stm32f10x_md.o ABSOLUTE
    __Vectors                                0x08000000   Data           4  startup_stm32f10x_md.o(RESET)
    __Vectors_End                            0x080000ec   Data           0  startup_stm32f10x_md.o(RESET)
    __main                                   0x080000ed   Thumb Code     8  __main.o(!!!main)
    __scatterload                            0x080000f5   Thumb Code     0  __scatter.o(!!!scatter)
    __scatterload_rt2                        0x080000f5   Thumb Code    44  __scatter.o(!!!scatter)
    __scatterload_rt2_thumb_only             0x080000f5   Thumb Code     0  __scatter.o(!!!scatter)
    __scatterload_null                       0x08000103   Thumb Code     0  __scatter.o(!!!scatter)
    __scatterload_copy                       0x08000129   Thumb Code    26  __scatter_copy.o(!!handler_copy)
    __scatterload_zeroinit                   0x08000145   Thumb Code    28  __scatter_zi.o(!!handler_zi)
    __rt_lib_init                            0x08000161   Thumb Code     0  libinit.o(.ARM.Collect$$libinit$$00000000)
    __rt_lib_init_alloca_1                   0x08000163   Thumb Code     0  libinit2.o(.ARM.Collect$$libinit$$0000002E)
    __rt_lib_init_argv_1                     0x08000163   Thumb Code     0  libinit2.o(.ARM.Collect$$libinit$$0000002C)
    __rt_lib_init_atexit_1                   0x08000163   Thumb Code     0  libinit2.o(.ARM.Collect$$libinit$$0000001B)
    __rt_lib_init_clock_1                    0x08000163   Thumb Code     0  libinit2.o(.ARM.Collect$$libinit$$00000021)
    __rt_lib_init_cpp_1                      0x08000163   Thumb Code     0  libinit2.o(.ARM.Collect$$libinit$$00000032)
    __rt_lib_init_exceptions_1               0x08000163   Thumb Code     0  libinit2.o(.ARM.Collect$$libinit$$00000030)
    __rt_lib_init_fp_1                       0x08000163   Thumb Code     0  libinit2.o(.ARM.Collect$$libinit$$00000002)
    __rt_lib_init_fp_trap_1                  0x08000163   Thumb Code     0  libinit2.o(.ARM.Collect$$libinit$$0000001F)
    __rt_lib_init_getenv_1                   0x08000163   Thumb Code     0  libinit2.o(.ARM.Collect$$libinit$$00000023)
    __rt_lib_init_heap_1                     0x08000163   Thumb Code     0  libinit2.o(.ARM.Collect$$libinit$$0000000A)
    __rt_lib_init_lc_collate_1               0x08000163   Thumb Code     0  libinit2.o(.ARM.Collect$$libinit$$00000011)
    __rt_lib_init_lc_ctype_1                 0x08000163   Thumb Code     0  libinit2.o(.ARM.Collect$$libinit$$00000013)
    __rt_lib_init_lc_monetary_1              0x08000163   Thumb Code     0  libinit2.o(.ARM.Collect$$libinit$$00000015)
    __rt_lib_init_lc_numeric_1               0x08000163   Thumb Code     0  libinit2.o(.ARM.Collect$$libinit$$00000017)
    __rt_lib_init_lc_time_1                  0x08000163   Thumb Code     0  libinit2.o(.ARM.Collect$$libinit$$00000019)
    __rt_lib_init_preinit_1                  0x08000163   Thumb Code     0  libinit2.o(.ARM.Collect$$libinit$$00000004)
    __rt_lib_init_rand_1                     0x08000163   Thumb Code     0  libinit2.o(.ARM.Collect$$libinit$$0000000E)
    __rt_lib_init_return                     0x08000163   Thumb Code     0  libinit2.o(.ARM.Collect$$libinit$$00000033)
    __rt_lib_init_signal_1                   0x08000163   Thumb Code     0  libinit2.o(.ARM.Collect$$libinit$$0000001D)
    __rt_lib_init_stdio_1                    0x08000163   Thumb Code     0  libinit2.o(.ARM.Collect$$libinit$$00000025)
    __rt_lib_init_user_alloc_1               0x08000163   Thumb Code     0  libinit2.o(.ARM.Collect$$libinit$$0000000C)
    __rt_lib_shutdown                        0x08000165   Thumb Code     0  libshutdown.o(.ARM.Collect$$libshutdown$$00000000)
    __rt_lib_shutdown_cpp_1                  0x08000167   Thumb Code     0  libshutdown2.o(.ARM.Collect$$libshutdown$$00000002)
    __rt_lib_shutdown_fp_trap_1              0x08000167   Thumb Code     0  libshutdown2.o(.ARM.Collect$$libshutdown$$00000007)
    __rt_lib_shutdown_heap_1                 0x08000167   Thumb Code     0  libshutdown2.o(.ARM.Collect$$libshutdown$$0000000F)
    __rt_lib_shutdown_return                 0x08000167   Thumb Code     0  libshutdown2.o(.ARM.Collect$$libshutdown$$00000010)
    __rt_lib_shutdown_signal_1               0x08000167   Thumb Code     0  libshutdown2.o(.ARM.Collect$$libshutdown$$0000000A)
    __rt_lib_shutdown_stdio_1                0x08000167   Thumb Code     0  libshutdown2.o(.ARM.Collect$$libshutdown$$00000004)
    __rt_lib_shutdown_user_alloc_1           0x08000167   Thumb Code     0  libshutdown2.o(.ARM.Collect$$libshutdown$$0000000C)
    __rt_entry                               0x08000169   Thumb Code     0  __rtentry.o(.ARM.Collect$$rtentry$$00000000)
    __rt_entry_presh_1                       0x08000169   Thumb Code     0  __rtentry2.o(.ARM.Collect$$rtentry$$00000002)
    __rt_entry_sh                            0x08000169   Thumb Code     0  __rtentry4.o(.ARM.Collect$$rtentry$$00000004)
    __rt_entry_li                            0x0800016f   Thumb Code     0  __rtentry2.o(.ARM.Collect$$rtentry$$0000000A)
    __rt_entry_postsh_1                      0x0800016f   Thumb Code     0  __rtentry2.o(.ARM.Collect$$rtentry$$00000009)
    __rt_entry_main                          0x08000173   Thumb Code     0  __rtentry2.o(.ARM.Collect$$rtentry$$0000000D)
    __rt_entry_postli_1                      0x08000173   Thumb Code     0  __rtentry2.o(.ARM.Collect$$rtentry$$0000000C)
    __rt_exit                                0x0800017b   Thumb Code     0  rtexit.o(.ARM.Collect$$rtexit$$00000000)
    __rt_exit_ls                             0x0800017d   Thumb Code     0  rtexit2.o(.ARM.Collect$$rtexit$$00000003)
    __rt_exit_prels_1                        0x0800017d   Thumb Code     0  rtexit2.o(.ARM.Collect$$rtexit$$00000002)
    __rt_exit_exit                           0x08000181   Thumb Code     0  rtexit2.o(.ARM.Collect$$rtexit$$00000004)
    Reset_Handler                            0x08000189   Thumb Code     8  startup_stm32f10x_md.o(.text)
    ADC1_2_IRQHandler                        0x080001a3   Thumb Code     0  startup_stm32f10x_md.o(.text)
    CAN1_RX1_IRQHandler                      0x080001a3   Thumb Code     0  startup_stm32f10x_md.o(.text)
    CAN1_SCE_IRQHandler                      0x080001a3   Thumb Code     0  startup_stm32f10x_md.o(.text)
    DMA1_Channel1_IRQHandler                 0x080001a3   Thumb Code     0  startup_stm32f10x_md.o(.text)
    DMA1_Channel2_IRQHandler                 0x080001a3   Thumb Code     0  startup_stm32f10x_md.o(.text)
    DMA1_Channel3_IRQHandler                 0x080001a3   Thumb Code     0  startup_stm32f10x_md.o(.text)
    DMA1_Channel4_IRQHandler                 0x080001a3   Thumb Code     0  startup_stm32f10x_md.o(.text)
    DMA1_Channel5_IRQHandler                 0x080001a3   Thumb Code     0  startup_stm32f10x_md.o(.text)
    DMA1_Channel6_IRQHandler                 0x080001a3   Thumb Code     0  startup_stm32f10x_md.o(.text)
    DMA1_Channel7_IRQHandler                 0x080001a3   Thumb Code     0  startup_stm32f10x_md.o(.text)
    EXTI0_IRQHandler                         0x080001a3   Thumb Code     0  startup_stm32f10x_md.o(.text)
    EXTI2_IRQHandler                         0x080001a3   Thumb Code     0  startup_stm32f10x_md.o(.text)
    EXTI3_IRQHandler                         0x080001a3   Thumb Code     0  startup_stm32f10x_md.o(.text)
    EXTI4_IRQHandler                         0x080001a3   Thumb Code     0  startup_stm32f10x_md.o(.text)
    EXTI9_5_IRQHandler                       0x080001a3   Thumb Code     0  startup_stm32f10x_md.o(.text)
    FLASH_IRQHandler                         0x080001a3   Thumb Code     0  startup_stm32f10x_md.o(.text)
    I2C1_ER_IRQHandler                       0x080001a3   Thumb Code     0  startup_stm32f10x_md.o(.text)
    I2C1_EV_IRQHandler                       0x080001a3   Thumb Code     0  startup_stm32f10x_md.o(.text)
    I2C2_ER_IRQHandler                       0x080001a3   Thumb Code     0  startup_stm32f10x_md.o(.text)
    I2C2_EV_IRQHandler                       0x080001a3   Thumb Code     0  startup_stm32f10x_md.o(.text)
    PVD_IRQHandler                           0x080001a3   Thumb Code     0  startup_stm32f10x_md.o(.text)
    RCC_IRQHandler                           0x080001a3   Thumb Code     0  startup_stm32f10x_md.o(.text)
    RTCAlarm_IRQHandler                      0x080001a3   Thumb Code     0  startup_stm32f10x_md.o(.text)
    RTC_IRQHandler                           0x080001a3   Thumb Code     0  startup_stm32f10x_md.o(.text)
    SPI1_IRQHandler                          0x080001a3   Thumb Code     0  startup_stm32f10x_md.o(.text)
    SPI2_IRQHandler                          0x080001a3   Thumb Code     0  startup_stm32f10x_md.o(.text)
    TAMPER_IRQHandler                        0x080001a3   Thumb Code     0  startup_stm32f10x_md.o(.text)
    TIM1_BRK_IRQHandler                      0x080001a3   Thumb Code     0  startup_stm32f10x_md.o(.text)
    TIM1_CC_IRQHandler                       0x080001a3   Thumb Code     0  startup_stm32f10x_md.o(.text)
    TIM1_TRG_COM_IRQHandler                  0x080001a3   Thumb Code     0  startup_stm32f10x_md.o(.text)
    TIM1_UP_IRQHandler                       0x080001a3   Thumb Code     0  startup_stm32f10x_md.o(.text)
    TIM4_IRQHandler                          0x080001a3   Thumb Code     0  startup_stm32f10x_md.o(.text)
    USART1_IRQHandler                        0x080001a3   Thumb Code     0  startup_stm32f10x_md.o(.text)
    USART2_IRQHandler                        0x080001a3   Thumb Code     0  startup_stm32f10x_md.o(.text)
    USART3_IRQHandler                        0x080001a3   Thumb Code     0  startup_stm32f10x_md.o(.text)
    USBWakeUp_IRQHandler                     0x080001a3   Thumb Code     0  startup_stm32f10x_md.o(.text)
    USB_HP_CAN1_TX_IRQHandler                0x080001a3   Thumb Code     0  startup_stm32f10x_md.o(.text)
    USB_LP_CAN1_RX0_IRQHandler               0x080001a3   Thumb Code     0  startup_stm32f10x_md.o(.text)
    WWDG_IRQHandler                          0x080001a3   Thumb Code     0  startup_stm32f10x_md.o(.text)
    __user_initial_stackheap                 0x080001a5   Thumb Code     0  startup_stm32f10x_md.o(.text)
    __use_two_region_memory                  0x080001c9   Thumb Code     2  heapauxi.o(.text)
    __rt_heap_escrow$2region                 0x080001cb   Thumb Code     2  heapauxi.o(.text)
    __rt_heap_expand$2region                 0x080001cd   Thumb Code     2  heapauxi.o(.text)
    __user_setup_stackheap                   0x080001cf   Thumb Code    74  sys_stackheap_outer.o(.text)
    exit                                     0x08000219   Thumb Code    18  exit.o(.text)
    __user_libspace                          0x0800022d   Thumb Code     8  libspace.o(.text)
    __user_perproc_libspace                  0x0800022d   Thumb Code     0  libspace.o(.text)
    __user_perthread_libspace                0x0800022d   Thumb Code     0  libspace.o(.text)
    _sys_exit                                0x08000235   Thumb Code     8  sys_exit.o(.text)
    __I$use$semihosting                      0x08000241   Thumb Code     0  use_no_semi.o(.text)
    __use_no_semihosting_swi                 0x08000241   Thumb Code     2  use_no_semi.o(.text)
    __semihosting_library_function           0x08000243   Thumb Code     0  indicate_semi.o(.text)
    ADC1_Init                                0x08000245   Thumb Code   186  adc1.o(i.ADC1_Init)
    ADC_Cmd                                  0x08000309   Thumb Code    22  stm32f10x_adc.o(i.ADC_Cmd)
    ADC_DMACmd                               0x0800031f   Thumb Code    22  stm32f10x_adc.o(i.ADC_DMACmd)
    ADC_GetCalibrationStatus                 0x08000335   Thumb Code    20  stm32f10x_adc.o(i.ADC_GetCalibrationStatus)
    ADC_GetResetCalibrationStatus            0x08000349   Thumb Code    20  stm32f10x_adc.o(i.ADC_GetResetCalibrationStatus)
    ADC_Init                                 0x0800035d   Thumb Code    70  stm32f10x_adc.o(i.ADC_Init)
    ADC_RegularChannelConfig                 0x080003ad   Thumb Code   184  stm32f10x_adc.o(i.ADC_RegularChannelConfig)
    ADC_ResetCalibration                     0x08000465   Thumb Code    10  stm32f10x_adc.o(i.ADC_ResetCalibration)
    ADC_SoftwareStartConvCmd                 0x0800046f   Thumb Code    22  stm32f10x_adc.o(i.ADC_SoftwareStartConvCmd)
    ADC_StartCalibration                     0x08000485   Thumb Code    10  stm32f10x_adc.o(i.ADC_StartCalibration)
    BusFault_Handler                         0x0800048f   Thumb Code     4  stm32f10x_it.o(i.BusFault_Handler)
    BuzzerMode                               0x08000495   Thumb Code   228  main.o(i.BuzzerMode)
    Buzzer_Init                              0x08000591   Thumb Code    52  buzzer.o(i.Buzzer_Init)
    Buzzer_SetBeep                           0x080005c9   Thumb Code    32  buzzer.o(i.Buzzer_SetBeep)
    Check_ACK                                0x080005f1   Thumb Code    74  nrf24l01.o(i.Check_ACK)
    CloseBuzzer                              0x08000645   Thumb Code    24  buzzer.o(i.CloseBuzzer)
    CursorControl                            0x08000661   Thumb Code   198  main.o(i.CursorControl)
    DMA1_Init                                0x08000741   Thumb Code    84  dma1.o(i.DMA1_Init)
    DMA_Cmd                                  0x080007a1   Thumb Code    24  stm32f10x_dma.o(i.DMA_Cmd)
    DMA_DeInit                               0x080007b9   Thumb Code   324  stm32f10x_dma.o(i.DMA_DeInit)
    DMA_Init                                 0x08000905   Thumb Code    60  stm32f10x_dma.o(i.DMA_Init)
    DebugMon_Handler                         0x08000941   Thumb Code     2  stm32f10x_it.o(i.DebugMon_Handler)
    EXTI15_10_IRQHandler                     0x08000945   Thumb Code    46  encoder.o(i.EXTI15_10_IRQHandler)
    EXTI1_IRQHandler                         0x0800097d   Thumb Code    42  encoder.o(i.EXTI1_IRQHandler)
    EXTI_ClearITPendingBit                   0x080009b1   Thumb Code     6  stm32f10x_exti.o(i.EXTI_ClearITPendingBit)
    EXTI_GetITStatus                         0x080009bd   Thumb Code    34  stm32f10x_exti.o(i.EXTI_GetITStatus)
    EXTI_Init                                0x080009e5   Thumb Code   142  stm32f10x_exti.o(i.EXTI_Init)
    Encoder_Get                              0x08000a79   Thumb Code    14  encoder.o(i.Encoder_Get)
    Encoder_Init                             0x08000a8d   Thumb Code   156  encoder.o(i.Encoder_Init)
    FLASH_ClearFlag                          0x08000b2d   Thumb Code     6  stm32f10x_flash.o(i.FLASH_ClearFlag)
    FLASH_ErasePage                          0x08000b39   Thumb Code    72  stm32f10x_flash.o(i.FLASH_ErasePage)
    FLASH_GetBank1Status                     0x08000b85   Thumb Code    48  stm32f10x_flash.o(i.FLASH_GetBank1Status)
    FLASH_Lock                               0x08000bb9   Thumb Code    14  stm32f10x_flash.o(i.FLASH_Lock)
    FLASH_ProgramHalfWord                    0x08000bcd   Thumb Code    60  stm32f10x_flash.o(i.FLASH_ProgramHalfWord)
    FLASH_Unlock                             0x08000c0d   Thumb Code    12  stm32f10x_flash.o(i.FLASH_Unlock)
    FLASH_WaitForLastOperation               0x08000c25   Thumb Code    38  stm32f10x_flash.o(i.FLASH_WaitForLastOperation)
    FeedMode                                 0x08000c4d   Thumb Code   456  main.o(i.FeedMode)
    Flash_ReadArray_HalfWord                 0x08000e49   Thumb Code    34  internal_flash.o(i.Flash_ReadArray_HalfWord)
    Flash_ReadHalfWord                       0x08000e6d   Thumb Code    10  internal_flash.o(i.Flash_ReadHalfWord)
    Flash_WriteArray_HalfWord                0x08000e7d   Thumb Code   126  internal_flash.o(i.Flash_WriteArray_HalfWord)
    GPIO_EXTILineConfig                      0x08000f01   Thumb Code    60  stm32f10x_gpio.o(i.GPIO_EXTILineConfig)
    GPIO_Init                                0x08000f41   Thumb Code   278  stm32f10x_gpio.o(i.GPIO_Init)
    GPIO_ReadInputDataBit                    0x08001057   Thumb Code    18  stm32f10x_gpio.o(i.GPIO_ReadInputDataBit)
    GPIO_ReadOutputDataBit                   0x08001069   Thumb Code    18  stm32f10x_gpio.o(i.GPIO_ReadOutputDataBit)
    GPIO_WriteBit                            0x0800107b   Thumb Code    10  stm32f10x_gpio.o(i.GPIO_WriteBit)
    GUI_Init                                 0x08001085   Thumb Code     2  main.o(i.GUI_Init)
    GetData                                  0x08001089   Thumb Code   158  main.o(i.GetData)
    HardFault_Handler                        0x08001149   Thumb Code     4  stm32f10x_it.o(i.HardFault_Handler)
    Init                                     0x0800114d   Thumb Code    46  main.o(i.Init)
    Key_GetNum                               0x08001181   Thumb Code    12  key.o(i.Key_GetNum)
    Key_GetNum2Loop                          0x08001191   Thumb Code   112  key.o(i.Key_GetNum2Loop)
    Key_Init                                 0x0800120d   Thumb Code    92  key.o(i.Key_Init)
    Key_Loop                                 0x08001275   Thumb Code    40  key.o(i.Key_Loop)
    MemManage_Handler                        0x080012a9   Thumb Code     4  stm32f10x_it.o(i.MemManage_Handler)
    NMI_Handler                              0x080012ad   Thumb Code     2  stm32f10x_it.o(i.NMI_Handler)
    NRF24L01_Init                            0x080012b1   Thumb Code   236  nrf24l01.o(i.NRF24L01_Init)
    NRF24L01_ReadByte                        0x080013a5   Thumb Code    42  nrf24l01.o(i.NRF24L01_ReadByte)
    NRF24L01_SetBuf                          0x080013d5   Thumb Code     6  nrf24l01.o(i.NRF24L01_SetBuf)
    NRF24L01_TransmitBuf                     0x080013e1   Thumb Code    16  nrf24l01.o(i.NRF24L01_TransmitBuf)
    NRF24L01_WriteByte                       0x080013f5   Thumb Code    44  nrf24l01.o(i.NRF24L01_WriteByte)
    NRF24L01_WriteData                       0x08001425   Thumb Code    62  nrf24l01.o(i.NRF24L01_WriteData)
    NVIC_Init                                0x08001469   Thumb Code   100  misc.o(i.NVIC_Init)
    NVIC_PriorityGroupConfig                 0x080014d9   Thumb Code    10  misc.o(i.NVIC_PriorityGroupConfig)
    Normal_IRQHandler                        0x080014ed   Thumb Code   166  main.o(i.Normal_IRQHandler)
    OLED_Clear                               0x080015b1   Thumb Code    42  oled.o(i.OLED_Clear)
    OLED_I2C_Init                            0x080015dd   Thumb Code    76  oled.o(i.OLED_I2C_Init)
    OLED_I2C_SendByte                        0x0800162d   Thumb Code    80  oled.o(i.OLED_I2C_SendByte)
    OLED_I2C_Start                           0x08001681   Thumb Code    48  oled.o(i.OLED_I2C_Start)
    OLED_I2C_Stop                            0x080016b5   Thumb Code    36  oled.o(i.OLED_I2C_Stop)
    OLED_Init                                0x080016dd   Thumb Code   174  oled.o(i.OLED_Init)
    OLED_Pow                                 0x0800178b   Thumb Code    20  oled.o(i.OLED_Pow)
    OLED_SetCursor                           0x0800179f   Thumb Code    38  oled.o(i.OLED_SetCursor)
    OLED_ShowChar                            0x080017c5   Thumb Code   110  oled.o(i.OLED_ShowChar)
    OLED_ShowHexNum                          0x08001839   Thumb Code    84  oled.o(i.OLED_ShowHexNum)
    OLED_ShowNum                             0x0800188d   Thumb Code    68  oled.o(i.OLED_ShowNum)
    OLED_ShowSignedNum                       0x080018d1   Thumb Code   102  oled.o(i.OLED_ShowSignedNum)
    OLED_ShowString                          0x08001937   Thumb Code    40  oled.o(i.OLED_ShowString)
    OLED_WriteCommand                        0x0800195f   Thumb Code    32  oled.o(i.OLED_WriteCommand)
    OLED_WriteData                           0x0800197f   Thumb Code    32  oled.o(i.OLED_WriteData)
    OriginalMode                             0x080019a1   Thumb Code   130  main.o(i.OriginalMode)
    OtherMode                                0x08001a5d   Thumb Code    38  main.o(i.OtherMode)
    PendSV_Handler                           0x08001a8d   Thumb Code     2  stm32f10x_it.o(i.PendSV_Handler)
    RCC_ADCCLKConfig                         0x08001a91   Thumb Code    18  stm32f10x_rcc.o(i.RCC_ADCCLKConfig)
    RCC_AHBPeriphClockCmd                    0x08001aa9   Thumb Code    26  stm32f10x_rcc.o(i.RCC_AHBPeriphClockCmd)
    RCC_APB1PeriphClockCmd                   0x08001ac9   Thumb Code    26  stm32f10x_rcc.o(i.RCC_APB1PeriphClockCmd)
    RCC_APB1PeriphResetCmd                   0x08001ae9   Thumb Code    26  stm32f10x_rcc.o(i.RCC_APB1PeriphResetCmd)
    RCC_APB2PeriphClockCmd                   0x08001b09   Thumb Code    26  stm32f10x_rcc.o(i.RCC_APB2PeriphClockCmd)
    RCC_APB2PeriphResetCmd                   0x08001b29   Thumb Code    26  stm32f10x_rcc.o(i.RCC_APB2PeriphResetCmd)
    ReadData                                 0x08001b49   Thumb Code    62  main.o(i.ReadData)
    Rocker_GetNum                            0x08001ba5   Thumb Code    12  rocker.o(i.Rocker_GetNum)
    Rocker_GetNum2Loop                       0x08001bb5   Thumb Code   304  rocker.o(i.Rocker_GetNum2Loop)
    Rocker_Init                              0x08001ced   Thumb Code    12  rocker.o(i.Rocker_Init)
    Rocker_Loop                              0x08001cf9   Thumb Code    40  rocker.o(i.Rocker_Loop)
    SPI1_Init                                0x08001d2d   Thumb Code    86  spi1.o(i.SPI1_Init)
    SPI_Cmd                                  0x08001d89   Thumb Code    24  stm32f10x_spi.o(i.SPI_Cmd)
    SPI_I2S_GetFlagStatus                    0x08001da1   Thumb Code    18  stm32f10x_spi.o(i.SPI_I2S_GetFlagStatus)
    SPI_I2S_ReceiveData                      0x08001db3   Thumb Code     6  stm32f10x_spi.o(i.SPI_I2S_ReceiveData)
    SPI_I2S_SendData                         0x08001db9   Thumb Code     4  stm32f10x_spi.o(i.SPI_I2S_SendData)
    SPI_Init                                 0x08001dbd   Thumb Code    60  stm32f10x_spi.o(i.SPI_Init)
    SPI_SendByte                             0x08001df9   Thumb Code   102  spi1.o(i.SPI_SendByte)
    SVC_Handler                              0x08001e7d   Thumb Code     2  stm32f10x_it.o(i.SVC_Handler)
    Show                                     0x08001f69   Thumb Code   288  main.o(i.Show)
    State2                                   0x080020d5   Thumb Code   516  main.o(i.State2)
    StateGet                                 0x08002335   Thumb Code   102  main.o(i.StateGet)
    StoreData                                0x080023b1   Thumb Code    50  main.o(i.StoreData)
    Switch_GetNum                            0x08002401   Thumb Code     6  switch.o(i.Switch_GetNum)
    Switch_GetNum2Looop                      0x0800240d   Thumb Code    66  switch.o(i.Switch_GetNum2Looop)
    Switch_Init                              0x08002455   Thumb Code    44  switch.o(i.Switch_Init)
    Switch_Loop                              0x08002485   Thumb Code    12  switch.o(i.Switch_Loop)
    SysTick_Handler                          0x08002495   Thumb Code     2  stm32f10x_it.o(i.SysTick_Handler)
    SystemInit                               0x08002499   Thumb Code    78  system_stm32f10x.o(i.SystemInit)
    TIM2_IRQHandler                          0x080024f9   Thumb Code    54  buzzer.o(i.TIM2_IRQHandler)
    TIM2_Init                                0x08002535   Thumb Code   100  tim2.o(i.TIM2_Init)
    TIM3_IRQHandler                          0x08002599   Thumb Code    28  tim3.o(i.TIM3_IRQHandler)
    TIM3_Init                                0x080025bd   Thumb Code   104  tim3.o(i.TIM3_Init)
    TIM3_SetIRQHandler                       0x08002629   Thumb Code     6  tim3.o(i.TIM3_SetIRQHandler)
    TIM_ClearFlag                            0x08002635   Thumb Code     6  stm32f10x_tim.o(i.TIM_ClearFlag)
    TIM_Cmd                                  0x0800263b   Thumb Code    24  stm32f10x_tim.o(i.TIM_Cmd)
    TIM_DeInit                               0x08002655   Thumb Code   424  stm32f10x_tim.o(i.TIM_DeInit)
    TIM_GetFlagStatus                        0x0800283d   Thumb Code    18  stm32f10x_tim.o(i.TIM_GetFlagStatus)
    TIM_ITConfig                             0x0800284f   Thumb Code    18  stm32f10x_tim.o(i.TIM_ITConfig)
    TIM_TimeBaseInit                         0x08002861   Thumb Code   122  stm32f10x_tim.o(i.TIM_TimeBaseInit)
    TX_Mode                                  0x08002905   Thumb Code   104  nrf24l01.o(i.TX_Mode)
    Transmit                                 0x08002975   Thumb Code   134  main.o(i.Transmit)
    TurnMode                                 0x08002a19   Thumb Code   116  main.o(i.TurnMode)
    UsageFault_Handler                       0x08002ac1   Thumb Code     4  stm32f10x_it.o(i.UsageFault_Handler)
    Voltage_Get                              0x08002ac5   Thumb Code   156  main.o(i.Voltage_Get)
    main                                     0x08002b75   Thumb Code   144  main.o(i.main)
    __aeabi_ddiv                             0x08002c19   Thumb Code     0  ddiv.o(x$fpl$ddiv)
    _ddiv                                    0x08002c19   Thumb Code   552  ddiv.o(x$fpl$ddiv)
    __aeabi_d2uiz                            0x08002ec9   Thumb Code     0  dfixu.o(x$fpl$dfixu)
    _dfixu                                   0x08002ec9   Thumb Code    90  dfixu.o(x$fpl$dfixu)
    __aeabi_dmul                             0x08002f25   Thumb Code     0  dmul.o(x$fpl$dmul)
    _dmul                                    0x08002f25   Thumb Code   332  dmul.o(x$fpl$dmul)
    __fpl_dnaninf                            0x08003079   Thumb Code   156  dnaninf.o(x$fpl$dnaninf)
    __fpl_dretinf                            0x08003115   Thumb Code    12  dretinf.o(x$fpl$dretinf)
    __aeabi_f2d                              0x08003121   Thumb Code     0  f2d.o(x$fpl$f2d)
    _f2d                                     0x08003121   Thumb Code    86  f2d.o(x$fpl$f2d)
    __aeabi_fdiv                             0x08003179   Thumb Code     0  fdiv.o(x$fpl$fdiv)
    _fdiv                                    0x08003179   Thumb Code   384  fdiv.o(x$fpl$fdiv)
    __aeabi_f2uiz                            0x080032fd   Thumb Code     0  ffixu.o(x$fpl$ffixu)
    _ffixu                                   0x080032fd   Thumb Code    62  ffixu.o(x$fpl$ffixu)
    __aeabi_ui2f                             0x0800333d   Thumb Code     0  fflt_clz.o(x$fpl$ffltu)
    _ffltu                                   0x0800333d   Thumb Code    38  fflt_clz.o(x$fpl$ffltu)
    __aeabi_fmul                             0x08003365   Thumb Code     0  fmul.o(x$fpl$fmul)
    _fmul                                    0x08003365   Thumb Code   258  fmul.o(x$fpl$fmul)
    __fpl_fnaninf                            0x08003467   Thumb Code   140  fnaninf.o(x$fpl$fnaninf)
    __fpl_fretinf                            0x080034f3   Thumb Code    10  fretinf.o(x$fpl$fretinf)
    OLED_F8x16                               0x080034fc   Data        1520  oled.o(.constdata)
    __I$use$fp                               0x080034fc   Number         0  usenofp.o(x$fpl$usenofp)
    Buzzer_Counter                           0x08003aec   Data          38  buzzer.o(.constdata)
    Region$$Table$$Base                      0x08003b14   Number         0  anon$$obj.o(Region$$Table)
    Region$$Table$$Limit                     0x08003b34   Number         0  anon$$obj.o(Region$$Table)
    ADC_ConvertedValue                       0x20000000   Data           6  dma1.o(.data)
    TIM3_Handler                             0x20000008   Data           4  tim3.o(.data)
    KeyNumer                                 0x20000010   Data           1  key.o(.data)
    Status                                   0x20000016   Data           1  nrf24l01.o(.data)
    TX_ADDRESS                               0x20000017   Data           5  nrf24l01.o(.data)
    RX_BUF                                   0x2000001c   Data           8  nrf24l01.o(.data)
    TX_BUF                                   0x20000024   Data           8  nrf24l01.o(.data)
    Encoder_Count                            0x2000002c   Data           2  encoder.o(.data)
    RockerNumer                              0x2000002e   Data           1  rocker.o(.data)
    SwitchNumer                              0x20000034   Data           1  switch.o(.data)
    T3_BeepTime                              0x20000036   Data           2  buzzer.o(.data)
    Num                                      0x20000038   Data           1  main.o(.data)
    RockerNum                                0x20000039   Data           1  main.o(.data)
    RockerNum_X                              0x2000003a   Data           1  main.o(.data)
    RockerNum_Y                              0x2000003b   Data           1  main.o(.data)
    KeyNum                                   0x2000003c   Data           1  main.o(.data)
    SwitchNum                                0x2000003d   Data           1  main.o(.data)
    BeepNum                                  0x2000003e   Data           1  main.o(.data)
    BuzzerChose                              0x2000003f   Data           1  main.o(.data)
    FeedChose                                0x20000040   Data           1  main.o(.data)
    FeedSwitch                               0x20000041   Data           1  main.o(.data)
    Mode                                     0x20000042   Data           1  main.o(.data)
    Select                                   0x20000043   Data           1  main.o(.data)
    LastSelect                               0x20000044   Data           1  main.o(.data)
    State                                    0x20000045   Data           1  main.o(.data)
    State1                                   0x20000046   Data           1  main.o(.data)
    FeedTime1                                0x20000047   Data           1  main.o(.data)
    FeedTime2                                0x20000048   Data           1  main.o(.data)
    FeedTime3                                0x20000049   Data           1  main.o(.data)
    Info1                                    0x2000004a   Data           1  main.o(.data)
    Info2                                    0x2000004b   Data           1  main.o(.data)
    Info3                                    0x2000004c   Data           1  main.o(.data)
    Info4                                    0x2000004d   Data           1  main.o(.data)
    Voltage                                  0x2000004e   Data           2  main.o(.data)
    FeedTime1Temp                            0x20000050   Data           4  main.o(.data)
    FeedTime2Temp                            0x20000054   Data           4  main.o(.data)
    FeedTime3Temp                            0x20000058   Data           4  main.o(.data)
    FeedTemp                                 0x2000005c   Data           4  main.o(.data)
    EncoderNum                               0x20000060   Data           2  main.o(.data)
    Speed                                    0x20000062   Data           2  main.o(.data)
    StoreArray                               0x20000068   Data          12  main.o(.bss)
    __libspace_start                         0x20000074   Data          96  libspace.o(.bss)
    __temporary_stack_top$libspace           0x200000d4   Data           0  libspace.o(.bss)



==============================================================================

Memory Map of the image

  Image Entry point : 0x080000ed

  Load Region LR_IROM1 (Base: 0x08000000, Size: 0x00003b9c, Max: 0x00010000, ABSOLUTE)

    Execution Region ER_IROM1 (Exec base: 0x08000000, Load base: 0x08000000, Size: 0x00003b34, Max: 0x00010000, ABSOLUTE)

    Exec Addr    Load Addr    Size         Type   Attr      Idx    E Section Name        Object

    0x08000000   0x08000000   0x000000ec   Data   RO            3    RESET               startup_stm32f10x_md.o
    0x080000ec   0x080000ec   0x00000008   Code   RO         4052  * !!!main             c_w.l(__main.o)
    0x080000f4   0x080000f4   0x00000034   Code   RO         4246    !!!scatter          c_w.l(__scatter.o)
    0x08000128   0x08000128   0x0000001a   Code   RO         4248    !!handler_copy      c_w.l(__scatter_copy.o)
    0x08000142   0x08000142   0x00000002   PAD
    0x08000144   0x08000144   0x0000001c   Code   RO         4250    !!handler_zi        c_w.l(__scatter_zi.o)
    0x08000160   0x08000160   0x00000002   Code   RO         4116    .ARM.Collect$$libinit$$00000000  c_w.l(libinit.o)
    0x08000162   0x08000162   0x00000000   Code   RO         4123    .ARM.Collect$$libinit$$00000002  c_w.l(libinit2.o)
    0x08000162   0x08000162   0x00000000   Code   RO         4125    .ARM.Collect$$libinit$$00000004  c_w.l(libinit2.o)
    0x08000162   0x08000162   0x00000000   Code   RO         4128    .ARM.Collect$$libinit$$0000000A  c_w.l(libinit2.o)
    0x08000162   0x08000162   0x00000000   Code   RO         4130    .ARM.Collect$$libinit$$0000000C  c_w.l(libinit2.o)
    0x08000162   0x08000162   0x00000000   Code   RO         4132    .ARM.Collect$$libinit$$0000000E  c_w.l(libinit2.o)
    0x08000162   0x08000162   0x00000000   Code   RO         4135    .ARM.Collect$$libinit$$00000011  c_w.l(libinit2.o)
    0x08000162   0x08000162   0x00000000   Code   RO         4137    .ARM.Collect$$libinit$$00000013  c_w.l(libinit2.o)
    0x08000162   0x08000162   0x00000000   Code   RO         4139    .ARM.Collect$$libinit$$00000015  c_w.l(libinit2.o)
    0x08000162   0x08000162   0x00000000   Code   RO         4141    .ARM.Collect$$libinit$$00000017  c_w.l(libinit2.o)
    0x08000162   0x08000162   0x00000000   Code   RO         4143    .ARM.Collect$$libinit$$00000019  c_w.l(libinit2.o)
    0x08000162   0x08000162   0x00000000   Code   RO         4145    .ARM.Collect$$libinit$$0000001B  c_w.l(libinit2.o)
    0x08000162   0x08000162   0x00000000   Code   RO         4147    .ARM.Collect$$libinit$$0000001D  c_w.l(libinit2.o)
    0x08000162   0x08000162   0x00000000   Code   RO         4149    .ARM.Collect$$libinit$$0000001F  c_w.l(libinit2.o)
    0x08000162   0x08000162   0x00000000   Code   RO         4151    .ARM.Collect$$libinit$$00000021  c_w.l(libinit2.o)
    0x08000162   0x08000162   0x00000000   Code   RO         4153    .ARM.Collect$$libinit$$00000023  c_w.l(libinit2.o)
    0x08000162   0x08000162   0x00000000   Code   RO         4155    .ARM.Collect$$libinit$$00000025  c_w.l(libinit2.o)
    0x08000162   0x08000162   0x00000000   Code   RO         4159    .ARM.Collect$$libinit$$0000002C  c_w.l(libinit2.o)
    0x08000162   0x08000162   0x00000000   Code   RO         4161    .ARM.Collect$$libinit$$0000002E  c_w.l(libinit2.o)
    0x08000162   0x08000162   0x00000000   Code   RO         4163    .ARM.Collect$$libinit$$00000030  c_w.l(libinit2.o)
    0x08000162   0x08000162   0x00000000   Code   RO         4165    .ARM.Collect$$libinit$$00000032  c_w.l(libinit2.o)
    0x08000162   0x08000162   0x00000002   Code   RO         4166    .ARM.Collect$$libinit$$00000033  c_w.l(libinit2.o)
    0x08000164   0x08000164   0x00000002   Code   RO         4186    .ARM.Collect$$libshutdown$$00000000  c_w.l(libshutdown.o)
    0x08000166   0x08000166   0x00000000   Code   RO         4199    .ARM.Collect$$libshutdown$$00000002  c_w.l(libshutdown2.o)
    0x08000166   0x08000166   0x00000000   Code   RO         4201    .ARM.Collect$$libshutdown$$00000004  c_w.l(libshutdown2.o)
    0x08000166   0x08000166   0x00000000   Code   RO         4204    .ARM.Collect$$libshutdown$$00000007  c_w.l(libshutdown2.o)
    0x08000166   0x08000166   0x00000000   Code   RO         4207    .ARM.Collect$$libshutdown$$0000000A  c_w.l(libshutdown2.o)
    0x08000166   0x08000166   0x00000000   Code   RO         4209    .ARM.Collect$$libshutdown$$0000000C  c_w.l(libshutdown2.o)
    0x08000166   0x08000166   0x00000000   Code   RO         4212    .ARM.Collect$$libshutdown$$0000000F  c_w.l(libshutdown2.o)
    0x08000166   0x08000166   0x00000002   Code   RO         4213    .ARM.Collect$$libshutdown$$00000010  c_w.l(libshutdown2.o)
    0x08000168   0x08000168   0x00000000   Code   RO         4082    .ARM.Collect$$rtentry$$00000000  c_w.l(__rtentry.o)
    0x08000168   0x08000168   0x00000000   Code   RO         4093    .ARM.Collect$$rtentry$$00000002  c_w.l(__rtentry2.o)
    0x08000168   0x08000168   0x00000006   Code   RO         4105    .ARM.Collect$$rtentry$$00000004  c_w.l(__rtentry4.o)
    0x0800016e   0x0800016e   0x00000000   Code   RO         4095    .ARM.Collect$$rtentry$$00000009  c_w.l(__rtentry2.o)
    0x0800016e   0x0800016e   0x00000004   Code   RO         4096    .ARM.Collect$$rtentry$$0000000A  c_w.l(__rtentry2.o)
    0x08000172   0x08000172   0x00000000   Code   RO         4098    .ARM.Collect$$rtentry$$0000000C  c_w.l(__rtentry2.o)
    0x08000172   0x08000172   0x00000008   Code   RO         4099    .ARM.Collect$$rtentry$$0000000D  c_w.l(__rtentry2.o)
    0x0800017a   0x0800017a   0x00000002   Code   RO         4120    .ARM.Collect$$rtexit$$00000000  c_w.l(rtexit.o)
    0x0800017c   0x0800017c   0x00000000   Code   RO         4168    .ARM.Collect$$rtexit$$00000002  c_w.l(rtexit2.o)
    0x0800017c   0x0800017c   0x00000004   Code   RO         4169    .ARM.Collect$$rtexit$$00000003  c_w.l(rtexit2.o)
    0x08000180   0x08000180   0x00000006   Code   RO         4170    .ARM.Collect$$rtexit$$00000004  c_w.l(rtexit2.o)
    0x08000186   0x08000186   0x00000002   PAD
    0x08000188   0x08000188   0x00000040   Code   RO            4    .text               startup_stm32f10x_md.o
    0x080001c8   0x080001c8   0x00000006   Code   RO         4050    .text               c_w.l(heapauxi.o)
    0x080001ce   0x080001ce   0x0000004a   Code   RO         4107    .text               c_w.l(sys_stackheap_outer.o)
    0x08000218   0x08000218   0x00000012   Code   RO         4109    .text               c_w.l(exit.o)
    0x0800022a   0x0800022a   0x00000002   PAD
    0x0800022c   0x0800022c   0x00000008   Code   RO         4117    .text               c_w.l(libspace.o)
    0x08000234   0x08000234   0x0000000c   Code   RO         4178    .text               c_w.l(sys_exit.o)
    0x08000240   0x08000240   0x00000002   Code   RO         4189    .text               c_w.l(use_no_semi.o)
    0x08000242   0x08000242   0x00000000   Code   RO         4191    .text               c_w.l(indicate_semi.o)
    0x08000242   0x08000242   0x00000002   PAD
    0x08000244   0x08000244   0x000000c4   Code   RO         3238    i.ADC1_Init         adc1.o
    0x08000308   0x08000308   0x00000016   Code   RO          202    i.ADC_Cmd           stm32f10x_adc.o
    0x0800031e   0x0800031e   0x00000016   Code   RO          203    i.ADC_DMACmd        stm32f10x_adc.o
    0x08000334   0x08000334   0x00000014   Code   RO          210    i.ADC_GetCalibrationStatus  stm32f10x_adc.o
    0x08000348   0x08000348   0x00000014   Code   RO          216    i.ADC_GetResetCalibrationStatus  stm32f10x_adc.o
    0x0800035c   0x0800035c   0x00000050   Code   RO          220    i.ADC_Init          stm32f10x_adc.o
    0x080003ac   0x080003ac   0x000000b8   Code   RO          224    i.ADC_RegularChannelConfig  stm32f10x_adc.o
    0x08000464   0x08000464   0x0000000a   Code   RO          225    i.ADC_ResetCalibration  stm32f10x_adc.o
    0x0800046e   0x0800046e   0x00000016   Code   RO          227    i.ADC_SoftwareStartConvCmd  stm32f10x_adc.o
    0x08000484   0x08000484   0x0000000a   Code   RO          229    i.ADC_StartCalibration  stm32f10x_adc.o
    0x0800048e   0x0800048e   0x00000004   Code   RO         3985    i.BusFault_Handler  stm32f10x_it.o
    0x08000492   0x08000492   0x00000002   PAD
    0x08000494   0x08000494   0x000000fc   Code   RO         3842    i.BuzzerMode        main.o
    0x08000590   0x08000590   0x00000038   Code   RO         3802    i.Buzzer_Init       buzzer.o
    0x080005c8   0x080005c8   0x00000028   Code   RO         3803    i.Buzzer_SetBeep    buzzer.o
    0x080005f0   0x080005f0   0x00000054   Code   RO         3594    i.Check_ACK         nrf24l01.o
    0x08000644   0x08000644   0x0000001c   Code   RO         3804    i.CloseBuzzer       buzzer.o
    0x08000660   0x08000660   0x000000e0   Code   RO         3843    i.CursorControl     main.o
    0x08000740   0x08000740   0x00000060   Code   RO         3220    i.DMA1_Init         dma1.o
    0x080007a0   0x080007a0   0x00000018   Code   RO          911    i.DMA_Cmd           stm32f10x_dma.o
    0x080007b8   0x080007b8   0x0000014c   Code   RO          912    i.DMA_DeInit        stm32f10x_dma.o
    0x08000904   0x08000904   0x0000003c   Code   RO          917    i.DMA_Init          stm32f10x_dma.o
    0x08000940   0x08000940   0x00000002   Code   RO         3986    i.DebugMon_Handler  stm32f10x_it.o
    0x08000942   0x08000942   0x00000002   PAD
    0x08000944   0x08000944   0x00000038   Code   RO         3684    i.EXTI15_10_IRQHandler  encoder.o
    0x0800097c   0x0800097c   0x00000034   Code   RO         3685    i.EXTI1_IRQHandler  encoder.o
    0x080009b0   0x080009b0   0x0000000c   Code   RO          985    i.EXTI_ClearITPendingBit  stm32f10x_exti.o
    0x080009bc   0x080009bc   0x00000028   Code   RO          989    i.EXTI_GetITStatus  stm32f10x_exti.o
    0x080009e4   0x080009e4   0x00000094   Code   RO          990    i.EXTI_Init         stm32f10x_exti.o
    0x08000a78   0x08000a78   0x00000014   Code   RO         3686    i.Encoder_Get       encoder.o
    0x08000a8c   0x08000a8c   0x000000a0   Code   RO         3687    i.Encoder_Init      encoder.o
    0x08000b2c   0x08000b2c   0x0000000c   Code   RO         1041    i.FLASH_ClearFlag   stm32f10x_flash.o
    0x08000b38   0x08000b38   0x0000004c   Code   RO         1046    i.FLASH_ErasePage   stm32f10x_flash.o
    0x08000b84   0x08000b84   0x00000034   Code   RO         1047    i.FLASH_GetBank1Status  stm32f10x_flash.o
    0x08000bb8   0x08000bb8   0x00000014   Code   RO         1056    i.FLASH_Lock        stm32f10x_flash.o
    0x08000bcc   0x08000bcc   0x00000040   Code   RO         1059    i.FLASH_ProgramHalfWord  stm32f10x_flash.o
    0x08000c0c   0x08000c0c   0x00000018   Code   RO         1064    i.FLASH_Unlock      stm32f10x_flash.o
    0x08000c24   0x08000c24   0x00000026   Code   RO         1068    i.FLASH_WaitForLastOperation  stm32f10x_flash.o
    0x08000c4a   0x08000c4a   0x00000002   PAD
    0x08000c4c   0x08000c4c   0x000001fc   Code   RO         3844    i.FeedMode          main.o
    0x08000e48   0x08000e48   0x00000022   Code   RO         3322    i.Flash_ReadArray_HalfWord  internal_flash.o
    0x08000e6a   0x08000e6a   0x00000002   PAD
    0x08000e6c   0x08000e6c   0x00000010   Code   RO         3325    i.Flash_ReadHalfWord  internal_flash.o
    0x08000e7c   0x08000e7c   0x00000084   Code   RO         3328    i.Flash_WriteArray_HalfWord  internal_flash.o
    0x08000f00   0x08000f00   0x00000040   Code   RO         1344    i.GPIO_EXTILineConfig  stm32f10x_gpio.o
    0x08000f40   0x08000f40   0x00000116   Code   RO         1347    i.GPIO_Init         stm32f10x_gpio.o
    0x08001056   0x08001056   0x00000012   Code   RO         1351    i.GPIO_ReadInputDataBit  stm32f10x_gpio.o
    0x08001068   0x08001068   0x00000012   Code   RO         1353    i.GPIO_ReadOutputDataBit  stm32f10x_gpio.o
    0x0800107a   0x0800107a   0x0000000a   Code   RO         1358    i.GPIO_WriteBit     stm32f10x_gpio.o
    0x08001084   0x08001084   0x00000002   Code   RO         3845    i.GUI_Init          main.o
    0x08001086   0x08001086   0x00000002   PAD
    0x08001088   0x08001088   0x000000c0   Code   RO         3846    i.GetData           main.o
    0x08001148   0x08001148   0x00000004   Code   RO         3987    i.HardFault_Handler  stm32f10x_it.o
    0x0800114c   0x0800114c   0x00000034   Code   RO         3847    i.Init              main.o
    0x08001180   0x08001180   0x00000010   Code   RO         3444    i.Key_GetNum        key.o
    0x08001190   0x08001190   0x0000007c   Code   RO         3445    i.Key_GetNum2Loop   key.o
    0x0800120c   0x0800120c   0x00000068   Code   RO         3446    i.Key_Init          key.o
    0x08001274   0x08001274   0x00000034   Code   RO         3447    i.Key_Loop          key.o
    0x080012a8   0x080012a8   0x00000004   Code   RO         3988    i.MemManage_Handler  stm32f10x_it.o
    0x080012ac   0x080012ac   0x00000002   Code   RO         3989    i.NMI_Handler       stm32f10x_it.o
    0x080012ae   0x080012ae   0x00000002   PAD
    0x080012b0   0x080012b0   0x000000f4   Code   RO         3596    i.NRF24L01_Init     nrf24l01.o
    0x080013a4   0x080013a4   0x00000030   Code   RO         3597    i.NRF24L01_ReadByte  nrf24l01.o
    0x080013d4   0x080013d4   0x0000000c   Code   RO         3600    i.NRF24L01_SetBuf   nrf24l01.o
    0x080013e0   0x080013e0   0x00000014   Code   RO         3601    i.NRF24L01_TransmitBuf  nrf24l01.o
    0x080013f4   0x080013f4   0x00000030   Code   RO         3602    i.NRF24L01_WriteByte  nrf24l01.o
    0x08001424   0x08001424   0x00000044   Code   RO         3603    i.NRF24L01_WriteData  nrf24l01.o
    0x08001468   0x08001468   0x00000070   Code   RO          137    i.NVIC_Init         misc.o
    0x080014d8   0x080014d8   0x00000014   Code   RO          138    i.NVIC_PriorityGroupConfig  misc.o
    0x080014ec   0x080014ec   0x000000c4   Code   RO         3848    i.Normal_IRQHandler  main.o
    0x080015b0   0x080015b0   0x0000002a   Code   RO         3486    i.OLED_Clear        oled.o
    0x080015da   0x080015da   0x00000002   PAD
    0x080015dc   0x080015dc   0x00000050   Code   RO         3487    i.OLED_I2C_Init     oled.o
    0x0800162c   0x0800162c   0x00000054   Code   RO         3488    i.OLED_I2C_SendByte  oled.o
    0x08001680   0x08001680   0x00000034   Code   RO         3489    i.OLED_I2C_Start    oled.o
    0x080016b4   0x080016b4   0x00000028   Code   RO         3490    i.OLED_I2C_Stop     oled.o
    0x080016dc   0x080016dc   0x000000ae   Code   RO         3491    i.OLED_Init         oled.o
    0x0800178a   0x0800178a   0x00000014   Code   RO         3492    i.OLED_Pow          oled.o
    0x0800179e   0x0800179e   0x00000026   Code   RO         3493    i.OLED_SetCursor    oled.o
    0x080017c4   0x080017c4   0x00000074   Code   RO         3495    i.OLED_ShowChar     oled.o
    0x08001838   0x08001838   0x00000054   Code   RO         3496    i.OLED_ShowHexNum   oled.o
    0x0800188c   0x0800188c   0x00000044   Code   RO         3497    i.OLED_ShowNum      oled.o
    0x080018d0   0x080018d0   0x00000066   Code   RO         3498    i.OLED_ShowSignedNum  oled.o
    0x08001936   0x08001936   0x00000028   Code   RO         3499    i.OLED_ShowString   oled.o
    0x0800195e   0x0800195e   0x00000020   Code   RO         3500    i.OLED_WriteCommand  oled.o
    0x0800197e   0x0800197e   0x00000020   Code   RO         3501    i.OLED_WriteData    oled.o
    0x0800199e   0x0800199e   0x00000002   PAD
    0x080019a0   0x080019a0   0x000000bc   Code   RO         3849    i.OriginalMode      main.o
    0x08001a5c   0x08001a5c   0x00000030   Code   RO         3850    i.OtherMode         main.o
    0x08001a8c   0x08001a8c   0x00000002   Code   RO         3990    i.PendSV_Handler    stm32f10x_it.o
    0x08001a8e   0x08001a8e   0x00000002   PAD
    0x08001a90   0x08001a90   0x00000018   Code   RO         1773    i.RCC_ADCCLKConfig  stm32f10x_rcc.o
    0x08001aa8   0x08001aa8   0x00000020   Code   RO         1774    i.RCC_AHBPeriphClockCmd  stm32f10x_rcc.o
    0x08001ac8   0x08001ac8   0x00000020   Code   RO         1775    i.RCC_APB1PeriphClockCmd  stm32f10x_rcc.o
    0x08001ae8   0x08001ae8   0x00000020   Code   RO         1776    i.RCC_APB1PeriphResetCmd  stm32f10x_rcc.o
    0x08001b08   0x08001b08   0x00000020   Code   RO         1777    i.RCC_APB2PeriphClockCmd  stm32f10x_rcc.o
    0x08001b28   0x08001b28   0x00000020   Code   RO         1778    i.RCC_APB2PeriphResetCmd  stm32f10x_rcc.o
    0x08001b48   0x08001b48   0x0000005c   Code   RO         3851    i.ReadData          main.o
    0x08001ba4   0x08001ba4   0x00000010   Code   RO         3720    i.Rocker_GetNum     rocker.o
    0x08001bb4   0x08001bb4   0x00000138   Code   RO         3721    i.Rocker_GetNum2Loop  rocker.o
    0x08001cec   0x08001cec   0x0000000c   Code   RO         3722    i.Rocker_Init       rocker.o
    0x08001cf8   0x08001cf8   0x00000034   Code   RO         3723    i.Rocker_Loop       rocker.o
    0x08001d2c   0x08001d2c   0x0000005c   Code   RO         3290    i.SPI1_Init         spi1.o
    0x08001d88   0x08001d88   0x00000018   Code   RO         2263    i.SPI_Cmd           stm32f10x_spi.o
    0x08001da0   0x08001da0   0x00000012   Code   RO         2271    i.SPI_I2S_GetFlagStatus  stm32f10x_spi.o
    0x08001db2   0x08001db2   0x00000006   Code   RO         2274    i.SPI_I2S_ReceiveData  stm32f10x_spi.o
    0x08001db8   0x08001db8   0x00000004   Code   RO         2275    i.SPI_I2S_SendData  stm32f10x_spi.o
    0x08001dbc   0x08001dbc   0x0000003c   Code   RO         2276    i.SPI_Init          stm32f10x_spi.o
    0x08001df8   0x08001df8   0x00000070   Code   RO         3291    i.SPI_SendByte      spi1.o
    0x08001e68   0x08001e68   0x00000014   Code   RO         3292    i.SPI_TIMEOUT_UserCallback  spi1.o
    0x08001e7c   0x08001e7c   0x00000002   Code   RO         3991    i.SVC_Handler       stm32f10x_it.o
    0x08001e7e   0x08001e7e   0x00000008   Code   RO           10    i.SetSysClock       system_stm32f10x.o
    0x08001e86   0x08001e86   0x00000002   PAD
    0x08001e88   0x08001e88   0x000000e0   Code   RO           11    i.SetSysClockTo72   system_stm32f10x.o
    0x08001f68   0x08001f68   0x0000016c   Code   RO         3852    i.Show              main.o
    0x080020d4   0x080020d4   0x00000260   Code   RO         3853    i.State2            main.o
    0x08002334   0x08002334   0x0000007c   Code   RO         3854    i.StateGet          main.o
    0x080023b0   0x080023b0   0x00000050   Code   RO         3855    i.StoreData         main.o
    0x08002400   0x08002400   0x0000000c   Code   RO         3763    i.Switch_GetNum     switch.o
    0x0800240c   0x0800240c   0x00000048   Code   RO         3764    i.Switch_GetNum2Looop  switch.o
    0x08002454   0x08002454   0x00000030   Code   RO         3765    i.Switch_Init       switch.o
    0x08002484   0x08002484   0x00000010   Code   RO         3766    i.Switch_Loop       switch.o
    0x08002494   0x08002494   0x00000002   Code   RO         3992    i.SysTick_Handler   stm32f10x_it.o
    0x08002496   0x08002496   0x00000002   PAD
    0x08002498   0x08002498   0x00000060   Code   RO           13    i.SystemInit        system_stm32f10x.o
    0x080024f8   0x080024f8   0x0000003c   Code   RO         3805    i.TIM2_IRQHandler   buzzer.o
    0x08002534   0x08002534   0x00000064   Code   RO         3384    i.TIM2_Init         tim2.o
    0x08002598   0x08002598   0x00000024   Code   RO         3258    i.TIM3_IRQHandler   tim3.o
    0x080025bc   0x080025bc   0x0000006c   Code   RO         3259    i.TIM3_Init         tim3.o
    0x08002628   0x08002628   0x0000000c   Code   RO         3260    i.TIM3_SetIRQHandler  tim3.o
    0x08002634   0x08002634   0x00000006   Code   RO         2415    i.TIM_ClearFlag     stm32f10x_tim.o
    0x0800263a   0x0800263a   0x00000018   Code   RO         2421    i.TIM_Cmd           stm32f10x_tim.o
    0x08002652   0x08002652   0x00000002   PAD
    0x08002654   0x08002654   0x000001e8   Code   RO         2426    i.TIM_DeInit        stm32f10x_tim.o
    0x0800283c   0x0800283c   0x00000012   Code   RO         2441    i.TIM_GetFlagStatus  stm32f10x_tim.o
    0x0800284e   0x0800284e   0x00000012   Code   RO         2446    i.TIM_ITConfig      stm32f10x_tim.o
    0x08002860   0x08002860   0x000000a4   Code   RO         2492    i.TIM_TimeBaseInit  stm32f10x_tim.o
    0x08002904   0x08002904   0x00000070   Code   RO         3605    i.TX_Mode           nrf24l01.o
    0x08002974   0x08002974   0x000000a4   Code   RO         3856    i.Transmit          main.o
    0x08002a18   0x08002a18   0x000000a8   Code   RO         3857    i.TurnMode          main.o
    0x08002ac0   0x08002ac0   0x00000004   Code   RO         3993    i.UsageFault_Handler  stm32f10x_it.o
    0x08002ac4   0x08002ac4   0x000000b0   Code   RO         3858    i.Voltage_Get       main.o
    0x08002b74   0x08002b74   0x000000a4   Code   RO         3859    i.main              main.o
    0x08002c18   0x08002c18   0x000002b0   Code   RO         4055    x$fpl$ddiv          fz_ws.l(ddiv.o)
    0x08002ec8   0x08002ec8   0x0000005a   Code   RO         4058    x$fpl$dfixu         fz_ws.l(dfixu.o)
    0x08002f22   0x08002f22   0x00000002   PAD
    0x08002f24   0x08002f24   0x00000154   Code   RO         4062    x$fpl$dmul          fz_ws.l(dmul.o)
    0x08003078   0x08003078   0x0000009c   Code   RO         4083    x$fpl$dnaninf       fz_ws.l(dnaninf.o)
    0x08003114   0x08003114   0x0000000c   Code   RO         4085    x$fpl$dretinf       fz_ws.l(dretinf.o)
    0x08003120   0x08003120   0x00000056   Code   RO         4064    x$fpl$f2d           fz_ws.l(f2d.o)
    0x08003176   0x08003176   0x00000002   PAD
    0x08003178   0x08003178   0x00000184   Code   RO         4067    x$fpl$fdiv          fz_ws.l(fdiv.o)
    0x080032fc   0x080032fc   0x0000003e   Code   RO         4070    x$fpl$ffixu         fz_ws.l(ffixu.o)
    0x0800333a   0x0800333a   0x00000002   PAD
    0x0800333c   0x0800333c   0x00000026   Code   RO         4074    x$fpl$ffltu         fz_ws.l(fflt_clz.o)
    0x08003362   0x08003362   0x00000002   PAD
    0x08003364   0x08003364   0x00000102   Code   RO         4080    x$fpl$fmul          fz_ws.l(fmul.o)
    0x08003466   0x08003466   0x0000008c   Code   RO         4087    x$fpl$fnaninf       fz_ws.l(fnaninf.o)
    0x080034f2   0x080034f2   0x0000000a   Code   RO         4089    x$fpl$fretinf       fz_ws.l(fretinf.o)
    0x080034fc   0x080034fc   0x00000000   Code   RO         4091    x$fpl$usenofp       fz_ws.l(usenofp.o)
    0x080034fc   0x080034fc   0x000005f0   Data   RO         3502    .constdata          oled.o
    0x08003aec   0x08003aec   0x00000026   Data   RO         3806    .constdata          buzzer.o
    0x08003b12   0x08003b12   0x00000002   PAD
    0x08003b14   0x08003b14   0x00000020   Data   RO         4244    Region$$Table       anon$$obj.o


    Execution Region RW_IRAM1 (Exec base: 0x20000000, Load base: 0x08003b34, Size: 0x000006d8, Max: 0x00005000, ABSOLUTE)

    Exec Addr    Load Addr    Size         Type   Attr      Idx    E Section Name        Object

    0x20000000   0x08003b34   0x00000006   Data   RW         3221    .data               dma1.o
    0x20000006   0x08003b3a   0x00000002   PAD
    0x20000008   0x08003b3c   0x00000004   Data   RW         3261    .data               tim3.o
    0x2000000c   0x08003b40   0x00000004   Data   RW         3293    .data               spi1.o
    0x20000010   0x08003b44   0x00000006   Data   RW         3448    .data               key.o
    0x20000016   0x08003b4a   0x00000016   Data   RW         3606    .data               nrf24l01.o
    0x2000002c   0x08003b60   0x00000002   Data   RW         3688    .data               encoder.o
    0x2000002e   0x08003b62   0x00000006   Data   RW         3724    .data               rocker.o
    0x20000034   0x08003b68   0x00000001   Data   RW         3767    .data               switch.o
    0x20000035   0x08003b69   0x00000001   PAD
    0x20000036   0x08003b6a   0x00000002   Data   RW         3807    .data               buzzer.o
    0x20000038   0x08003b6c   0x00000030   Data   RW         3861    .data               main.o
    0x20000068        -       0x0000000c   Zero   RW         3860    .bss                main.o
    0x20000074        -       0x00000060   Zero   RW         4118    .bss                c_w.l(libspace.o)
    0x200000d4   0x08003b9c   0x00000004   PAD
    0x200000d8        -       0x00000200   Zero   RW            2    HEAP                startup_stm32f10x_md.o
    0x200002d8        -       0x00000400   Zero   RW            1    STACK               startup_stm32f10x_md.o


==============================================================================

Image component sizes


      Code (inc. data)   RO Data    RW Data    ZI Data      Debug   Object Name

       196         10          0          0          0        596   adc1.o
       184         22         38          2          0       2500   buzzer.o
        96         12          0          6          0       1041   dma1.o
       288         30          0          2          0       2203   encoder.o
       182         12          0          0          0       2376   internal_flash.o
       296         40          0          6          0       2156   key.o
      3602        612          0         48         12      10759   main.o
       132         22          0          0          0     215887   misc.o
       636         52          0         22          0       5143   nrf24l01.o
      1004         22       1520          0          0       8884   oled.o
       392         24          0          6          0       2511   rocker.o
       224         16          0          4          0       2047   spi1.o
        64         26        236          0       1536        816   startup_stm32f10x_md.o
       390         10          0          0          0      17641   stm32f10x_adc.o
       416          8          0          0          0      13038   stm32f10x_dma.o
       200         18          0          0          0       4068   stm32f10x_exti.o
       286         36          0          0          0       9964   stm32f10x_flash.o
       388          4          0          0          0      12471   stm32f10x_gpio.o
        26          0          0          0          0       3694   stm32f10x_it.o
       184         36          0          0          0       3167   stm32f10x_rcc.o
       112          0          0          0          0      10454   stm32f10x_spi.o
       718        106          0          0          0      24273   stm32f10x_tim.o
       148         20          0          1          0       2076   switch.o
       328         28          0          0          0      57961   system_stm32f10x.o
       100          0          0          0          0        520   tim2.o
       156         18          0          4          0       1890   tim3.o

    ----------------------------------------------------------------------
     10772       1184       1828        104       1548     418136   Object Totals
         0          0         32          0          0          0   (incl. Generated)
        24          0          2          3          0          0   (incl. Padding)

    ----------------------------------------------------------------------

      Code (inc. data)   RO Data    RW Data    ZI Data      Debug   Library Member Name

         8          0          0          0          0         68   __main.o
         0          0          0          0          0          0   __rtentry.o
        12          0          0          0          0          0   __rtentry2.o
         6          0          0          0          0          0   __rtentry4.o
        52          8          0          0          0          0   __scatter.o
        26          0          0          0          0          0   __scatter_copy.o
        28          0          0          0          0          0   __scatter_zi.o
        18          0          0          0          0         80   exit.o
         6          0          0          0          0        152   heapauxi.o
         0          0          0          0          0          0   indicate_semi.o
         2          0          0          0          0          0   libinit.o
         2          0          0          0          0          0   libinit2.o
         2          0          0          0          0          0   libshutdown.o
         2          0          0          0          0          0   libshutdown2.o
         8          4          0          0         96         68   libspace.o
         2          0          0          0          0          0   rtexit.o
        10          0          0          0          0          0   rtexit2.o
        12          4          0          0          0         68   sys_exit.o
        74          0          0          0          0         80   sys_stackheap_outer.o
         2          0          0          0          0         68   use_no_semi.o
       688        140          0          0          0        208   ddiv.o
        90          4          0          0          0         92   dfixu.o
       340         12          0          0          0        104   dmul.o
       156          4          0          0          0         92   dnaninf.o
        12          0          0          0          0         68   dretinf.o
        86          4          0          0          0         84   f2d.o
       388         76          0          0          0         96   fdiv.o
        62          4          0          0          0         84   ffixu.o
        38          0          0          0          0         68   fflt_clz.o
       258          4          0          0          0         84   fmul.o
       140          4          0          0          0         84   fnaninf.o
        10          0          0          0          0         68   fretinf.o
         0          0          0          0          0          0   usenofp.o

    ----------------------------------------------------------------------
      2556        268          0          0        100       1716   Library Totals
        16          0          0          0          4          0   (incl. Padding)

    ----------------------------------------------------------------------

      Code (inc. data)   RO Data    RW Data    ZI Data      Debug   Library Name

       272         16          0          0         96        584   c_w.l
      2268        252          0          0          0       1132   fz_ws.l

    ----------------------------------------------------------------------
      2556        268          0          0        100       1716   Library Totals

    ----------------------------------------------------------------------

==============================================================================


      Code (inc. data)   RO Data    RW Data    ZI Data      Debug   

     13328       1452       1828        104       1648     412516   Grand Totals
     13328       1452       1828        104       1648     412516   ELF Image Totals
     13328       1452       1828        104          0          0   ROM Totals

==============================================================================

    Total RO  Size (Code + RO Data)                15156 (  14.80kB)
    Total RW  Size (RW Data + ZI Data)              1752 (   1.71kB)
    Total ROM Size (Code + RO Data + RW Data)      15260 (  14.90kB)

==============================================================================

