Component: ARM Compiler 5.06 update 5 (build 528) Tool: armlink [4d35e2]

==============================================================================

Section Cross References

    startup_stm32f10x_md.o(STACK) refers (Special) to heapauxi.o(.text) for __use_two_region_memory
    startup_stm32f10x_md.o(HEAP) refers (Special) to heapauxi.o(.text) for __use_two_region_memory
    startup_stm32f10x_md.o(RESET) refers (Special) to heapauxi.o(.text) for __use_two_region_memory
    startup_stm32f10x_md.o(RESET) refers to startup_stm32f10x_md.o(STACK) for __initial_sp
    startup_stm32f10x_md.o(RESET) refers to startup_stm32f10x_md.o(.text) for Reset_Handler
    startup_stm32f10x_md.o(RESET) refers to stm32f10x_it.o(i.NMI_Handler) for NMI_Handler
    startup_stm32f10x_md.o(RESET) refers to stm32f10x_it.o(i.HardFault_Handler) for HardFault_Handler
    startup_stm32f10x_md.o(RESET) refers to stm32f10x_it.o(i.MemManage_Handler) for MemManage_Handler
    startup_stm32f10x_md.o(RESET) refers to stm32f10x_it.o(i.BusFault_Handler) for BusFault_Handler
    startup_stm32f10x_md.o(RESET) refers to stm32f10x_it.o(i.UsageFault_Handler) for UsageFault_Handler
    startup_stm32f10x_md.o(RESET) refers to stm32f10x_it.o(i.SVC_Handler) for SVC_Handler
    startup_stm32f10x_md.o(RESET) refers to stm32f10x_it.o(i.DebugMon_Handler) for DebugMon_Handler
    startup_stm32f10x_md.o(RESET) refers to stm32f10x_it.o(i.PendSV_Handler) for PendSV_Handler
    startup_stm32f10x_md.o(RESET) refers to stm32f10x_it.o(i.SysTick_Handler) for SysTick_Handler
    startup_stm32f10x_md.o(RESET) refers to main.o(i.TIM2_IRQHandler) for TIM2_IRQHandler
    startup_stm32f10x_md.o(RESET) refers to hcsr04.o(i.TIM4_IRQHandler) for TIM4_IRQHandler
    startup_stm32f10x_md.o(RESET) refers to usart.o(i.USART1_IRQHandler) for USART1_IRQHandler
    startup_stm32f10x_md.o(.text) refers (Special) to heapauxi.o(.text) for __use_two_region_memory
    startup_stm32f10x_md.o(.text) refers to system_stm32f10x.o(i.SystemInit) for SystemInit
    startup_stm32f10x_md.o(.text) refers to __main.o(!!!main) for __main
    startup_stm32f10x_md.o(.text) refers to startup_stm32f10x_md.o(HEAP) for Heap_Mem
    startup_stm32f10x_md.o(.text) refers to startup_stm32f10x_md.o(STACK) for Stack_Mem
    system_stm32f10x.o(i.SetSysClock) refers to system_stm32f10x.o(i.SetSysClockTo72) for SetSysClockTo72
    system_stm32f10x.o(i.SystemCoreClockUpdate) refers to system_stm32f10x.o(.data) for SystemCoreClock
    system_stm32f10x.o(i.SystemInit) refers to system_stm32f10x.o(i.SetSysClock) for SetSysClock
    stm32f10x_adc.o(i.ADC_DeInit) refers to stm32f10x_rcc.o(i.RCC_APB2PeriphResetCmd) for RCC_APB2PeriphResetCmd
    stm32f10x_bkp.o(i.BKP_DeInit) refers to stm32f10x_rcc.o(i.RCC_BackupResetCmd) for RCC_BackupResetCmd
    stm32f10x_can.o(i.CAN_DeInit) refers to stm32f10x_rcc.o(i.RCC_APB1PeriphResetCmd) for RCC_APB1PeriphResetCmd
    stm32f10x_can.o(i.CAN_GetITStatus) refers to stm32f10x_can.o(i.CheckITStatus) for CheckITStatus
    stm32f10x_cec.o(i.CEC_DeInit) refers to stm32f10x_rcc.o(i.RCC_APB1PeriphResetCmd) for RCC_APB1PeriphResetCmd
    stm32f10x_dac.o(i.DAC_DeInit) refers to stm32f10x_rcc.o(i.RCC_APB1PeriphResetCmd) for RCC_APB1PeriphResetCmd
    stm32f10x_flash.o(i.FLASH_EnableWriteProtection) refers to stm32f10x_flash.o(i.FLASH_WaitForLastOperation) for FLASH_WaitForLastOperation
    stm32f10x_flash.o(i.FLASH_EraseAllBank1Pages) refers to stm32f10x_flash.o(i.FLASH_WaitForLastBank1Operation) for FLASH_WaitForLastBank1Operation
    stm32f10x_flash.o(i.FLASH_EraseAllPages) refers to stm32f10x_flash.o(i.FLASH_WaitForLastOperation) for FLASH_WaitForLastOperation
    stm32f10x_flash.o(i.FLASH_EraseOptionBytes) refers to stm32f10x_flash.o(i.FLASH_GetReadOutProtectionStatus) for FLASH_GetReadOutProtectionStatus
    stm32f10x_flash.o(i.FLASH_EraseOptionBytes) refers to stm32f10x_flash.o(i.FLASH_WaitForLastOperation) for FLASH_WaitForLastOperation
    stm32f10x_flash.o(i.FLASH_ErasePage) refers to stm32f10x_flash.o(i.FLASH_WaitForLastOperation) for FLASH_WaitForLastOperation
    stm32f10x_flash.o(i.FLASH_ProgramHalfWord) refers to stm32f10x_flash.o(i.FLASH_WaitForLastOperation) for FLASH_WaitForLastOperation
    stm32f10x_flash.o(i.FLASH_ProgramOptionByteData) refers to stm32f10x_flash.o(i.FLASH_WaitForLastOperation) for FLASH_WaitForLastOperation
    stm32f10x_flash.o(i.FLASH_ProgramWord) refers to stm32f10x_flash.o(i.FLASH_WaitForLastOperation) for FLASH_WaitForLastOperation
    stm32f10x_flash.o(i.FLASH_ReadOutProtection) refers to stm32f10x_flash.o(i.FLASH_WaitForLastOperation) for FLASH_WaitForLastOperation
    stm32f10x_flash.o(i.FLASH_UserOptionByteConfig) refers to stm32f10x_flash.o(i.FLASH_WaitForLastOperation) for FLASH_WaitForLastOperation
    stm32f10x_flash.o(i.FLASH_WaitForLastBank1Operation) refers to stm32f10x_flash.o(i.FLASH_GetBank1Status) for FLASH_GetBank1Status
[...]
    Library\stm32f10x_dac.c                  0x00000000   Number         0  stm32f10x_dac.o ABSOLUTE
    Library\stm32f10x_dbgmcu.c               0x00000000   Number         0  stm32f10x_dbgmcu.o ABSOLUTE
    Library\stm32f10x_dma.c                  0x00000000   Number         0  stm32f10x_dma.o ABSOLUTE
    Library\stm32f10x_exti.c                 0x00000000   Number         0  stm32f10x_exti.o ABSOLUTE
    Library\stm32f10x_flash.c                0x00000000   Number         0  stm32f10x_flash.o ABSOLUTE
    Library\stm32f10x_fsmc.c                 0x00000000   Number         0  stm32f10x_fsmc.o ABSOLUTE
    Library\stm32f10x_gpio.c                 0x00000000   Number         0  stm32f10x_gpio.o ABSOLUTE
    Library\stm32f10x_i2c.c                  0x00000000   Number         0  stm32f10x_i2c.o ABSOLUTE
    Library\stm32f10x_iwdg.c                 0x00000000   Number         0  stm32f10x_iwdg.o ABSOLUTE
    Library\stm32f10x_pwr.c                  0x00000000   Number         0  stm32f10x_pwr.o ABSOLUTE
    Library\stm32f10x_rcc.c                  0x00000000   Number         0  stm32f10x_rcc.o ABSOLUTE
    Library\stm32f10x_rtc.c                  0x00000000   Number         0  stm32f10x_rtc.o ABSOLUTE
    Library\stm32f10x_sdio.c                 0x00000000   Number         0  stm32f10x_sdio.o ABSOLUTE
    Library\stm32f10x_spi.c                  0x00000000   Number         0  stm32f10x_spi.o ABSOLUTE
    Library\stm32f10x_tim.c                  0x00000000   Number         0  stm32f10x_tim.o ABSOLUTE
    Library\stm32f10x_usart.c                0x00000000   Number         0  stm32f10x_usart.o ABSOLUTE
    Library\stm32f10x_wwdg.c                 0x00000000   Number         0  stm32f10x_wwdg.o ABSOLUTE
    Start\\core_cm3.c                        0x00000000   Number         0  core_cm3.o ABSOLUTE
    Start\core_cm3.c                         0x00000000   Number         0  core_cm3.o ABSOLUTE
    Start\startup_stm32f10x_md.s             0x00000000   Number         0  startup_stm32f10x_md.o ABSOLUTE
    Start\system_stm32f10x.c                 0x00000000   Number         0  system_stm32f10x.o ABSOLUTE
    System\Delay.c                           0x00000000   Number         0  delay.o ABSOLUTE
    System\TIM2.c                            0x00000000   Number         0  tim2.o ABSOLUTE
    System\TIM4.c                            0x00000000   Number         0  tim4.o ABSOLUTE
    System\USART.c                           0x00000000   Number         0  usart.o ABSOLUTE
    User\main.c                              0x00000000   Number         0  main.o ABSOLUTE
    User\stm32f10x_it.c                      0x00000000   Number         0  stm32f10x_it.o ABSOLUTE
    dc.s                                     0x00000000   Number         0  dc.o ABSOLUTE
    RESET                                    0x08000000   Section      236  startup_stm32f10x_md.o(RESET)
    !!!main                                  0x080000ec   Section        8  __main.o(!!!main)
    !!!scatter                               0x080000f4   Section       52  __scatter.o(!!!scatter)
    !!handler_copy                           0x08000128   Section       26  __scatter_copy.o(!!handler_copy)
    !!handler_zi                             0x08000144   Section       28  __scatter_zi.o(!!handler_zi)
    .ARM.Collect$$libinit$$00000000          0x08000160   Section        2  libinit.o(.ARM.Collect$$libinit$$00000000)
    .ARM.Collect$$libinit$$00000002          0x08000162   Section        0  libinit2.o(.ARM.Collect$$libinit$$00000002)
    .ARM.Collect$$libinit$$00000004          0x08000162   Section        0  libinit2.o(.ARM.Collect$$libinit$$00000004)
    .ARM.Collect$$libinit$$0000000A          0x08000162   Section        0  libinit2.o(.ARM.Collect$$libinit$$0000000A)
    .ARM.Collect$$libinit$$0000000C          0x08000162   Section        0  libinit2.o(.ARM.Collect$$libinit$$0000000C)
    .ARM.Collect$$libinit$$0000000E          0x08000162   Section        0  libinit2.o(.ARM.Collect$$libinit$$0000000E)
    .ARM.Collect$$libinit$$00000011          0x08000162   Section        0  libinit2.o(.ARM.Collect$$libinit$$00000011)
    .ARM.Collect$$libinit$$00000013          0x08000162   Section        0  libinit2.o(.ARM.Collect$$libinit$$00000013)
    .ARM.Collect$$libinit$$00000015          0x08000162   Section        0  libinit2.o(.ARM.Collect$$libinit$$00000015)
    .ARM.Collect$$libinit$$00000017          0x08000162   Section        0  libinit2.o(.ARM.Collect$$libinit$$00000017)
    .ARM.Collect$$libinit$$00000019          0x08000162   Section        0  libinit2.o(.ARM.Collect$$libinit$$00000019)
    .ARM.Collect$$libinit$$0000001B          0x08000162   Section        0  libinit2.o(.ARM.Collect$$libinit$$0000001B)
    .ARM.Collect$$libinit$$0000001D          0x08000162   Section        0  libinit2.o(.ARM.Collect$$libinit$$0000001D)
    .ARM.Collect$$libinit$$0000001F          0x08000162   Section        0  libinit2.o(.ARM.Collect$$libinit$$0000001F)
    .ARM.Collect$$libinit$$00000021          0x08000162   Section        0  libinit2.o(.ARM.Collect$$libinit$$00000021)
    .ARM.Collect$$libinit$$00000023          0x08000162   Section        0  libinit2.o(.ARM.Collect$$libinit$$00000023)
    .ARM.Collect$$libinit$$00000025          0x08000162   Section        0  libinit2.o(.ARM.Collect$$libinit$$00000025)
    .ARM.Collect$$libinit$$0000002C          0x08000162   Section        0  libinit2.o(.ARM.Collect$$libinit$$0000002C)
    .ARM.Collect$$libinit$$0000002E          0x08000162   Section        0  libinit2.o(.ARM.Collect$$libinit$$0000002E)
    .ARM.Collect$$libinit$$00000030          0x08000162   Section        0  libinit2.o(.ARM.Collect$$libinit$$00000030)
    .ARM.Collect$$libinit$$00000032          0x08000162   Section        0  libinit2.o(.ARM.Collect$$libinit$$00000032)
    .ARM.Collect$$libinit$$00000033          0x08000162   Section        2  libinit2.o(.ARM.Collect$$libinit$$00000033)
    .ARM.Collect$$libshutdown$$00000000      0x08000164   Section        2  libshutdown.o(.ARM.Collect$$libshutdown$$00000000)
    .ARM.Collect$$libshutdown$$00000002      0x08000166   Section        0  libshutdown2.o(.ARM.Collect$$libshutdown$$00000002)
    .ARM.Collect$$libshutdown$$00000004      0x08000166   Section        0  libshutdown2.o(.ARM.Collect$$libshutdown$$00000004)
    .ARM.Collect$$libshutdown$$00000007      0x08000166   Section        0  libshutdown2.o(.ARM.Collect$$libshutdown$$00000007)
    .ARM.Collect$$libshutdown$$0000000A      0x08000166   Section        0  libshutdown2.o(.ARM.Collect$$libshutdown$$0000000A)
    .ARM.Collect$$libshutdown$$0000000C      0x08000166   Section        0  libshutdown2.o(.ARM.Collect$$libshutdown$$0000000C)
    .ARM.Collect$$libshutdown$$0000000F      0x08000166   Section        0  libshutdown2.o(.ARM.Collect$$libshutdown$$0000000F)
    .ARM.Collect$$libshutdown$$00000010      0x08000166   Section        2  libshutdown2.o(.ARM.Collect$$libshutdown$$00000010)
    .ARM.Collect$$rtentry$$00000000          0x08000168   Section        0  __rtentry.o(.ARM.Collect$$rtentry$$00000000)
    .ARM.Collect$$rtentry$$00000002          0x08000168   Section        0  __rtentry2.o(.ARM.Collect$$rtentry$$00000002)
    .ARM.Collect$$rtentry$$00000004          0x08000168   Section        6  __rtentry4.o(.ARM.Collect$$rtentry$$00000004)
    .ARM.Collect$$rtentry$$00000009          0x0800016e   Section        0  __rtentry2.o(.ARM.Collect$$rtentry$$00000009)
    .ARM.Collect$$rtentry$$0000000A          0x0800016e   Section        4  __rtentry2.o(.ARM.Collect$$rtentry$$0000000A)
    .ARM.Collect$$rtentry$$0000000C          0x08000172   Section        0  __rtentry2.o(.ARM.Collect$$rtentry$$0000000C)
    .ARM.Collect$$rtentry$$0000000D          0x08000172   Section        8  __rtentry2.o(.ARM.Collect$$rtentry$$0000000D)
    .ARM.Collect$$rtexit$$00000000           0x0800017a   Section        2  rtexit.o(.ARM.Collect$$rtexit$$00000000)
    .ARM.Collect$$rtexit$$00000002           0x0800017c   Section        0  rtexit2.o(.ARM.Collect$$rtexit$$00000002)
    .ARM.Collect$$rtexit$$00000003           0x0800017c   Section        4  rtexit2.o(.ARM.Collect$$rtexit$$00000003)
    .ARM.Collect$$rtexit$$00000004           0x08000180   Section        6  rtexit2.o(.ARM.Collect$$rtexit$$00000004)
    .text                                    0x08000188   Section       64  startup_stm32f10x_md.o(.text)
    .text                                    0x080001c8   Section        0  heapauxi.o(.text)
    .text                                    0x080001ce   Section       74  sys_stackheap_outer.o(.text)
    .text                                    0x08000218   Section        0  exit.o(.text)
    .text                                    0x0800022c   Section        8  libspace.o(.text)
    .text                                    0x08000234   Section        0  sys_exit.o(.text)
    .text                                    0x08000240   Section        2  use_no_semi.o(.text)
    .text                                    0x08000242   Section        0  indicate_semi.o(.text)
    i.BusFault_Handler                       0x08000242   Section        0  stm32f10x_it.o(i.BusFault_Handler)
    i.Data_Analyse                           0x08000248   Section        0  main.o(i.Data_Analyse)
    i.DebugMon_Handler                       0x080002cc   Section        0  stm32f10x_it.o(i.DebugMon_Handler)
    i.Delay_ms                               0x080002ce   Section        0  delay.o(i.Delay_ms)
    i.Delay_us                               0x080002e6   Section        0  delay.o(i.Delay_us)
    i.Feeding_Init                           0x08000314   Section        0  feed.o(i.Feeding_Init)
    i.GPIO_Init                              0x08000320   Section        0  stm32f10x_gpio.o(i.GPIO_Init)
    i.GPIO_PinRemapConfig                    0x08000438   Section        0  stm32f10x_gpio.o(i.GPIO_PinRemapConfig)
    i.GPIO_ReadOutputDataBit                 0x080004c8   Section        0  stm32f10x_gpio.o(i.GPIO_ReadOutputDataBit)
    i.GPIO_ResetBits                         0x080004da   Section        0  stm32f10x_gpio.o(i.GPIO_ResetBits)
    i.GPIO_SetBits                           0x080004de   Section        0  stm32f10x_gpio.o(i.GPIO_SetBits)
    i.GPIO_WriteBit                          0x080004e2   Section        0  stm32f10x_gpio.o(i.GPIO_WriteBit)
    i.GetFeedTime                            0x080004ec   Section        0  feed.o(i.GetFeedTime)
    i.Get_BirdNum                            0x08000518   Section        0  feed.o(i.Get_BirdNum)
    i.Get_Distance                           0x08000570   Section        0  feed.o(i.Get_Distance)
    i.HandleData                             0x080005d0   Section        0  main.o(i.HandleData)
    i.HardFault_Handler                      0x08000684   Section        0  stm32f10x_it.o(i.HardFault_Handler)
    i.Hcsr04_GetDistance1                    0x08000688   Section        0  hcsr04.o(i.Hcsr04_GetDistance1)
    i.Hcsr04_GetDistance2                    0x08000728   Section        0  hcsr04.o(i.Hcsr04_GetDistance2)
    i.Hcsr04_GetDistance3                    0x080007c4   Section        0  hcsr04.o(i.Hcsr04_GetDistance3)
    i.Hcsr04_GetDistance4                    0x08000860   Section        0  hcsr04.o(i.Hcsr04_GetDistance4)
    i.Hcsr04_Init                            0x080008fc   Section        0  hcsr04.o(i.Hcsr04_Init)
    i.Init                                   0x08000984   Section        0  main.o(i.Init)
    i.LEDO_OFF                               0x080009ac   Section        0  led.o(i.LEDO_OFF)
    i.LEDO_ON                                0x080009c0   Section        0  led.o(i.LEDO_ON)
    i.LED_Init                               0x080009d4   Section        0  led.o(i.LED_Init)
    i.MemManage_Handler                      0x08000a10   Section        0  stm32f10x_it.o(i.MemManage_Handler)
    i.MonitorFeed                            0x08000a14   Section        0  feed.o(i.MonitorFeed)
    i.NMI_Handler                            0x08000b64   Section        0  stm32f10x_it.o(i.NMI_Handler)
    i.NRF24L01_GetData                       0x08000b68   Section        0  nrf24l01.o(i.NRF24L01_GetData)
    i.NRF24L01_Init                          0x08000b74   Section        0  nrf24l01.o(i.NRF24L01_Init)
    i.NRF24L01_ReadByte                      0x08000cbc   Section        0  nrf24l01.o(i.NRF24L01_ReadByte)
    i.NRF24L01_ReadData                      0x08000cec   Section        0  nrf24l01.o(i.NRF24L01_ReadData)
    i.NRF24L01_ReceiveData                   0x08000d30   Section        0  nrf24l01.o(i.NRF24L01_ReceiveData)
    i.NRF24L01_SetRXBuf                      0x08000d74   Section        0  nrf24l01.o(i.NRF24L01_SetRXBuf)
    i.NRF24L01_WriteByte                     0x08000d80   Section        0  nrf24l01.o(i.NRF24L01_WriteByte)
    i.NRF24L01_WriteData                     0x08000db0   Section        0  nrf24l01.o(i.NRF24L01_WriteData)
    i.NVIC_Configuration                     0x08000df4   Section        0  bsp_usart.o(i.NVIC_Configuration)
    NVIC_Configuration                       0x08000df5   Thumb Code    38  bsp_usart.o(i.NVIC_Configuration)
    i.NVIC_Init                              0x08000e1c   Section        0  misc.o(i.NVIC_Init)
    i.NVIC_PriorityGroupConfig               0x08000e8c   Section        0  misc.o(i.NVIC_PriorityGroupConfig)
    i.OLED_Clear                             0x08000ea0   Section        0  oled.o(i.OLED_Clear)
    i.OLED_I2C_Init                          0x08000ecc   Section        0  oled.o(i.OLED_I2C_Init)
    i.OLED_I2C_SendByte                      0x08000f1c   Section        0  oled.o(i.OLED_I2C_SendByte)
    i.OLED_I2C_Start                         0x08000f70   Section        0  oled.o(i.OLED_I2C_Start)
    i.OLED_I2C_Stop                          0x08000fa4   Section        0  oled.o(i.OLED_I2C_Stop)
    i.OLED_Init                              0x08000fcc   Section        0  oled.o(i.OLED_Init)
    i.OLED_Pow                               0x0800107a   Section        0  oled.o(i.OLED_Pow)
    i.OLED_SetCursor                         0x0800108e   Section        0  oled.o(i.OLED_SetCursor)
    i.OLED_ShowChar                          0x080010b4   Section        0  oled.o(i.OLED_ShowChar)
    i.OLED_ShowHexNum                        0x08001128   Section        0  oled.o(i.OLED_ShowHexNum)
    i.OLED_ShowNum                           0x0800117c   Section        0  oled.o(i.OLED_ShowNum)
    i.OLED_ShowString                        0x080011c0   Section        0  oled.o(i.OLED_ShowString)
    i.OLED_WriteCommand                      0x080011e8   Section        0  oled.o(i.OLED_WriteCommand)
    i.OLED_WriteData                         0x08001208   Section        0  oled.o(i.OLED_WriteData)
    i.PendSV_Handler                         0x08001228   Section        0  stm32f10x_it.o(i.PendSV_Handler)
    i.RCC_APB1PeriphClockCmd                 0x0800122c   Section        0  stm32f10x_rcc.o(i.RCC_APB1PeriphClockCmd)
    i.RCC_APB1PeriphResetCmd                 0x0800124c   Section        0  stm32f10x_rcc.o(i.RCC_APB1PeriphResetCmd)
    i.RCC_APB2PeriphClockCmd                 0x0800126c   Section        0  stm32f10x_rcc.o(i.RCC_APB2PeriphClockCmd)
    i.RCC_APB2PeriphResetCmd                 0x0800128c   Section        0  stm32f10x_rcc.o(i.RCC_APB2PeriphResetCmd)
    i.RCC_GetClocksFreq                      0x080012ac   Section        0  stm32f10x_rcc.o(i.RCC_GetClocksFreq)
    i.RX_Mode                                0x08001380   Section        0  nrf24l01.o(i.RX_Mode)
    i.Relay_Init                             0x080013dc   Section        0  relay.o(i.Relay_Init)
    i.Relay_Set                              0x0800143c   Section        0  relay.o(i.Relay_Set)
    i.Robot_Init                             0x080014b4   Section        0  robot.o(i.Robot_Init)
    i.Robot_Move                             0x08001504   Section        0  robot.o(i.Robot_Move)
    i.SPI_Cmd                                0x08001528   Section        0  stm32f10x_spi.o(i.SPI_Cmd)
    i.SPI_I2S_GetFlagStatus                  0x08001540   Section        0  stm32f10x_spi.o(i.SPI_I2S_GetFlagStatus)
    i.SPI_I2S_ReceiveData                    0x08001552   Section        0  stm32f10x_spi.o(i.SPI_I2S_ReceiveData)
    i.SPI_I2S_SendData                       0x08001558   Section        0  stm32f10x_spi.o(i.SPI_I2S_SendData)
    i.SPI_Init                               0x0800155c   Section        0  stm32f10x_spi.o(i.SPI_Init)
    i.SPI_SendByte                           0x08001598   Section        0  nrf24l01.o(i.SPI_SendByte)
    i.SPI_TIMEOUT_UserCallback               0x08001608   Section        0  nrf24l01.o(i.SPI_TIMEOUT_UserCallback)
    SPI_TIMEOUT_UserCallback                 0x08001609   Thumb Code    20  nrf24l01.o(i.SPI_TIMEOUT_UserCallback)
    i.SVC_Handler                            0x0800161c   Section        0  stm32f10x_it.o(i.SVC_Handler)
    i.SetSysClock                            0x0800161e   Section        0  system_stm32f10x.o(i.SetSysClock)
    SetSysClock                              0x0800161f   Thumb Code     8  system_stm32f10x.o(i.SetSysClock)
    i.SetSysClockTo72                        0x08001628   Section        0  system_stm32f10x.o(i.SetSysClockTo72)
    SetSysClockTo72                          0x08001629   Thumb Code   214  system_stm32f10x.o(i.SetSysClockTo72)
    i.Speed                                  0x08001708   Section        0  main.o(i.Speed)
    i.SpeedConversion                        0x0800171c   Section        0  robot.o(i.SpeedConversion)
    i.StartFeed                              0x0800177c   Section        0  feed.o(i.StartFeed)
    i.State1                                 0x080017c8   Section        0  main.o(i.State1)
    i.State2                                 0x080019f0   Section        0  main.o(i.State2)
    i.State3                                 0x08001b04   Section        0  main.o(i.State3)
    i.SysTick_Handler                        0x08001b7c   Section        0  stm32f10x_it.o(i.SysTick_Handler)
    i.SystemInit                             0x08001b80   Section        0  system_stm32f10x.o(i.SystemInit)
    i.TI1_Config                             0x08001be0   Section        0  stm32f10x_tim.o(i.TI1_Config)
    TI1_Config                               0x08001be1   Thumb Code   108  stm32f10x_tim.o(i.TI1_Config)
    i.TI2_Config                             0x08001c60   Section        0  stm32f10x_tim.o(i.TI2_Config)
    TI2_Config                               0x08001c61   Thumb Code   130  stm32f10x_tim.o(i.TI2_Config)
    i.TI3_Config                             0x08001cf8   Section        0  stm32f10x_tim.o(i.TI3_Config)
    TI3_Config                               0x08001cf9   Thumb Code   122  stm32f10x_tim.o(i.TI3_Config)
    i.TI4_Config                             0x08001d88   Section        0  stm32f10x_tim.o(i.TI4_Config)
    TI4_Config                               0x08001d89   Thumb Code   130  stm32f10x_tim.o(i.TI4_Config)
    i.TIM2_IRQHandler                        0x08001e20   Section        0  main.o(i.TIM2_IRQHandler)
    i.TIM2_Init                              0x08001f50   Section        0  tim2.o(i.TIM2_Init)
    i.TIM4_IRQHandler                        0x08001fb4   Section        0  hcsr04.o(i.TIM4_IRQHandler)
    i.TIM4_Init                              0x0800216c   Section        0  tim4.o(i.TIM4_Init)
    i.TIM_ClearFlag                          0x08002230   Section        0  stm32f10x_tim.o(i.TIM_ClearFlag)
    i.TIM_ClearITPendingBit                  0x08002236   Section        0  stm32f10x_tim.o(i.TIM_ClearITPendingBit)
    i.TIM_Cmd                                0x0800223c   Section        0  stm32f10x_tim.o(i.TIM_Cmd)
    i.TIM_DeInit                             0x08002254   Section        0  stm32f10x_tim.o(i.TIM_DeInit)
    i.TIM_GetCapture1                        0x0800243c   Section        0  stm32f10x_tim.o(i.TIM_GetCapture1)
    i.TIM_GetCapture2                        0x08002442   Section        0  stm32f10x_tim.o(i.TIM_GetCapture2)
    i.TIM_GetCapture3                        0x08002448   Section        0  stm32f10x_tim.o(i.TIM_GetCapture3)
    i.TIM_GetCapture4                        0x0800244e   Section        0  stm32f10x_tim.o(i.TIM_GetCapture4)
    i.TIM_GetFlagStatus                      0x08002456   Section        0  stm32f10x_tim.o(i.TIM_GetFlagStatus)
    i.TIM_ICInit                             0x08002468   Section        0  stm32f10x_tim.o(i.TIM_ICInit)
    i.TIM_ITConfig                           0x08002514   Section        0  stm32f10x_tim.o(i.TIM_ITConfig)
    i.TIM_OC1PolarityConfig                  0x08002526   Section        0  stm32f10x_tim.o(i.TIM_OC1PolarityConfig)
    i.TIM_OC2PolarityConfig                  0x08002538   Section        0  stm32f10x_tim.o(i.TIM_OC2PolarityConfig)
    i.TIM_OC3PolarityConfig                  0x08002552   Section        0  stm32f10x_tim.o(i.TIM_OC3PolarityConfig)
    i.TIM_OC4PolarityConfig                  0x0800256c   Section        0  stm32f10x_tim.o(i.TIM_OC4PolarityConfig)
    i.TIM_SetCounter                         0x08002586   Section        0  stm32f10x_tim.o(i.TIM_SetCounter)
    i.TIM_SetIC1Prescaler                    0x0800258a   Section        0  stm32f10x_tim.o(i.TIM_SetIC1Prescaler)
    i.TIM_SetIC2Prescaler                    0x0800259c   Section        0  stm32f10x_tim.o(i.TIM_SetIC2Prescaler)
    i.TIM_SetIC3Prescaler                    0x080025b6   Section        0  stm32f10x_tim.o(i.TIM_SetIC3Prescaler)
    i.TIM_SetIC4Prescaler                    0x080025c8   Section        0  stm32f10x_tim.o(i.TIM_SetIC4Prescaler)
    i.TIM_TimeBaseInit                       0x080025e4   Section        0  stm32f10x_tim.o(i.TIM_TimeBaseInit)
    i.TSDA_Data                              0x08002688   Section        0  tsda.o(i.TSDA_Data)
    i.TSDA_Order                             0x080026d4   Section        0  tsda.o(i.TSDA_Order)
    i.USART1_Config                          0x0800270c   Section        0  usart.o(i.USART1_Config)
    i.USART1_GetBirdNum                      0x080027c4   Section        0  usart.o(i.USART1_GetBirdNum)
    i.USART1_IRQHandler                      0x080028b8   Section        0  usart.o(i.USART1_IRQHandler)
    i.USART_ClearITPendingBit                0x08002920   Section        0  stm32f10x_usart.o(i.USART_ClearITPendingBit)
    i.USART_Cmd                              0x0800293e   Section        0  stm32f10x_usart.o(i.USART_Cmd)
    i.USART_Config                           0x08002958   Section        0  bsp_usart.o(i.USART_Config)
    i.USART_GetFlagStatus                    0x08002a6c   Section        0  stm32f10x_usart.o(i.USART_GetFlagStatus)
    i.USART_ITConfig                         0x08002a86   Section        0  stm32f10x_usart.o(i.USART_ITConfig)
    i.USART_Init                             0x08002ad0   Section        0  stm32f10x_usart.o(i.USART_Init)
    i.USART_ReceiveData                      0x08002ba8   Section        0  stm32f10x_usart.o(i.USART_ReceiveData)
    i.USART_SendData                         0x08002bb2   Section        0  stm32f10x_usart.o(i.USART_SendData)
    i.UsageFault_Handler                     0x08002bba   Section        0  stm32f10x_it.o(i.UsageFault_Handler)
    i.Usart_SendByte                         0x08002bbe   Section        0  bsp_usart.o(i.Usart_SendByte)
    i.While_Init                             0x08002be0   Section        0  main.o(i.While_Init)
    i.main                                   0x08002d0c   Section        0  main.o(i.main)
    x$fpl$d2f                                0x08002eb8   Section       98  d2f.o(x$fpl$d2f)
    x$fpl$dcmpinf                            0x08002f1a   Section       24  dcmpi.o(x$fpl$dcmpinf)
    x$fpl$ddiv                               0x08002f34   Section      688  ddiv.o(x$fpl$ddiv)
    ddiv_entry                               0x08002f3b   Thumb Code     0  ddiv.o(x$fpl$ddiv)
    x$fpl$dfix                               0x080031e4   Section       94  dfix.o(x$fpl$dfix)
    x$fpl$dflt                               0x08003242   Section       46  dflt_clz.o(x$fpl$dflt)
    x$fpl$dleqf                              0x08003270   Section      120  dleqf.o(x$fpl$dleqf)
    x$fpl$dmul                               0x080032e8   Section      340  dmul.o(x$fpl$dmul)
    x$fpl$dnaninf                            0x0800343c   Section      156  dnaninf.o(x$fpl$dnaninf)
    x$fpl$dretinf                            0x080034d8   Section       12  dretinf.o(x$fpl$dretinf)
    x$fpl$drleqf                             0x080034e4   Section      108  drleqf.o(x$fpl$drleqf)
    x$fpl$f2d                                0x08003550   Section       86  f2d.o(x$fpl$f2d)
    x$fpl$fadd                               0x080035a8   Section      196  faddsub_clz.o(x$fpl$fadd)
    _fadd1                                   0x080035b7   Thumb Code     0  faddsub_clz.o(x$fpl$fadd)
    x$fpl$ffltu                              0x0800366c   Section       38  fflt_clz.o(x$fpl$ffltu)
    x$fpl$fnaninf                            0x08003692   Section      140  fnaninf.o(x$fpl$fnaninf)
    x$fpl$fretinf                            0x0800371e   Section       10  fretinf.o(x$fpl$fretinf)
    x$fpl$fsub                               0x08003728   Section      234  faddsub_clz.o(x$fpl$fsub)
    _fsub1                                   0x08003737   Thumb Code     0  faddsub_clz.o(x$fpl$fsub)
    .constdata                               0x08003812   Section     1520  oled.o(.constdata)
    x$fpl$usenofp                            0x08003812   Section        0  usenofp.o(x$fpl$usenofp)
    .data                                    0x20000000   Section       20  stm32f10x_rcc.o(.data)
    APBAHBPrescTable                         0x20000000   Data          16  stm32f10x_rcc.o(.data)
    ADCPrescTable                            0x20000010   Data           4  stm32f10x_rcc.o(.data)
    .data                                    0x20000014   Section        3  usart.o(.data)
    .data                                    0x20000018   Section       28  nrf24l01.o(.data)
    SPITimeout                               0x20000030   Data           4  nrf24l01.o(.data)
    .data                                    0x20000034   Section       36  hcsr04.o(.data)
    Distance                                 0x20000048   Data           4  hcsr04.o(.data)
    Distance                                 0x2000004c   Data           4  hcsr04.o(.data)
    Distance                                 0x20000050   Data           4  hcsr04.o(.data)
    Distance                                 0x20000054   Data           4  hcsr04.o(.data)
    .data                                    0x20000058   Section       24  feed.o(.data)
    .data                                    0x20000070   Section       54  main.o(.data)
    SwitchNum                                0x200000a0   Data           1  main.o(.data)
    LastSwitchNum                            0x200000a1   Data           1  main.o(.data)
    LastSwitchNum                            0x200000a2   Data           1  main.o(.data)
    NormalNum                                0x200000a3   Data           1  main.o(.data)
    LastLinkFlag                             0x200000a4   Data           1  main.o(.data)
    NowLinkFlag                              0x200000a5   Data           1  main.o(.data)
    .bss                                     0x200000a8   Section       13  usart.o(.bss)
    .bss                                     0x200000b8   Section       16  hcsr04.o(.bss)
    .bss                                     0x200000c8   Section       12  main.o(.bss)
    .bss                                     0x200000d4   Section       96  libspace.o(.bss)
    HEAP                                     0x20000138   Section      512  startup_stm32f10x_md.o(HEAP)
    Heap_Mem                                 0x20000138   Data         512  startup_stm32f10x_md.o(HEAP)
    STACK                                    0x20000338   Section     1024  startup_stm32f10x_md.o(STACK)
    Stack_Mem                                0x20000338   Data        1024  startup_stm32f10x_md.o(STACK)
    __initial_sp                             0x20000738   Data           0  startup_stm32f10x_md.o(STACK)

    Global Symbols

    Symbol Name                              Value     Ov Type        Size  Object(Section)

    BuildAttributes$$THM_ISAv4$P$D$K$B$S$PE$A:L22UL41UL21$X:L11$S22US41US21$IEEE1$IW$USESV6$~STKCKD$USESV7$~SHL$OSPACE$ROPI$EBA8$UX$STANDARDLIB$REQ8$PRES8$EABIv2 0x00000000   Number         0  anon$$obj.o ABSOLUTE
    __ARM_use_no_argv                        0x00000000   Number         0  main.o ABSOLUTE
    __ARM_exceptions_init                     - Undefined Weak Reference
    __alloca_initialize                       - Undefined Weak Reference
    __arm_preinit_                            - Undefined Weak Reference
    __cpp_initialize__aeabi_                  - Undefined Weak Reference
    __cxa_finalize                            - Undefined Weak Reference
    __rt_locale                               - Undefined Weak Reference
    __sigvec_lookup                           - Undefined Weak Reference
    _atexit_init                              - Undefined Weak Reference
    _call_atexit_fns                          - Undefined Weak Reference
    _clock_init                               - Undefined Weak Reference
    _fp_trap_init                             - Undefined Weak Reference
    _fp_trap_shutdown                         - Undefined Weak Reference
    _get_lc_collate                           - Undefined Weak Reference
    _get_lc_ctype                             - Undefined Weak Reference
    _get_lc_monetary                          - Undefined Weak Reference
    _get_lc_numeric                           - Undefined Weak Reference
    _get_lc_time                              - Undefined Weak Reference
    _getenv_init                              - Undefined Weak Reference
    _handle_redirection                       - Undefined Weak Reference
    _init_alloc                               - Undefined Weak Reference
    _init_user_alloc                          - Undefined Weak Reference
    _initio                                   - Undefined Weak Reference
    _rand_init                                - Undefined Weak Reference
    _signal_finish                            - Undefined Weak Reference
    _signal_init                              - Undefined Weak Reference
    _terminate_alloc                          - Undefined Weak Reference
    _terminate_user_alloc                     - Undefined Weak Reference
    _terminateio                              - Undefined Weak Reference
    __Vectors_Size                           0x000000ec   Number         0  startup_stm32f10x_md.o ABSOLUTE
    __Vectors                                0x08000000   Data           4  startup_stm32f10x_md.o(RESET)
    __Vectors_End                            0x080000ec   Data           0  startup_stm32f10x_md.o(RESET)
    __main                                   0x080000ed   Thumb Code     8  __main.o(!!!main)
    __scatterload                            0x080000f5   Thumb Code     0  __scatter.o(!!!scatter)
    __scatterload_rt2                        0x080000f5   Thumb Code    44  __scatter.o(!!!scatter)
    __scatterload_rt2_thumb_only             0x080000f5   Thumb Code     0  __scatter.o(!!!scatter)
    __scatterload_null                       0x08000103   Thumb Code     0  __scatter.o(!!!scatter)
    __scatterload_copy                       0x08000129   Thumb Code    26  __scatter_copy.o(!!handler_copy)
    __scatterload_zeroinit                   0x08000145   Thumb Code    28  __scatter_zi.o(!!handler_zi)
    __rt_lib_init                            0x08000161   Thumb Code     0  libinit.o(.ARM.Collect$$libinit$$00000000)
    __rt_lib_init_alloca_1                   0x08000163   Thumb Code     0  libinit2.o(.ARM.Collect$$libinit$$0000002E)
    __rt_lib_init_argv_1                     0x08000163   Thumb Code     0  libinit2.o(.ARM.Collect$$libinit$$0000002C)
    __rt_lib_init_atexit_1                   0x08000163   Thumb Code     0  libinit2.o(.ARM.Collect$$libinit$$0000001B)
    __rt_lib_init_clock_1                    0x08000163   Thumb Code     0  libinit2.o(.ARM.Collect$$libinit$$00000021)
    __rt_lib_init_cpp_1                      0x08000163   Thumb Code     0  libinit2.o(.ARM.Collect$$libinit$$00000032)
    __rt_lib_init_exceptions_1               0x08000163   Thumb Code     0  libinit2.o(.ARM.Collect$$libinit$$00000030)
    __rt_lib_init_fp_1                       0x08000163   Thumb Code     0  libinit2.o(.ARM.Collect$$libinit$$00000002)
    __rt_lib_init_fp_trap_1                  0x08000163   Thumb Code     0  libinit2.o(.ARM.Collect$$libinit$$0000001F)
    __rt_lib_init_getenv_1                   0x08000163   Thumb Code     0  libinit2.o(.ARM.Collect$$libinit$$00000023)
    __rt_lib_init_heap_1                     0x08000163   Thumb Code     0  libinit2.o(.ARM.Collect$$libinit$$0000000A)
    __rt_lib_init_lc_collate_1               0x08000163   Thumb Code     0  libinit2.o(.ARM.Collect$$libinit$$00000011)
    __rt_lib_init_lc_ctype_1                 0x08000163   Thumb Code     0  libinit2.o(.ARM.Collect$$libinit$$00000013)
    __rt_lib_init_lc_monetary_1              0x08000163   Thumb Code     0  libinit2.o(.ARM.Collect$$libinit$$00000015)
    __rt_lib_init_lc_numeric_1               0x08000163   Thumb Code     0  libinit2.o(.ARM.Collect$$libinit$$00000017)
    __rt_lib_init_lc_time_1                  0x08000163   Thumb Code     0  libinit2.o(.ARM.Collect$$libinit$$00000019)
    __rt_lib_init_preinit_1                  0x08000163   Thumb Code     0  libinit2.o(.ARM.Collect$$libinit$$00000004)
    __rt_lib_init_rand_1                     0x08000163   Thumb Code     0  libinit2.o(.ARM.Collect$$libinit$$0000000E)
    __rt_lib_init_return                     0x08000163   Thumb Code     0  libinit2.o(.ARM.Collect$$libinit$$00000033)
    __rt_lib_init_signal_1                   0x08000163   Thumb Code     0  libinit2.o(.ARM.Collect$$libinit$$0000001D)
    __rt_lib_init_stdio_1                    0x08000163   Thumb Code     0  libinit2.o(.ARM.Collect$$libinit$$00000025)
    __rt_lib_init_user_alloc_1               0x08000163   Thumb Code     0  libinit2.o(.ARM.Collect$$libinit$$0000000C)
    __rt_lib_shutdown                        0x08000165   Thumb Code     0  libshutdown.o(.ARM.Collect$$libshutdown$$00000000)
    __rt_lib_shutdown_cpp_1                  0x08000167   Thumb Code     0  libshutdown2.o(.ARM.Collect$$libshutdown$$00000002)
    __rt_lib_shutdown_fp_trap_1              0x08000167   Thumb Code     0  libshutdown2.o(.ARM.Collect$$libshutdown$$00000007)
    __rt_lib_shutdown_heap_1                 0x08000167   Thumb Code     0  libshutdown2.o(.ARM.Collect$$libshutdown$$0000000F)
    __rt_lib_shutdown_return                 0x08000167   Thumb Code     0  libshutdown2.o(.ARM.Collect$$libshutdown$$00000010)
    __rt_lib_shutdown_signal_1               0x08000167   Thumb Code     0  libshutdown2.o(.ARM.Collect$$libshutdown$$0000000A)
    __rt_lib_shutdown_stdio_1                0x08000167   Thumb Code     0  libshutdown2.o(.ARM.Collect$$libshutdown$$00000004)
    __rt_lib_shutdown_user_alloc_1           0x08000167   Thumb Code     0  libshutdown2.o(.ARM.Collect$$libshutdown$$0000000C)
    __rt_entry                               0x08000169   Thumb Code     0  __rtentry.o(.ARM.Collect$$rtentry$$00000000)
    __rt_entry_presh_1                       0x08000169   Thumb Code     0  __rtentry2.o(.ARM.Collect$$rtentry$$00000002)
    __rt_entry_sh                            0x08000169   Thumb Code     0  __rtentry4.o(.ARM.Collect$$rtentry$$00000004)
    __rt_entry_li                            0x0800016f   Thumb Code     0  __rtentry2.o(.ARM.Collect$$rtentry$$0000000A)
    __rt_entry_postsh_1                      0x0800016f   Thumb Code     0  __rtentry2.o(.ARM.Collect$$rtentry$$00000009)
    __rt_entry_main                          0x08000173   Thumb Code     0  __rtentry2.o(.ARM.Collect$$rtentry$$0000000D)
    __rt_entry_postli_1                      0x08000173   Thumb Code     0  __rtentry2.o(.ARM.Collect$$rtentry$$0000000C)
    __rt_exit                                0x0800017b   Thumb Code     0  rtexit.o(.ARM.Collect$$rtexit$$00000000)
    __rt_exit_ls                             0x0800017d   Thumb Code     0  rtexit2.o(.ARM.Collect$$rtexit$$00000003)
    __rt_exit_prels_1                        0x0800017d   Thumb Code     0  rtexit2.o(.ARM.Collect$$rtexit$$00000002)
    __rt_exit_exit                           0x08000181   Thumb Code     0  rtexit2.o(.ARM.Collect$$rtexit$$00000004)
    Reset_Handler                            0x08000189   Thumb Code     8  startup_stm32f10x_md.o(.text)
    ADC1_2_IRQHandler                        0x080001a3   Thumb Code     0  startup_stm32f10x_md.o(.text)
    CAN1_RX1_IRQHandler                      0x080001a3   Thumb Code     0  startup_stm32f10x_md.o(.text)
    CAN1_SCE_IRQHandler                      0x080001a3   Thumb Code     0  startup_stm32f10x_md.o(.text)
    DMA1_Channel1_IRQHandler                 0x080001a3   Thumb Code     0  startup_stm32f10x_md.o(.text)
    DMA1_Channel2_IRQHandler                 0x080001a3   Thumb Code     0  startup_stm32f10x_md.o(.text)
    DMA1_Channel3_IRQHandler                 0x080001a3   Thumb Code     0  startup_stm32f10x_md.o(.text)
    DMA1_Channel4_IRQHandler                 0x080001a3   Thumb Code     0  startup_stm32f10x_md.o(.text)
    DMA1_Channel5_IRQHandler                 0x080001a3   Thumb Code     0  startup_stm32f10x_md.o(.text)
    DMA1_Channel6_IRQHandler                 0x080001a3   Thumb Code     0  startup_stm32f10x_md.o(.text)
    DMA1_Channel7_IRQHandler                 0x080001a3   Thumb Code     0  startup_stm32f10x_md.o(.text)
    EXTI0_IRQHandler                         0x080001a3   Thumb Code     0  startup_stm32f10x_md.o(.text)
    EXTI15_10_IRQHandler                     0x080001a3   Thumb Code     0  startup_stm32f10x_md.o(.text)
    EXTI1_IRQHandler                         0x080001a3   Thumb Code     0  startup_stm32f10x_md.o(.text)
    EXTI2_IRQHandler                         0x080001a3   Thumb Code     0  startup_stm32f10x_md.o(.text)
    EXTI3_IRQHandler                         0x080001a3   Thumb Code     0  startup_stm32f10x_md.o(.text)
    EXTI4_IRQHandler                         0x080001a3   Thumb Code     0  startup_stm32f10x_md.o(.text)
    EXTI9_5_IRQHandler                       0x080001a3   Thumb Code     0  startup_stm32f10x_md.o(.text)
    FLASH_IRQHandler                         0x080001a3   Thumb Code     0  startup_stm32f10x_md.o(.text)
    I2C1_ER_IRQHandler                       0x080001a3   Thumb Code     0  startup_stm32f10x_md.o(.text)
    I2C1_EV_IRQHandler                       0x080001a3   Thumb Code     0  startup_stm32f10x_md.o(.text)
    I2C2_ER_IRQHandler                       0x080001a3   Thumb Code     0  startup_stm32f10x_md.o(.text)
    I2C2_EV_IRQHandler                       0x080001a3   Thumb Code     0  startup_stm32f10x_md.o(.text)
    PVD_IRQHandler                           0x080001a3   Thumb Code     0  startup_stm32f10x_md.o(.text)
    RCC_IRQHandler                           0x080001a3   Thumb Code     0  startup_stm32f10x_md.o(.text)
    RTCAlarm_IRQHandler                      0x080001a3   Thumb Code     0  startup_stm32f10x_md.o(.text)
    RTC_IRQHandler                           0x080001a3   Thumb Code     0  startup_stm32f10x_md.o(.text)
    SPI1_IRQHandler                          0x080001a3   Thumb Code     0  startup_stm32f10x_md.o(.text)
    SPI2_IRQHandler                          0x080001a3   Thumb Code     0  startup_stm32f10x_md.o(.text)
    TAMPER_IRQHandler                        0x080001a3   Thumb Code     0  startup_stm32f10x_md.o(.text)
    TIM1_BRK_IRQHandler                      0x080001a3   Thumb Code     0  startup_stm32f10x_md.o(.text)
    TIM1_CC_IRQHandler                       0x080001a3   Thumb Code     0  startup_stm32f10x_md.o(.text)
    TIM1_TRG_COM_IRQHandler                  0x080001a3   Thumb Code     0  startup_stm32f10x_md.o(.text)
    TIM1_UP_IRQHandler                       0x080001a3   Thumb Code     0  startup_stm32f10x_md.o(.text)
    TIM3_IRQHandler                          0x080001a3   Thumb Code     0  startup_stm32f10x_md.o(.text)
    USART2_IRQHandler                        0x080001a3   Thumb Code     0  startup_stm32f10x_md.o(.text)
    USART3_IRQHandler                        0x080001a3   Thumb Code     0  startup_stm32f10x_md.o(.text)
    USBWakeUp_IRQHandler                     0x080001a3   Thumb Code     0  startup_stm32f10x_md.o(.text)
    USB_HP_CAN1_TX_IRQHandler                0x080001a3   Thumb Code     0  startup_stm32f10x_md.o(.text)
    USB_LP_CAN1_RX0_IRQHandler               0x080001a3   Thumb Code     0  startup_stm32f10x_md.o(.text)
    WWDG_IRQHandler                          0x080001a3   Thumb Code     0  startup_stm32f10x_md.o(.text)
    __user_initial_stackheap                 0x080001a5   Thumb Code     0  startup_stm32f10x_md.o(.text)
    __use_two_region_memory                  0x080001c9   Thumb Code     2  heapauxi.o(.text)
    __rt_heap_escrow$2region                 0x080001cb   Thumb Code     2  heapauxi.o(.text)
    __rt_heap_expand$2region                 0x080001cd   Thumb Code     2  heapauxi.o(.text)
    __user_setup_stackheap                   0x080001cf   Thumb Code    74  sys_stackheap_outer.o(.text)
    exit                                     0x08000219   Thumb Code    18  exit.o(.text)
    __user_libspace                          0x0800022d   Thumb Code     8  libspace.o(.text)
    __user_perproc_libspace                  0x0800022d   Thumb Code     0  libspace.o(.text)
    __user_perthread_libspace                0x0800022d   Thumb Code     0  libspace.o(.text)
    _sys_exit                                0x08000235   Thumb Code     8  sys_exit.o(.text)
    __I$use$semihosting                      0x08000241   Thumb Code     0  use_no_semi.o(.text)
    __use_no_semihosting_swi                 0x08000241   Thumb Code     2  use_no_semi.o(.text)
    BusFault_Handler                         0x08000243   Thumb Code     4  stm32f10x_it.o(i.BusFault_Handler)
    __semihosting_library_function           0x08000243   Thumb Code     0  indicate_semi.o(.text)
    Data_Analyse                             0x08000249   Thumb Code   108  main.o(i.Data_Analyse)
    DebugMon_Handler                         0x080002cd   Thumb Code     2  stm32f10x_it.o(i.DebugMon_Handler)
    Delay_ms                                 0x080002cf   Thumb Code    24  delay.o(i.Delay_ms)
    Delay_us                                 0x080002e7   Thumb Code    46  delay.o(i.Delay_us)
    Feeding_Init                             0x08000315   Thumb Code    12  feed.o(i.Feeding_Init)
    GPIO_Init                                0x08000321   Thumb Code   278  stm32f10x_gpio.o(i.GPIO_Init)
    GPIO_PinRemapConfig                      0x08000439   Thumb Code   138  stm32f10x_gpio.o(i.GPIO_PinRemapConfig)
    GPIO_ReadOutputDataBit                   0x080004c9   Thumb Code    18  stm32f10x_gpio.o(i.GPIO_ReadOutputDataBit)
    GPIO_ResetBits                           0x080004db   Thumb Code     4  stm32f10x_gpio.o(i.GPIO_ResetBits)
    GPIO_SetBits                             0x080004df   Thumb Code     4  stm32f10x_gpio.o(i.GPIO_SetBits)
    GPIO_WriteBit                            0x080004e3   Thumb Code    10  stm32f10x_gpio.o(i.GPIO_WriteBit)
    GetFeedTime                              0x080004ed   Thumb Code    32  feed.o(i.GetFeedTime)
    Get_BirdNum                              0x08000519   Thumb Code    70  feed.o(i.Get_BirdNum)
    Get_Distance                             0x08000571   Thumb Code    80  feed.o(i.Get_Distance)
    HandleData                               0x080005d1   Thumb Code   150  main.o(i.HandleData)
    HardFault_Handler                        0x08000685   Thumb Code     4  stm32f10x_it.o(i.HardFault_Handler)
    Hcsr04_GetDistance1                      0x08000689   Thumb Code   130  hcsr04.o(i.Hcsr04_GetDistance1)
    Hcsr04_GetDistance2                      0x08000729   Thumb Code   128  hcsr04.o(i.Hcsr04_GetDistance2)
    Hcsr04_GetDistance3                      0x080007c5   Thumb Code   128  hcsr04.o(i.Hcsr04_GetDistance3)
    Hcsr04_GetDistance4                      0x08000861   Thumb Code   128  hcsr04.o(i.Hcsr04_GetDistance4)
    Hcsr04_Init                              0x080008fd   Thumb Code   122  hcsr04.o(i.Hcsr04_Init)
    Init                                     0x08000985   Thumb Code    40  main.o(i.Init)
    LEDO_OFF                                 0x080009ad   Thumb Code    14  led.o(i.LEDO_OFF)
    LEDO_ON                                  0x080009c1   Thumb Code    14  led.o(i.LEDO_ON)
    LED_Init                                 0x080009d5   Thumb Code    54  led.o(i.LED_Init)
    MemManage_Handler                        0x08000a11   Thumb Code     4  stm32f10x_it.o(i.MemManage_Handler)
    MonitorFeed                              0x08000a15   Thumb Code   298  feed.o(i.MonitorFeed)
    NMI_Handler                              0x08000b65   Thumb Code     2  stm32f10x_it.o(i.NMI_Handler)
    NRF24L01_GetData                         0x08000b69   Thumb Code     8  nrf24l01.o(i.NRF24L01_GetData)
    NRF24L01_Init                            0x08000b75   Thumb Code   314  nrf24l01.o(i.NRF24L01_Init)
    NRF24L01_ReadByte                        0x08000cbd   Thumb Code    42  nrf24l01.o(i.NRF24L01_ReadByte)
    NRF24L01_ReadData                        0x08000ced   Thumb Code    64  nrf24l01.o(i.NRF24L01_ReadData)
    NRF24L01_ReceiveData                     0x08000d31   Thumb Code    58  nrf24l01.o(i.NRF24L01_ReceiveData)
    NRF24L01_SetRXBuf                        0x08000d75   Thumb Code     6  nrf24l01.o(i.NRF24L01_SetRXBuf)
    NRF24L01_WriteByte                       0x08000d81   Thumb Code    44  nrf24l01.o(i.NRF24L01_WriteByte)
    NRF24L01_WriteData                       0x08000db1   Thumb Code    62  nrf24l01.o(i.NRF24L01_WriteData)
    NVIC_Init                                0x08000e1d   Thumb Code   100  misc.o(i.NVIC_Init)
    NVIC_PriorityGroupConfig                 0x08000e8d   Thumb Code    10  misc.o(i.NVIC_PriorityGroupConfig)
    OLED_Clear                               0x08000ea1   Thumb Code    42  oled.o(i.OLED_Clear)
    OLED_I2C_Init                            0x08000ecd   Thumb Code    76  oled.o(i.OLED_I2C_Init)
    OLED_I2C_SendByte                        0x08000f1d   Thumb Code    80  oled.o(i.OLED_I2C_SendByte)
    OLED_I2C_Start                           0x08000f71   Thumb Code    48  oled.o(i.OLED_I2C_Start)
    OLED_I2C_Stop                            0x08000fa5   Thumb Code    36  oled.o(i.OLED_I2C_Stop)
    OLED_Init                                0x08000fcd   Thumb Code   174  oled.o(i.OLED_Init)
    OLED_Pow                                 0x0800107b   Thumb Code    20  oled.o(i.OLED_Pow)
    OLED_SetCursor                           0x0800108f   Thumb Code    38  oled.o(i.OLED_SetCursor)
    OLED_ShowChar                            0x080010b5   Thumb Code   110  oled.o(i.OLED_ShowChar)
    OLED_ShowHexNum                          0x08001129   Thumb Code    84  oled.o(i.OLED_ShowHexNum)
    OLED_ShowNum                             0x0800117d   Thumb Code    68  oled.o(i.OLED_ShowNum)
    OLED_ShowString                          0x080011c1   Thumb Code    40  oled.o(i.OLED_ShowString)
    OLED_WriteCommand                        0x080011e9   Thumb Code    32  oled.o(i.OLED_WriteCommand)
    OLED_WriteData                           0x08001209   Thumb Code    32  oled.o(i.OLED_WriteData)
    PendSV_Handler                           0x08001229   Thumb Code     2  stm32f10x_it.o(i.PendSV_Handler)
    RCC_APB1PeriphClockCmd                   0x0800122d   Thumb Code    26  stm32f10x_rcc.o(i.RCC_APB1PeriphClockCmd)
    RCC_APB1PeriphResetCmd                   0x0800124d   Thumb Code    26  stm32f10x_rcc.o(i.RCC_APB1PeriphResetCmd)
    RCC_APB2PeriphClockCmd                   0x0800126d   Thumb Code    26  stm32f10x_rcc.o(i.RCC_APB2PeriphClockCmd)
    RCC_APB2PeriphResetCmd                   0x0800128d   Thumb Code    26  stm32f10x_rcc.o(i.RCC_APB2PeriphResetCmd)
    RCC_GetClocksFreq                        0x080012ad   Thumb Code   192  stm32f10x_rcc.o(i.RCC_GetClocksFreq)
    RX_Mode                                  0x08001381   Thumb Code    82  nrf24l01.o(i.RX_Mode)
    Relay_Init                               0x080013dd   Thumb Code    88  relay.o(i.Relay_Init)
    Relay_Set                                0x0800143d   Thumb Code   116  relay.o(i.Relay_Set)
    Robot_Init                               0x080014b5   Thumb Code    64  robot.o(i.Robot_Init)
    Robot_Move                               0x08001505   Thumb Code    28  robot.o(i.Robot_Move)
    SPI_Cmd                                  0x08001529   Thumb Code    24  stm32f10x_spi.o(i.SPI_Cmd)
    SPI_I2S_GetFlagStatus                    0x08001541   Thumb Code    18  stm32f10x_spi.o(i.SPI_I2S_GetFlagStatus)
    SPI_I2S_ReceiveData                      0x08001553   Thumb Code     6  stm32f10x_spi.o(i.SPI_I2S_ReceiveData)
    SPI_I2S_SendData                         0x08001559   Thumb Code     4  stm32f10x_spi.o(i.SPI_I2S_SendData)
    SPI_Init                                 0x0800155d   Thumb Code    60  stm32f10x_spi.o(i.SPI_Init)
    SPI_SendByte                             0x08001599   Thumb Code   102  nrf24l01.o(i.SPI_SendByte)
    SVC_Handler                              0x0800161d   Thumb Code     2  stm32f10x_it.o(i.SVC_Handler)
    Speed                                    0x08001709   Thumb Code    10  main.o(i.Speed)
    SpeedConversion                          0x0800171d   Thumb Code    86  robot.o(i.SpeedConversion)
    StartFeed                                0x0800177d   Thumb Code    76  feed.o(i.StartFeed)
    State1                                   0x080017c9   Thumb Code   514  main.o(i.State1)
    State2                                   0x080019f1   Thumb Code   234  main.o(i.State2)
    State3                                   0x08001b05   Thumb Code   104  main.o(i.State3)
    SysTick_Handler                          0x08001b7d   Thumb Code     2  stm32f10x_it.o(i.SysTick_Handler)
    SystemInit                               0x08001b81   Thumb Code    78  system_stm32f10x.o(i.SystemInit)
    TIM2_IRQHandler                          0x08001e21   Thumb Code   270  main.o(i.TIM2_IRQHandler)
    TIM2_Init                                0x08001f51   Thumb Code   100  tim2.o(i.TIM2_Init)
    TIM4_IRQHandler                          0x08001fb5   Thumb Code   400  hcsr04.o(i.TIM4_IRQHandler)
    TIM4_Init                                0x0800216d   Thumb Code   192  tim4.o(i.TIM4_Init)
    TIM_ClearFlag                            0x08002231   Thumb Code     6  stm32f10x_tim.o(i.TIM_ClearFlag)
    TIM_ClearITPendingBit                    0x08002237   Thumb Code     6  stm32f10x_tim.o(i.TIM_ClearITPendingBit)
    TIM_Cmd                                  0x0800223d   Thumb Code    24  stm32f10x_tim.o(i.TIM_Cmd)
    TIM_DeInit                               0x08002255   Thumb Code   424  stm32f10x_tim.o(i.TIM_DeInit)
    TIM_GetCapture1                          0x0800243d   Thumb Code     6  stm32f10x_tim.o(i.TIM_GetCapture1)
    TIM_GetCapture2                          0x08002443   Thumb Code     6  stm32f10x_tim.o(i.TIM_GetCapture2)
    TIM_GetCapture3                          0x08002449   Thumb Code     6  stm32f10x_tim.o(i.TIM_GetCapture3)
    TIM_GetCapture4                          0x0800244f   Thumb Code     8  stm32f10x_tim.o(i.TIM_GetCapture4)
    TIM_GetFlagStatus                        0x08002457   Thumb Code    18  stm32f10x_tim.o(i.TIM_GetFlagStatus)
    TIM_ICInit                               0x08002469   Thumb Code   150  stm32f10x_tim.o(i.TIM_ICInit)
    TIM_ITConfig                             0x08002515   Thumb Code    18  stm32f10x_tim.o(i.TIM_ITConfig)
    TIM_OC1PolarityConfig                    0x08002527   Thumb Code    18  stm32f10x_tim.o(i.TIM_OC1PolarityConfig)
    TIM_OC2PolarityConfig                    0x08002539   Thumb Code    26  stm32f10x_tim.o(i.TIM_OC2PolarityConfig)
    TIM_OC3PolarityConfig                    0x08002553   Thumb Code    26  stm32f10x_tim.o(i.TIM_OC3PolarityConfig)
    TIM_OC4PolarityConfig                    0x0800256d   Thumb Code    26  stm32f10x_tim.o(i.TIM_OC4PolarityConfig)
    TIM_SetCounter                           0x08002587   Thumb Code     4  stm32f10x_tim.o(i.TIM_SetCounter)
    TIM_SetIC1Prescaler                      0x0800258b   Thumb Code    18  stm32f10x_tim.o(i.TIM_SetIC1Prescaler)
    TIM_SetIC2Prescaler                      0x0800259d   Thumb Code    26  stm32f10x_tim.o(i.TIM_SetIC2Prescaler)
    TIM_SetIC3Prescaler                      0x080025b7   Thumb Code    18  stm32f10x_tim.o(i.TIM_SetIC3Prescaler)
    TIM_SetIC4Prescaler                      0x080025c9   Thumb Code    26  stm32f10x_tim.o(i.TIM_SetIC4Prescaler)
    TIM_TimeBaseInit                         0x080025e5   Thumb Code   122  stm32f10x_tim.o(i.TIM_TimeBaseInit)
    TSDA_Data                                0x08002689   Thumb Code    76  tsda.o(i.TSDA_Data)
    TSDA_Order                               0x080026d5   Thumb Code    56  tsda.o(i.TSDA_Order)
    USART1_Config                            0x0800270d   Thumb Code   174  usart.o(i.USART1_Config)
    USART1_GetBirdNum                        0x080027c5   Thumb Code   232  usart.o(i.USART1_GetBirdNum)
    USART1_IRQHandler                        0x080028b9   Thumb Code    86  usart.o(i.USART1_IRQHandler)
    USART_ClearITPendingBit                  0x08002921   Thumb Code    30  stm32f10x_usart.o(i.USART_ClearITPendingBit)
    USART_Cmd                                0x0800293f   Thumb Code    24  stm32f10x_usart.o(i.USART_Cmd)
    USART_Config                             0x08002959   Thumb Code   260  bsp_usart.o(i.USART_Config)
    USART_GetFlagStatus                      0x08002a6d   Thumb Code    26  stm32f10x_usart.o(i.USART_GetFlagStatus)
    USART_ITConfig                           0x08002a87   Thumb Code    74  stm32f10x_usart.o(i.USART_ITConfig)
    USART_Init                               0x08002ad1   Thumb Code   210  stm32f10x_usart.o(i.USART_Init)
    USART_ReceiveData                        0x08002ba9   Thumb Code    10  stm32f10x_usart.o(i.USART_ReceiveData)
    USART_SendData                           0x08002bb3   Thumb Code     8  stm32f10x_usart.o(i.USART_SendData)
    UsageFault_Handler                       0x08002bbb   Thumb Code     4  stm32f10x_it.o(i.UsageFault_Handler)
    Usart_SendByte                           0x08002bbf   Thumb Code    34  bsp_usart.o(i.Usart_SendByte)
    While_Init                               0x08002be1   Thumb Code   260  main.o(i.While_Init)
    main                                     0x08002d0d   Thumb Code   342  main.o(i.main)
    __aeabi_d2f                              0x08002eb9   Thumb Code     0  d2f.o(x$fpl$d2f)
    _d2f                                     0x08002eb9   Thumb Code    98  d2f.o(x$fpl$d2f)
    __fpl_dcmp_Inf                           0x08002f1b   Thumb Code    24  dcmpi.o(x$fpl$dcmpinf)
    __aeabi_ddiv                             0x08002f35   Thumb Code     0  ddiv.o(x$fpl$ddiv)
    _ddiv                                    0x08002f35   Thumb Code   552  ddiv.o(x$fpl$ddiv)
    __aeabi_d2iz                             0x080031e5   Thumb Code     0  dfix.o(x$fpl$dfix)
    _dfix                                    0x080031e5   Thumb Code    94  dfix.o(x$fpl$dfix)
    __aeabi_i2d                              0x08003243   Thumb Code     0  dflt_clz.o(x$fpl$dflt)
    _dflt                                    0x08003243   Thumb Code    46  dflt_clz.o(x$fpl$dflt)
    __aeabi_cdcmple                          0x08003271   Thumb Code     0  dleqf.o(x$fpl$dleqf)
    _dcmple                                  0x08003271   Thumb Code   120  dleqf.o(x$fpl$dleqf)
    __fpl_dcmple_InfNaN                      0x080032d3   Thumb Code     0  dleqf.o(x$fpl$dleqf)
    __aeabi_dmul                             0x080032e9   Thumb Code     0  dmul.o(x$fpl$dmul)
    _dmul                                    0x080032e9   Thumb Code   332  dmul.o(x$fpl$dmul)
    __fpl_dnaninf                            0x0800343d   Thumb Code   156  dnaninf.o(x$fpl$dnaninf)
    __fpl_dretinf                            0x080034d9   Thumb Code    12  dretinf.o(x$fpl$dretinf)
    __aeabi_cdrcmple                         0x080034e5   Thumb Code     0  drleqf.o(x$fpl$drleqf)
    _drcmple                                 0x080034e5   Thumb Code   108  drleqf.o(x$fpl$drleqf)
    __aeabi_f2d                              0x08003551   Thumb Code     0  f2d.o(x$fpl$f2d)
    _f2d                                     0x08003551   Thumb Code    86  f2d.o(x$fpl$f2d)
    __aeabi_fadd                             0x080035a9   Thumb Code     0  faddsub_clz.o(x$fpl$fadd)
    _fadd                                    0x080035a9   Thumb Code   196  faddsub_clz.o(x$fpl$fadd)
    __aeabi_ui2f                             0x0800366d   Thumb Code     0  fflt_clz.o(x$fpl$ffltu)
    _ffltu                                   0x0800366d   Thumb Code    38  fflt_clz.o(x$fpl$ffltu)
    __fpl_fnaninf                            0x08003693   Thumb Code   140  fnaninf.o(x$fpl$fnaninf)
    __fpl_fretinf                            0x0800371f   Thumb Code    10  fretinf.o(x$fpl$fretinf)
    __aeabi_fsub                             0x08003729   Thumb Code     0  faddsub_clz.o(x$fpl$fsub)
    _fsub                                    0x08003729   Thumb Code   234  faddsub_clz.o(x$fpl$fsub)
    OLED_F8x16                               0x08003812   Data        1520  oled.o(.constdata)
    __I$use$fp                               0x08003812   Number         0  usenofp.o(x$fpl$usenofp)
    Region$$Table$$Base                      0x08003e04   Number         0  anon$$obj.o(Region$$Table)
    Region$$Table$$Limit                     0x08003e24   Number         0  anon$$obj.o(Region$$Table)
    Data                                     0x20000014   Data           2  usart.o(.data)
    i                                        0x20000016   Data           1  usart.o(.data)
    Status                                   0x20000018   Data           1  nrf24l01.o(.data)
    TX_ADDRESS                               0x20000019   Data           5  nrf24l01.o(.data)
    RX_BUF                                   0x2000001e   Data           8  nrf24l01.o(.data)
    TX_BUF                                   0x20000026   Data           8  nrf24l01.o(.data)
    Up_Down_Flag1                            0x20000034   Data           1  hcsr04.o(.data)
    Up_Down_Flag2                            0x20000035   Data           1  hcsr04.o(.data)
    Up_Down_Flag3                            0x20000036   Data           1  hcsr04.o(.data)
    Up_Down_Flag4                            0x20000037   Data           1  hcsr04.o(.data)
    Hcsr04_Value1                            0x20000038   Data           4  hcsr04.o(.data)
    Hcsr04_Value2                            0x2000003c   Data           4  hcsr04.o(.data)
    Hcsr04_Value3                            0x20000040   Data           4  hcsr04.o(.data)
    Hcsr04_Value4                            0x20000044   Data           4  hcsr04.o(.data)
    Bird1                                    0x20000058   Data           1  feed.o(.data)
    Bird2                                    0x20000059   Data           1  feed.o(.data)
    Bird3                                    0x2000005a   Data           1  feed.o(.data)
    Timeout                                  0x2000005c   Data           4  feed.o(.data)
    Distance1                                0x20000060   Data           4  feed.o(.data)
    Distance2                                0x20000064   Data           4  feed.o(.data)
    Distance3                                0x20000068   Data           4  feed.o(.data)
    Distance4                                0x2000006c   Data           4  feed.o(.data)
    Set_Data                                 0x20000070   Data           2  main.o(.data)
    Set_Speed                                0x20000072   Data           2  main.o(.data)
    Num                                      0x20000074   Data           2  main.o(.data)
    Flag                                     0x20000076   Data           1  main.o(.data)
    Hcsr04_StartFlag                         0x20000077   Data           1  main.o(.data)
    LINK_FLAG                                0x20000078   Data           1  main.o(.data)
    Error                                    0x20000079   Data           1  main.o(.data)
    Info1                                    0x2000007a   Data           1  main.o(.data)
    Info2                                    0x2000007b   Data           1  main.o(.data)
    Info3                                    0x2000007c   Data           1  main.o(.data)
    Info4                                    0x2000007d   Data           1  main.o(.data)
    State0                                   0x2000007e   Data           1  main.o(.data)
    X                                        0x2000007f   Data           1  main.o(.data)
    Y                                        0x20000080   Data           1  main.o(.data)
    Value                                    0x20000081   Data           1  main.o(.data)
    SpeedLeft                                0x20000082   Data           2  main.o(.data)
    SpeedRight                               0x20000084   Data           2  main.o(.data)
    SpeedRight_Robot                         0x20000086   Data           2  main.o(.data)
    SpeedLeft_Robot                          0x20000088   Data           2  main.o(.data)
    LeftCalibration                          0x2000008a   Data           1  main.o(.data)
    RightCalibration                         0x2000008b   Data           1  main.o(.data)
    LeftInversion                            0x2000008c   Data           1  main.o(.data)
    RightInversion                           0x2000008d   Data           1  main.o(.data)
    DataReset                                0x2000008e   Data           1  main.o(.data)
    StopFlag                                 0x2000008f   Data           1  main.o(.data)
    Left                                     0x20000090   Data           1  main.o(.data)
    Right                                    0x20000091   Data           1  main.o(.data)
    State                                    0x20000092   Data           1  main.o(.data)
    feedTime1                                0x20000094   Data           4  main.o(.data)
    feedTime2                                0x20000098   Data           4  main.o(.data)
    feedTime3                                0x2000009c   Data           4  main.o(.data)
    USART_Temp                               0x200000a8   Data          13  usart.o(.bss)
    T4Count                                  0x200000b8   Data          16  hcsr04.o(.bss)
    T2Count                                  0x200000c8   Data          12  main.o(.bss)
    __libspace_start                         0x200000d4   Data          96  libspace.o(.bss)
    __temporary_stack_top$libspace           0x20000134   Data           0  libspace.o(.bss)



==============================================================================

Memory Map of the image

  Image Entry point : 0x080000ed

  Load Region LR_IROM1 (Base: 0x08000000, Size: 0x00003ecc, Max: 0x00010000, ABSOLUTE)

    Execution Region ER_IROM1 (Exec base: 0x08000000, Load base: 0x08000000, Size: 0x00003e24, Max: 0x00010000, ABSOLUTE)

    Exec Addr    Load Addr    Size         Type   Attr      Idx    E Section Name        Object

    0x08000000   0x08000000   0x000000ec   Data   RO            3    RESET               startup_stm32f10x_md.o
    0x080000ec   0x080000ec   0x00000008   Code   RO         3957  * !!!main             c_w.l(__main.o)
    0x080000f4   0x080000f4   0x00000034   Code   RO         4161    !!!scatter          c_w.l(__scatter.o)
    0x08000128   0x08000128   0x0000001a   Code   RO         4163    !!handler_copy      c_w.l(__scatter_copy.o)
    0x08000142   0x08000142   0x00000002   PAD
    0x08000144   0x08000144   0x0000001c   Code   RO         4165    !!handler_zi        c_w.l(__scatter_zi.o)
    0x08000160   0x08000160   0x00000002   Code   RO         4031    .ARM.Collect$$libinit$$00000000  c_w.l(libinit.o)
    0x08000162   0x08000162   0x00000000   Code   RO         4038    .ARM.Collect$$libinit$$00000002  c_w.l(libinit2.o)
    0x08000162   0x08000162   0x00000000   Code   RO         4040    .ARM.Collect$$libinit$$00000004  c_w.l(libinit2.o)
    0x08000162   0x08000162   0x00000000   Code   RO         4043    .ARM.Collect$$libinit$$0000000A  c_w.l(libinit2.o)
    0x08000162   0x08000162   0x00000000   Code   RO         4045    .ARM.Collect$$libinit$$0000000C  c_w.l(libinit2.o)
    0x08000162   0x08000162   0x00000000   Code   RO         4047    .ARM.Collect$$libinit$$0000000E  c_w.l(libinit2.o)
    0x08000162   0x08000162   0x00000000   Code   RO         4050    .ARM.Collect$$libinit$$00000011  c_w.l(libinit2.o)
    0x08000162   0x08000162   0x00000000   Code   RO         4052    .ARM.Collect$$libinit$$00000013  c_w.l(libinit2.o)
    0x08000162   0x08000162   0x00000000   Code   RO         4054    .ARM.Collect$$libinit$$00000015  c_w.l(libinit2.o)
    0x08000162   0x08000162   0x00000000   Code   RO         4056    .ARM.Collect$$libinit$$00000017  c_w.l(libinit2.o)
    0x08000162   0x08000162   0x00000000   Code   RO         4058    .ARM.Collect$$libinit$$00000019  c_w.l(libinit2.o)
    0x08000162   0x08000162   0x00000000   Code   RO         4060    .ARM.Collect$$libinit$$0000001B  c_w.l(libinit2.o)
    0x08000162   0x08000162   0x00000000   Code   RO         4062    .ARM.Collect$$libinit$$0000001D  c_w.l(libinit2.o)
    0x08000162   0x08000162   0x00000000   Code   RO         4064    .ARM.Collect$$libinit$$0000001F  c_w.l(libinit2.o)
    0x08000162   0x08000162   0x00000000   Code   RO         4066    .ARM.Collect$$libinit$$00000021  c_w.l(libinit2.o)
    0x08000162   0x08000162   0x00000000   Code   RO         4068    .ARM.Collect$$libinit$$00000023  c_w.l(libinit2.o)
    0x08000162   0x08000162   0x00000000   Code   RO         4070    .ARM.Collect$$libinit$$00000025  c_w.l(libinit2.o)
    0x08000162   0x08000162   0x00000000   Code   RO         4074    .ARM.Collect$$libinit$$0000002C  c_w.l(libinit2.o)
    0x08000162   0x08000162   0x00000000   Code   RO         4076    .ARM.Collect$$libinit$$0000002E  c_w.l(libinit2.o)
    0x08000162   0x08000162   0x00000000   Code   RO         4078    .ARM.Collect$$libinit$$00000030  c_w.l(libinit2.o)
    0x08000162   0x08000162   0x00000000   Code   RO         4080    .ARM.Collect$$libinit$$00000032  c_w.l(libinit2.o)
    0x08000162   0x08000162   0x00000002   Code   RO         4081    .ARM.Collect$$libinit$$00000033  c_w.l(libinit2.o)
    0x08000164   0x08000164   0x00000002   Code   RO         4101    .ARM.Collect$$libshutdown$$00000000  c_w.l(libshutdown.o)
    0x08000166   0x08000166   0x00000000   Code   RO         4114    .ARM.Collect$$libshutdown$$00000002  c_w.l(libshutdown2.o)
    0x08000166   0x08000166   0x00000000   Code   RO         4116    .ARM.Collect$$libshutdown$$00000004  c_w.l(libshutdown2.o)
    0x08000166   0x08000166   0x00000000   Code   RO         4119    .ARM.Collect$$libshutdown$$00000007  c_w.l(libshutdown2.o)
    0x08000166   0x08000166   0x00000000   Code   RO         4122    .ARM.Collect$$libshutdown$$0000000A  c_w.l(libshutdown2.o)
    0x08000166   0x08000166   0x00000000   Code   RO         4124    .ARM.Collect$$libshutdown$$0000000C  c_w.l(libshutdown2.o)
    0x08000166   0x08000166   0x00000000   Code   RO         4127    .ARM.Collect$$libshutdown$$0000000F  c_w.l(libshutdown2.o)
    0x08000166   0x08000166   0x00000002   Code   RO         4128    .ARM.Collect$$libshutdown$$00000010  c_w.l(libshutdown2.o)
    0x08000168   0x08000168   0x00000000   Code   RO         3995    .ARM.Collect$$rtentry$$00000000  c_w.l(__rtentry.o)
    0x08000168   0x08000168   0x00000000   Code   RO         4008    .ARM.Collect$$rtentry$$00000002  c_w.l(__rtentry2.o)
    0x08000168   0x08000168   0x00000006   Code   RO         4020    .ARM.Collect$$rtentry$$00000004  c_w.l(__rtentry4.o)
    0x0800016e   0x0800016e   0x00000000   Code   RO         4010    .ARM.Collect$$rtentry$$00000009  c_w.l(__rtentry2.o)
    0x0800016e   0x0800016e   0x00000004   Code   RO         4011    .ARM.Collect$$rtentry$$0000000A  c_w.l(__rtentry2.o)
    0x08000172   0x08000172   0x00000000   Code   RO         4013    .ARM.Collect$$rtentry$$0000000C  c_w.l(__rtentry2.o)
    0x08000172   0x08000172   0x00000008   Code   RO         4014    .ARM.Collect$$rtentry$$0000000D  c_w.l(__rtentry2.o)
    0x0800017a   0x0800017a   0x00000002   Code   RO         4035    .ARM.Collect$$rtexit$$00000000  c_w.l(rtexit.o)
    0x0800017c   0x0800017c   0x00000000   Code   RO         4083    .ARM.Collect$$rtexit$$00000002  c_w.l(rtexit2.o)
    0x0800017c   0x0800017c   0x00000004   Code   RO         4084    .ARM.Collect$$rtexit$$00000003  c_w.l(rtexit2.o)
    0x08000180   0x08000180   0x00000006   Code   RO         4085    .ARM.Collect$$rtexit$$00000004  c_w.l(rtexit2.o)
    0x08000186   0x08000186   0x00000002   PAD
    0x08000188   0x08000188   0x00000040   Code   RO            4    .text               startup_stm32f10x_md.o
    0x080001c8   0x080001c8   0x00000006   Code   RO         3955    .text               c_w.l(heapauxi.o)
    0x080001ce   0x080001ce   0x0000004a   Code   RO         4022    .text               c_w.l(sys_stackheap_outer.o)
    0x08000218   0x08000218   0x00000012   Code   RO         4024    .text               c_w.l(exit.o)
    0x0800022a   0x0800022a   0x00000002   PAD
    0x0800022c   0x0800022c   0x00000008   Code   RO         4032    .text               c_w.l(libspace.o)
    0x08000234   0x08000234   0x0000000c   Code   RO         4093    .text               c_w.l(sys_exit.o)
    0x08000240   0x08000240   0x00000002   Code   RO         4104    .text               c_w.l(use_no_semi.o)
    0x08000242   0x08000242   0x00000000   Code   RO         4106    .text               c_w.l(indicate_semi.o)
    0x08000242   0x08000242   0x00000004   Code   RO         3890    i.BusFault_Handler  stm32f10x_it.o
    0x08000246   0x08000246   0x00000002   PAD
    0x08000248   0x08000248   0x00000084   Code   RO         3789    i.Data_Analyse      main.o
    0x080002cc   0x080002cc   0x00000002   Code   RO         3891    i.DebugMon_Handler  stm32f10x_it.o
    0x080002ce   0x080002ce   0x00000018   Code   RO         3196    i.Delay_ms          delay.o
    0x080002e6   0x080002e6   0x0000002e   Code   RO         3198    i.Delay_us          delay.o
    0x08000314   0x08000314   0x0000000c   Code   RO         3737    i.Feeding_Init      feed.o
    0x08000320   0x08000320   0x00000116   Code   RO         1347    i.GPIO_Init         stm32f10x_gpio.o
    0x08000436   0x08000436   0x00000002   PAD
    0x08000438   0x08000438   0x00000090   Code   RO         1349    i.GPIO_PinRemapConfig  stm32f10x_gpio.o
    0x080004c8   0x080004c8   0x00000012   Code   RO         1353    i.GPIO_ReadOutputDataBit  stm32f10x_gpio.o
    0x080004da   0x080004da   0x00000004   Code   RO         1354    i.GPIO_ResetBits    stm32f10x_gpio.o
    0x080004de   0x080004de   0x00000004   Code   RO         1355    i.GPIO_SetBits      stm32f10x_gpio.o
    0x080004e2   0x080004e2   0x0000000a   Code   RO         1358    i.GPIO_WriteBit     stm32f10x_gpio.o
    0x080004ec   0x080004ec   0x0000002c   Code   RO         3738    i.GetFeedTime       feed.o
    0x08000518   0x08000518   0x00000058   Code   RO         3739    i.Get_BirdNum       feed.o
    0x08000570   0x08000570   0x00000060   Code   RO         3740    i.Get_Distance      feed.o
    0x080005d0   0x080005d0   0x000000b4   Code   RO         3790    i.HandleData        main.o
    0x08000684   0x08000684   0x00000004   Code   RO         3892    i.HardFault_Handler  stm32f10x_it.o
    0x08000688   0x08000688   0x000000a0   Code   RO         3682    i.Hcsr04_GetDistance1  hcsr04.o
    0x08000728   0x08000728   0x0000009c   Code   RO         3683    i.Hcsr04_GetDistance2  hcsr04.o
    0x080007c4   0x080007c4   0x0000009c   Code   RO         3684    i.Hcsr04_GetDistance3  hcsr04.o
    0x08000860   0x08000860   0x0000009c   Code   RO         3685    i.Hcsr04_GetDistance4  hcsr04.o
    0x080008fc   0x080008fc   0x00000088   Code   RO         3686    i.Hcsr04_Init       hcsr04.o
    0x08000984   0x08000984   0x00000028   Code   RO         3791    i.Init              main.o
    0x080009ac   0x080009ac   0x00000014   Code   RO         3303    i.LEDO_OFF          led.o
    0x080009c0   0x080009c0   0x00000014   Code   RO         3304    i.LEDO_ON           led.o
    0x080009d4   0x080009d4   0x0000003c   Code   RO         3305    i.LED_Init          led.o
    0x08000a10   0x08000a10   0x00000004   Code   RO         3893    i.MemManage_Handler  stm32f10x_it.o
    0x08000a14   0x08000a14   0x00000150   Code   RO         3741    i.MonitorFeed       feed.o
    0x08000b64   0x08000b64   0x00000002   Code   RO         3894    i.NMI_Handler       stm32f10x_it.o
    0x08000b66   0x08000b66   0x00000002   PAD
    0x08000b68   0x08000b68   0x0000000c   Code   RO         3440    i.NRF24L01_GetData  nrf24l01.o
    0x08000b74   0x08000b74   0x00000148   Code   RO         3441    i.NRF24L01_Init     nrf24l01.o
    0x08000cbc   0x08000cbc   0x00000030   Code   RO         3442    i.NRF24L01_ReadByte  nrf24l01.o
    0x08000cec   0x08000cec   0x00000044   Code   RO         3443    i.NRF24L01_ReadData  nrf24l01.o
    0x08000d30   0x08000d30   0x00000044   Code   RO         3444    i.NRF24L01_ReceiveData  nrf24l01.o
    0x08000d74   0x08000d74   0x0000000c   Code   RO         3446    i.NRF24L01_SetRXBuf  nrf24l01.o
    0x08000d80   0x08000d80   0x00000030   Code   RO         3448    i.NRF24L01_WriteByte  nrf24l01.o
    0x08000db0   0x08000db0   0x00000044   Code   RO         3449    i.NRF24L01_WriteData  nrf24l01.o
    0x08000df4   0x08000df4   0x00000026   Code   RO         3602    i.NVIC_Configuration  bsp_usart.o
    0x08000e1a   0x08000e1a   0x00000002   PAD
    0x08000e1c   0x08000e1c   0x00000070   Code   RO          137    i.NVIC_Init         misc.o
    0x08000e8c   0x08000e8c   0x00000014   Code   RO          138    i.NVIC_PriorityGroupConfig  misc.o
    0x08000ea0   0x08000ea0   0x0000002a   Code   RO         3330    i.OLED_Clear        oled.o
    0x08000eca   0x08000eca   0x00000002   PAD
    0x08000ecc   0x08000ecc   0x00000050   Code   RO         3331    i.OLED_I2C_Init     oled.o
    0x08000f1c   0x08000f1c   0x00000054   Code   RO         3332    i.OLED_I2C_SendByte  oled.o
    0x08000f70   0x08000f70   0x00000034   Code   RO         3333    i.OLED_I2C_Start    oled.o
    0x08000fa4   0x08000fa4   0x00000028   Code   RO         3334    i.OLED_I2C_Stop     oled.o
    0x08000fcc   0x08000fcc   0x000000ae   Code   RO         3335    i.OLED_Init         oled.o
    0x0800107a   0x0800107a   0x00000014   Code   RO         3336    i.OLED_Pow          oled.o
    0x0800108e   0x0800108e   0x00000026   Code   RO         3337    i.OLED_SetCursor    oled.o
    0x080010b4   0x080010b4   0x00000074   Code   RO         3339    i.OLED_ShowChar     oled.o
    0x08001128   0x08001128   0x00000054   Code   RO         3340    i.OLED_ShowHexNum   oled.o
    0x0800117c   0x0800117c   0x00000044   Code   RO         3341    i.OLED_ShowNum      oled.o
    0x080011c0   0x080011c0   0x00000028   Code   RO         3343    i.OLED_ShowString   oled.o
    0x080011e8   0x080011e8   0x00000020   Code   RO         3344    i.OLED_WriteCommand  oled.o
    0x08001208   0x08001208   0x00000020   Code   RO         3345    i.OLED_WriteData    oled.o
    0x08001228   0x08001228   0x00000002   Code   RO         3895    i.PendSV_Handler    stm32f10x_it.o
    0x0800122a   0x0800122a   0x00000002   PAD
    0x0800122c   0x0800122c   0x00000020   Code   RO         1775    i.RCC_APB1PeriphClockCmd  stm32f10x_rcc.o
    0x0800124c   0x0800124c   0x00000020   Code   RO         1776    i.RCC_APB1PeriphResetCmd  stm32f10x_rcc.o
    0x0800126c   0x0800126c   0x00000020   Code   RO         1777    i.RCC_APB2PeriphClockCmd  stm32f10x_rcc.o
    0x0800128c   0x0800128c   0x00000020   Code   RO         1778    i.RCC_APB2PeriphResetCmd  stm32f10x_rcc.o
    0x080012ac   0x080012ac   0x000000d4   Code   RO         1785    i.RCC_GetClocksFreq  stm32f10x_rcc.o
    0x08001380   0x08001380   0x0000005c   Code   RO         3450    i.RX_Mode           nrf24l01.o
    0x080013dc   0x080013dc   0x00000060   Code   RO         3554    i.Relay_Init        relay.o
    0x0800143c   0x0800143c   0x00000078   Code   RO         3555    i.Relay_Set         relay.o
    0x080014b4   0x080014b4   0x00000050   Code   RO         3646    i.Robot_Init        robot.o
    0x08001504   0x08001504   0x00000024   Code   RO         3647    i.Robot_Move        robot.o
    0x08001528   0x08001528   0x00000018   Code   RO         2263    i.SPI_Cmd           stm32f10x_spi.o
    0x08001540   0x08001540   0x00000012   Code   RO         2271    i.SPI_I2S_GetFlagStatus  stm32f10x_spi.o
    0x08001552   0x08001552   0x00000006   Code   RO         2274    i.SPI_I2S_ReceiveData  stm32f10x_spi.o
    0x08001558   0x08001558   0x00000004   Code   RO         2275    i.SPI_I2S_SendData  stm32f10x_spi.o
    0x0800155c   0x0800155c   0x0000003c   Code   RO         2276    i.SPI_Init          stm32f10x_spi.o
    0x08001598   0x08001598   0x00000070   Code   RO         3451    i.SPI_SendByte      nrf24l01.o
    0x08001608   0x08001608   0x00000014   Code   RO         3452    i.SPI_TIMEOUT_UserCallback  nrf24l01.o
    0x0800161c   0x0800161c   0x00000002   Code   RO         3896    i.SVC_Handler       stm32f10x_it.o
    0x0800161e   0x0800161e   0x00000008   Code   RO           10    i.SetSysClock       system_stm32f10x.o
    0x08001626   0x08001626   0x00000002   PAD
    0x08001628   0x08001628   0x000000e0   Code   RO           11    i.SetSysClockTo72   system_stm32f10x.o
    0x08001708   0x08001708   0x00000014   Code   RO         3792    i.Speed             main.o
    0x0800171c   0x0800171c   0x00000060   Code   RO         3649    i.SpeedConversion   robot.o
    0x0800177c   0x0800177c   0x0000004c   Code   RO         3742    i.StartFeed         feed.o
    0x080017c8   0x080017c8   0x00000228   Code   RO         3793    i.State1            main.o
    0x080019f0   0x080019f0   0x00000114   Code   RO         3794    i.State2            main.o
    0x08001b04   0x08001b04   0x00000078   Code   RO         3795    i.State3            main.o
    0x08001b7c   0x08001b7c   0x00000002   Code   RO         3897    i.SysTick_Handler   stm32f10x_it.o
    0x08001b7e   0x08001b7e   0x00000002   PAD
    0x08001b80   0x08001b80   0x00000060   Code   RO           13    i.SystemInit        system_stm32f10x.o
    0x08001be0   0x08001be0   0x00000080   Code   RO         2405    i.TI1_Config        stm32f10x_tim.o
    0x08001c60   0x08001c60   0x00000098   Code   RO         2406    i.TI2_Config        stm32f10x_tim.o
    0x08001cf8   0x08001cf8   0x00000090   Code   RO         2407    i.TI3_Config        stm32f10x_tim.o
    0x08001d88   0x08001d88   0x00000098   Code   RO         2408    i.TI4_Config        stm32f10x_tim.o
    0x08001e20   0x08001e20   0x00000130   Code   RO         3796    i.TIM2_IRQHandler   main.o
    0x08001f50   0x08001f50   0x00000064   Code   RO         3220    i.TIM2_Init         tim2.o
    0x08001fb4   0x08001fb4   0x000001b8   Code   RO         3687    i.TIM4_IRQHandler   hcsr04.o
    0x0800216c   0x0800216c   0x000000c4   Code   RO         3232    i.TIM4_Init         tim4.o
    0x08002230   0x08002230   0x00000006   Code   RO         2415    i.TIM_ClearFlag     stm32f10x_tim.o
    0x08002236   0x08002236   0x00000006   Code   RO         2416    i.TIM_ClearITPendingBit  stm32f10x_tim.o
    0x0800223c   0x0800223c   0x00000018   Code   RO         2421    i.TIM_Cmd           stm32f10x_tim.o
    0x08002254   0x08002254   0x000001e8   Code   RO         2426    i.TIM_DeInit        stm32f10x_tim.o
    0x0800243c   0x0800243c   0x00000006   Code   RO         2436    i.TIM_GetCapture1   stm32f10x_tim.o
    0x08002442   0x08002442   0x00000006   Code   RO         2437    i.TIM_GetCapture2   stm32f10x_tim.o
    0x08002448   0x08002448   0x00000006   Code   RO         2438    i.TIM_GetCapture3   stm32f10x_tim.o
    0x0800244e   0x0800244e   0x00000008   Code   RO         2439    i.TIM_GetCapture4   stm32f10x_tim.o
    0x08002456   0x08002456   0x00000012   Code   RO         2441    i.TIM_GetFlagStatus  stm32f10x_tim.o
    0x08002468   0x08002468   0x000000ac   Code   RO         2444    i.TIM_ICInit        stm32f10x_tim.o
    0x08002514   0x08002514   0x00000012   Code   RO         2446    i.TIM_ITConfig      stm32f10x_tim.o
    0x08002526   0x08002526   0x00000012   Code   RO         2452    i.TIM_OC1PolarityConfig  stm32f10x_tim.o
    0x08002538   0x08002538   0x0000001a   Code   RO         2457    i.TIM_OC2PolarityConfig  stm32f10x_tim.o
    0x08002552   0x08002552   0x0000001a   Code   RO         2462    i.TIM_OC3PolarityConfig  stm32f10x_tim.o
    0x0800256c   0x0800256c   0x0000001a   Code   RO         2466    i.TIM_OC4PolarityConfig  stm32f10x_tim.o
    0x08002586   0x08002586   0x00000004   Code   RO         2486    i.TIM_SetCounter    stm32f10x_tim.o
    0x0800258a   0x0800258a   0x00000012   Code   RO         2487    i.TIM_SetIC1Prescaler  stm32f10x_tim.o
    0x0800259c   0x0800259c   0x0000001a   Code   RO         2488    i.TIM_SetIC2Prescaler  stm32f10x_tim.o
    0x080025b6   0x080025b6   0x00000012   Code   RO         2489    i.TIM_SetIC3Prescaler  stm32f10x_tim.o
    0x080025c8   0x080025c8   0x0000001a   Code   RO         2490    i.TIM_SetIC4Prescaler  stm32f10x_tim.o
    0x080025e2   0x080025e2   0x00000002   PAD
    0x080025e4   0x080025e4   0x000000a4   Code   RO         2492    i.TIM_TimeBaseInit  stm32f10x_tim.o
    0x08002688   0x08002688   0x0000004c   Code   RO         3572    i.TSDA_Data         tsda.o
    0x080026d4   0x080026d4   0x00000038   Code   RO         3573    i.TSDA_Order        tsda.o
    0x0800270c   0x0800270c   0x000000b8   Code   RO         3244    i.USART1_Config     usart.o
    0x080027c4   0x080027c4   0x000000f4   Code   RO         3245    i.USART1_GetBirdNum  usart.o
    0x080028b8   0x080028b8   0x00000068   Code   RO         3246    i.USART1_IRQHandler  usart.o
    0x08002920   0x08002920   0x0000001e   Code   RO         2957    i.USART_ClearITPendingBit  stm32f10x_usart.o
    0x0800293e   0x0800293e   0x00000018   Code   RO         2960    i.USART_Cmd         stm32f10x_usart.o
    0x08002956   0x08002956   0x00000002   PAD
    0x08002958   0x08002958   0x00000114   Code   RO         3603    i.USART_Config      bsp_usart.o
    0x08002a6c   0x08002a6c   0x0000001a   Code   RO         2963    i.USART_GetFlagStatus  stm32f10x_usart.o
    0x08002a86   0x08002a86   0x0000004a   Code   RO         2966    i.USART_ITConfig    stm32f10x_usart.o
    0x08002ad0   0x08002ad0   0x000000d8   Code   RO         2967    i.USART_Init        stm32f10x_usart.o
    0x08002ba8   0x08002ba8   0x0000000a   Code   RO         2974    i.USART_ReceiveData  stm32f10x_usart.o
    0x08002bb2   0x08002bb2   0x00000008   Code   RO         2977    i.USART_SendData    stm32f10x_usart.o
    0x08002bba   0x08002bba   0x00000004   Code   RO         3898    i.UsageFault_Handler  stm32f10x_it.o
    0x08002bbe   0x08002bbe   0x00000022   Code   RO         3605    i.Usart_SendByte    bsp_usart.o
    0x08002be0   0x08002be0   0x0000012c   Code   RO         3797    i.While_Init        main.o
    0x08002d0c   0x08002d0c   0x000001ac   Code   RO         3798    i.main              main.o
    0x08002eb8   0x08002eb8   0x00000062   Code   RO         3959    x$fpl$d2f           fz_ws.l(d2f.o)
    0x08002f1a   0x08002f1a   0x00000018   Code   RO         3996    x$fpl$dcmpinf       fz_ws.l(dcmpi.o)
    0x08002f32   0x08002f32   0x00000002   PAD
    0x08002f34   0x08002f34   0x000002b0   Code   RO         3962    x$fpl$ddiv          fz_ws.l(ddiv.o)
    0x080031e4   0x080031e4   0x0000005e   Code   RO         3965    x$fpl$dfix          fz_ws.l(dfix.o)
    0x08003242   0x08003242   0x0000002e   Code   RO         3970    x$fpl$dflt          fz_ws.l(dflt_clz.o)
    0x08003270   0x08003270   0x00000078   Code   RO         3975    x$fpl$dleqf         fz_ws.l(dleqf.o)
    0x080032e8   0x080032e8   0x00000154   Code   RO         3977    x$fpl$dmul          fz_ws.l(dmul.o)
    0x0800343c   0x0800343c   0x0000009c   Code   RO         3998    x$fpl$dnaninf       fz_ws.l(dnaninf.o)
    0x080034d8   0x080034d8   0x0000000c   Code   RO         4000    x$fpl$dretinf       fz_ws.l(dretinf.o)
    0x080034e4   0x080034e4   0x0000006c   Code   RO         3979    x$fpl$drleqf        fz_ws.l(drleqf.o)
    0x08003550   0x08003550   0x00000056   Code   RO         3981    x$fpl$f2d           fz_ws.l(f2d.o)
    0x080035a6   0x080035a6   0x00000002   PAD
    0x080035a8   0x080035a8   0x000000c4   Code   RO         3983    x$fpl$fadd          fz_ws.l(faddsub_clz.o)
    0x0800366c   0x0800366c   0x00000026   Code   RO         3989    x$fpl$ffltu         fz_ws.l(fflt_clz.o)
    0x08003692   0x08003692   0x0000008c   Code   RO         4002    x$fpl$fnaninf       fz_ws.l(fnaninf.o)
    0x0800371e   0x0800371e   0x0000000a   Code   RO         4004    x$fpl$fretinf       fz_ws.l(fretinf.o)
    0x08003728   0x08003728   0x000000ea   Code   RO         3985    x$fpl$fsub          fz_ws.l(faddsub_clz.o)
    0x08003812   0x08003812   0x00000000   Code   RO         4006    x$fpl$usenofp       fz_ws.l(usenofp.o)
    0x08003812   0x08003812   0x000005f0   Data   RO         3346    .constdata          oled.o
    0x08003e02   0x08003e02   0x00000002   PAD
    0x08003e04   0x08003e04   0x00000020   Data   RO         4159    Region$$Table       anon$$obj.o


    Execution Region RW_IRAM1 (Exec base: 0x20000000, Load base: 0x08003e24, Size: 0x00000738, Max: 0x00005000, ABSOLUTE)

    Exec Addr    Load Addr    Size         Type   Attr      Idx    E Section Name        Object

    0x20000000   0x08003e24   0x00000014   Data   RW         1805    .data               stm32f10x_rcc.o
    0x20000014   0x08003e38   0x00000003   Data   RW         3251    .data               usart.o
    0x20000017   0x08003e3b   0x00000001   PAD
    0x20000018   0x08003e3c   0x0000001c   Data   RW         3454    .data               nrf24l01.o
    0x20000034   0x08003e58   0x00000024   Data   RW         3689    .data               hcsr04.o
    0x20000058   0x08003e7c   0x00000018   Data   RW         3743    .data               feed.o
    0x20000070   0x08003e94   0x00000036   Data   RW         3800    .data               main.o
    0x200000a6   0x08003eca   0x00000002   PAD
    0x200000a8        -       0x0000000d   Zero   RW         3250    .bss                usart.o
    0x200000b5   0x08003eca   0x00000003   PAD
    0x200000b8        -       0x00000010   Zero   RW         3688    .bss                hcsr04.o
    0x200000c8        -       0x0000000c   Zero   RW         3799    .bss                main.o
    0x200000d4        -       0x00000060   Zero   RW         4033    .bss                c_w.l(libspace.o)
    0x20000134   0x08003eca   0x00000004   PAD
    0x20000138        -       0x00000200   Zero   RW            2    HEAP                startup_stm32f10x_md.o
    0x20000338        -       0x00000400   Zero   RW            1    STACK               startup_stm32f10x_md.o


==============================================================================

Image component sizes


      Code (inc. data)   RO Data    RW Data    ZI Data      Debug   Object Name

       348         16          0          0          0       2132   bsp_usart.o
        70          0          0          0          0        954   delay.o
       652         84          0         24          0       4068   feed.o
      1204        168          0         36         16       4474   hcsr04.o
       100         18          0          0          0       1344   led.o
      2352        340          0         54         12       7434   main.o
       132         22          0          0          0     204823   misc.o
       876         74          0         28          0       7199   nrf24l01.o
       902         22       1520          0          0       8467   oled.o
       216         12          0          0          0       1109   relay.o
       212         34          0          0          0       1584   robot.o
        64         26        236          0       1536        832   startup_stm32f10x_md.o
         0          0          0          0          0       1672   stm32f10x_adc.o
       458          6          0          0          0      13235   stm32f10x_gpio.o
        26          0          0          0          0       3854   stm32f10x_it.o
       340         44          0         20          0      14144   stm32f10x_rcc.o
       112          0          0          0          0      10578   stm32f10x_spi.o
      1686        214          0          0          0      35575   stm32f10x_tim.o
       388          6          0          0          0      11875   stm32f10x_usart.o
       328         28          0          0          0      56745   system_stm32f10x.o
       100          0          0          0          0        540   tim2.o
       196          4          0          0          0        656   tim4.o
       132          0          0          0          0       1645   tsda.o
       532         40          0          3         13       2612   usart.o

    ----------------------------------------------------------------------
     11446       1158       1790        168       1580     397551   Object Totals
         0          0         32          0          0          0   (incl. Generated)
        20          0          2          3          3          0   (incl. Padding)

    ----------------------------------------------------------------------

      Code (inc. data)   RO Data    RW Data    ZI Data      Debug   Library Member Name

         8          0          0          0          0         68   __main.o
         0          0          0          0          0          0   __rtentry.o
        12          0          0          0          0          0   __rtentry2.o
         6          0          0          0          0          0   __rtentry4.o
        52          8          0          0          0          0   __scatter.o
        26          0          0          0          0          0   __scatter_copy.o
        28          0          0          0          0          0   __scatter_zi.o
        18          0          0          0          0         80   exit.o
         6          0          0          0          0        152   heapauxi.o
         0          0          0          0          0          0   indicate_semi.o
         2          0          0          0          0          0   libinit.o
         2          0          0          0          0          0   libinit2.o
         2          0          0          0          0          0   libshutdown.o
         2          0          0          0          0          0   libshutdown2.o
         8          4          0          0         96         68   libspace.o
         2          0          0          0          0          0   rtexit.o
        10          0          0          0          0          0   rtexit2.o
        12          4          0          0          0         68   sys_exit.o
        74          0          0          0          0         80   sys_stackheap_outer.o
         2          0          0          0          0         68   use_no_semi.o
        98          4          0          0          0         92   d2f.o
        24          0          0          0          0         68   dcmpi.o
       688        140          0          0          0        208   ddiv.o
        94          4          0          0          0         92   dfix.o
        46          0          0          0          0         68   dflt_clz.o
       120          4          0          0          0         92   dleqf.o
       340         12          0          0          0        104   dmul.o
       156          4          0          0          0         92   dnaninf.o
        12          0          0          0          0         68   dretinf.o
       108          0          0          0          0         80   drleqf.o
        86          4          0          0          0         84   f2d.o
       430          8          0          0          0        168   faddsub_clz.o
        38          0          0          0          0         68   fflt_clz.o
       140          4          0          0          0         84   fnaninf.o
        10          0          0          0          0         68   fretinf.o
         0          0          0          0          0          0   usenofp.o

    ----------------------------------------------------------------------
      2672        200          0          0        100       2020   Library Totals
        10          0          0          0          4          0   (incl. Padding)

    ----------------------------------------------------------------------

      Code (inc. data)   RO Data    RW Data    ZI Data      Debug   Library Name

       272         16          0          0         96        584   c_w.l
      2390        184          0          0          0       1436   fz_ws.l

    ----------------------------------------------------------------------
      2672        200          0          0        100       2020   Library Totals

    ----------------------------------------------------------------------

==============================================================================


      Code (inc. data)   RO Data    RW Data    ZI Data      Debug   

     14118       1358       1790        168       1680     392079   Grand Totals
     14118       1358       1790        168       1680     392079   ELF Image Totals
     14118       1358       1790        168          0          0   ROM Totals

==============================================================================

    Total RO  Size (Code + RO Data)                15908 (  15.54kB)
    Total RW  Size (RW Data + ZI Data)              1848 (   1.80kB)
    Total ROM Size (Code + RO Data + RW Data)      16076 (  15.70kB)

==============================================================================

