Component: ARM Compiler 5.06 update 5 (build 528) Tool: armlink [4d35e2]

==============================================================================

Section Cross References

    startup_stm32f10x_md.o(STACK) refers (Special) to heapauxi.o(.text) for __use_two_region_memory
    startup_stm32f10x_md.o(HEAP) refers (Special) to heapauxi.o(.text) for __use_two_region_memory
    startup_stm32f10x_md.o(RESET) refers (Special) to heapauxi.o(.text) for __use_two_region_memory
    startup_stm32f10x_md.o(RESET) refers to startup_stm32f10x_md.o(STACK) for __initial_sp
    startup_stm32f10x_md.o(RESET) refers to startup_stm32f10x_md.o(.text) for Reset_Handler
    startup_stm32f10x_md.o(RESET) refers to stm32f10x_it.o(i.NMI_Handler) for NMI_Handler
    startup_stm32f10x_md.o(RESET) refers to stm32f10x_it.o(i.HardFault_Handler) for HardFault_Handler
    startup_stm32f10x_md.o(RESET) refers to stm32f10x_it.o(i.MemManage_Handler) for MemManage_Handler
    startup_stm32f10x_md.o(RESET) refers to stm32f10x_it.o(i.BusFault_Handler) for BusFault_Handler
    startup_stm32f10x_md.o(RESET) refers to stm32f10x_it.o(i.UsageFault_Handler) for UsageFault_Handler
    startup_stm32f10x_md.o(RESET) refers to stm32f10x_it.o(i.SVC_Handler) for SVC_Handler
    startup_stm32f10x_md.o(RESET) refers to stm32f10x_it.o(i.DebugMon_Handler) for DebugMon_Handler
    startup_stm32f10x_md.o(RESET) refers to stm32f10x_it.o(i.PendSV_Handler) for PendSV_Handler
    startup_stm32f10x_md.o(RESET) refers to stm32f10x_it.o(i.SysTick_Handler) for SysTick_Handler
    startup_stm32f10x_md.o(RESET) refers to main.o(i.TIM2_IRQHandler) for TIM2_IRQHandler
    startup_stm32f10x_md.o(RESET) refers to hcsr04.o(i.TIM4_IRQHandler) for TIM4_IRQHandler
    startup_stm32f10x_md.o(RESET) refers to usart.o(i.USART1_IRQHandler) for USART1_IRQHandler
    startup_stm32f10x_md.o(.text) refers (Special) to heapauxi.o(.text) for __use_two_region_memory
    startup_stm32f10x_md.o(.text) refers to system_stm32f10x.o(i.SystemInit) for SystemInit
    startup_stm32f10x_md.o(.text) refers to __main.o(!!!main) for __main
    startup_stm32f10x_md.o(.text) refers to startup_stm32f10x_md.o(HEAP) for Heap_Mem
    startup_stm32f10x_md.o(.text) refers to startup_stm32f10x_md.o(STACK) for Stack_Mem
    system_stm32f10x.o(i.SetSysClock) refers to system_stm32f10x.o(i.SetSysClockTo72) for SetSysClockTo72
    system_stm32f10x.o(i.SystemCoreClockUpdate) refers to system_stm32f10x.o(.data) for SystemCoreClock
    system_stm32f10x.o(i.SystemInit) refers to system_stm32f10x.o(i.SetSysClock) for SetSysClock
    stm32f10x_adc.o(i.ADC_DeInit) refers to stm32f10x_rcc.o(i.RCC_APB2PeriphResetCmd) for RCC_APB2PeriphResetCmd
    stm32f10x_bkp.o(i.BKP_DeInit) refers to stm32f10x_rcc.o(i.RCC_BackupResetCmd) for RCC_BackupResetCmd
    stm32f10x_can.o(i.CAN_DeInit) refers to stm32f10x_rcc.o(i.RCC_APB1PeriphResetCmd) for RCC_APB1PeriphResetCmd
    stm32f10x_can.o(i.CAN_GetITStatus) refers to stm32f10x_can.o(i.CheckITStatus) for CheckITStatus
    stm32f10x_cec.o(i.CEC_DeInit) refers to stm32f10x_rcc.o(i.RCC_APB1PeriphResetCmd) for RCC_APB1PeriphResetCmd
    stm32f10x_dac.o(i.DAC_DeInit) refers to stm32f10x_rcc.o(i.RCC_APB1PeriphResetCmd) for RCC_APB1PeriphResetCmd
    stm32f10x_flash.o(i.FLASH_EnableWriteProtection) refers to stm32f10x_flash.o(i.FLASH_WaitForLastOperation) for FLASH_WaitForLastOperation
    stm32f10x_flash.o(i.FLASH_EraseAllBank1Pages) refers to stm32f10x_flash.o(i.FLASH_WaitForLastBank1Operation) for FLASH_WaitForLastBank1Operation
    stm32f10x_flash.o(i.FLASH_EraseAllPages) refers to stm32f10x_flash.o(i.FLASH_WaitForLastOperation) for FLASH_WaitForLastOperation
    stm32f10x_flash.o(i.FLASH_EraseOptionBytes) refers to stm32f10x_flash.o(i.FLASH_GetReadOutProtectionStatus) for FLASH_GetReadOutProtectionStatus
    stm32f10x_flash.o(i.FLASH_EraseOptionBytes) refers to stm32f10x_flash.o(i.FLASH_WaitForLastOperation) for FLASH_WaitForLastOperation
    stm32f10x_flash.o(i.FLASH_ErasePage) refers to stm32f10x_flash.o(i.FLASH_WaitForLastOperation) for FLASH_WaitForLastOperation
    stm32f10x_flash.o(i.FLASH_ProgramHalfWord) refers to stm32f10x_flash.o(i.FLASH_WaitForLastOperation) for FLASH_WaitForLastOperation
    stm32f10x_flash.o(i.FLASH_ProgramOptionByteData) refers to stm32f10x_flash.o(i.FLASH_WaitForLastOperation) for FLASH_WaitForLastOperation
    stm32f10x_flash.o(i.FLASH_ProgramWord) refers to stm32f10x_flash.o(i.FLASH_WaitForLastOperation) for FLASH_WaitForLastOperation
    stm32f10x_flash.o(i.FLASH_ReadOutProtection) refers to stm32f10x_flash.o(i.FLASH_WaitForLastOperation) for FLASH_WaitForLastOperation
    stm32f10x_flash.o(i.FLASH_UserOptionByteConfig) refers to stm32f10x_flash.o(i.FLASH_WaitForLastOperation) for FLASH_WaitForLastOperation
    stm32f10x_flash.o(i.FLASH_WaitForLastBank1Operation) refers to stm32f10x_flash.o(i.FLASH_GetBank1Status) for FLASH_GetBank1Status
[...]
    ../clib/signal.c                         0x00000000   Number         0  defsig_rtmem_outer.o ABSOLUTE
    ../clib/signal.c                         0x00000000   Number         0  defsig_rtmem_inner.o ABSOLUTE
    ../clib/signal.s                         0x00000000   Number         0  defsig.o ABSOLUTE
    ../clib/stdlib.c                         0x00000000   Number         0  exit.o ABSOLUTE
    ../fplib/d2f.s                           0x00000000   Number         0  d2f.o ABSOLUTE
    ../fplib/ddiv.s                          0x00000000   Number         0  ddiv.o ABSOLUTE
    ../fplib/dfix.s                          0x00000000   Number         0  dfix.o ABSOLUTE
    ../fplib/dflt.s                          0x00000000   Number         0  dflt_clz.o ABSOLUTE
    ../fplib/dmul.s                          0x00000000   Number         0  dmul.o ABSOLUTE
    ../fplib/dnaninf.s                       0x00000000   Number         0  dnaninf.o ABSOLUTE
    ../fplib/dretinf.s                       0x00000000   Number         0  dretinf.o ABSOLUTE
    ../fplib/f2d.s                           0x00000000   Number         0  f2d.o ABSOLUTE
    ../fplib/faddsub.s                       0x00000000   Number         0  faddsub_clz.o ABSOLUTE
    ../fplib/fdiv.s                          0x00000000   Number         0  fdiv.o ABSOLUTE
    ../fplib/ffixu.s                         0x00000000   Number         0  ffixu.o ABSOLUTE
    ../fplib/fflt.s                          0x00000000   Number         0  fflt_clz.o ABSOLUTE
    ../fplib/fnaninf.s                       0x00000000   Number         0  fnaninf.o ABSOLUTE
    ../fplib/fpinit.s                        0x00000000   Number         0  fpinit.o ABSOLUTE
    ../fplib/fretinf.s                       0x00000000   Number         0  fretinf.o ABSOLUTE
    ../fplib/usenofp.s                       0x00000000   Number         0  usenofp.o ABSOLUTE
    HardWare\Hcsr04.c                        0x00000000   Number         0  hcsr04.o ABSOLUTE
    HardWare\LED.c                           0x00000000   Number         0  led.o ABSOLUTE
    HardWare\NRF24L01.c                      0x00000000   Number         0  nrf24l01.o ABSOLUTE
    HardWare\OLED.c                          0x00000000   Number         0  oled.o ABSOLUTE
    HardWare\Relay.c                         0x00000000   Number         0  relay.o ABSOLUTE
    HardWare\Robot.c                         0x00000000   Number         0  robot.o ABSOLUTE
    HardWare\TSDA.c                          0x00000000   Number         0  tsda.o ABSOLUTE
    HardWare\bsp_usart.c                     0x00000000   Number         0  bsp_usart.o ABSOLUTE
    Library\misc.c                           0x00000000   Number         0  misc.o ABSOLUTE
    Library\stm32f10x_adc.c                  0x00000000   Number         0  stm32f10x_adc.o ABSOLUTE
    Library\stm32f10x_bkp.c                  0x00000000   Number         0  stm32f10x_bkp.o ABSOLUTE
    Library\stm32f10x_can.c                  0x00000000   Number         0  stm32f10x_can.o ABSOLUTE
    Library\stm32f10x_cec.c                  0x00000000   Number         0  stm32f10x_cec.o ABSOLUTE
    Library\stm32f10x_crc.c                  0x00000000   Number         0  stm32f10x_crc.o ABSOLUTE
    Library\stm32f10x_dac.c                  0x00000000   Number         0  stm32f10x_dac.o ABSOLUTE
    Library\stm32f10x_dbgmcu.c               0x00000000   Number         0  stm32f10x_dbgmcu.o ABSOLUTE
    Library\stm32f10x_dma.c                  0x00000000   Number         0  stm32f10x_dma.o ABSOLUTE
    Library\stm32f10x_exti.c                 0x00000000   Number         0  stm32f10x_exti.o ABSOLUTE
    Library\stm32f10x_flash.c                0x00000000   Number         0  stm32f10x_flash.o ABSOLUTE
    Library\stm32f10x_fsmc.c                 0x00000000   Number         0  stm32f10x_fsmc.o ABSOLUTE
    Library\stm32f10x_gpio.c                 0x00000000   Number         0  stm32f10x_gpio.o ABSOLUTE
    Library\stm32f10x_i2c.c                  0x00000000   Number         0  stm32f10x_i2c.o ABSOLUTE
    Library\stm32f10x_iwdg.c                 0x00000000   Number         0  stm32f10x_iwdg.o ABSOLUTE
    Library\stm32f10x_pwr.c                  0x00000000   Number         0  stm32f10x_pwr.o ABSOLUTE
    Library\stm32f10x_rcc.c                  0x00000000   Number         0  stm32f10x_rcc.o ABSOLUTE
    Library\stm32f10x_rtc.c                  0x00000000   Number         0  stm32f10x_rtc.o ABSOLUTE
    Library\stm32f10x_sdio.c                 0x00000000   Number         0  stm32f10x_sdio.o ABSOLUTE
    Library\stm32f10x_spi.c                  0x00000000   Number         0  stm32f10x_spi.o ABSOLUTE
    Library\stm32f10x_tim.c                  0x00000000   Number         0  stm32f10x_tim.o ABSOLUTE
    Library\stm32f10x_usart.c                0x00000000   Number         0  stm32f10x_usart.o ABSOLUTE
    Library\stm32f10x_wwdg.c                 0x00000000   Number         0  stm32f10x_wwdg.o ABSOLUTE
    Start\\core_cm3.c                        0x00000000   Number         0  core_cm3.o ABSOLUTE
    Start\core_cm3.c                         0x00000000   Number         0  core_cm3.o ABSOLUTE
    Start\startup_stm32f10x_md.s             0x00000000   Number         0  startup_stm32f10x_md.o ABSOLUTE
    Start\system_stm32f10x.c                 0x00000000   Number         0  system_stm32f10x.o ABSOLUTE
    System\Delay.c                           0x00000000   Number         0  delay.o ABSOLUTE
    System\TIM2.c                            0x00000000   Number         0  tim2.o ABSOLUTE
    System\TIM4.c                            0x00000000   Number         0  tim4.o ABSOLUTE
    System\USART.c                           0x00000000   Number         0  usart.o ABSOLUTE
    User\main.c                              0x00000000   Number         0  main.o ABSOLUTE
    User\stm32f10x_it.c                      0x00000000   Number         0  stm32f10x_it.o ABSOLUTE
    dc.s                                     0x00000000   Number         0  dc.o ABSOLUTE
    RESET                                    0x08000000   Section      236  startup_stm32f10x_md.o(RESET)
    !!!main                                  0x080000ec   Section        8  __main.o(!!!main)
    !!!scatter                               0x080000f4   Section       52  __scatter.o(!!!scatter)
    !!handler_copy                           0x08000128   Section       26  __scatter_copy.o(!!handler_copy)
    !!handler_zi                             0x08000144   Section       28  __scatter_zi.o(!!handler_zi)
    .ARM.Collect$$libinit$$00000000          0x08000160   Section        2  libinit.o(.ARM.Collect$$libinit$$00000000)
    .ARM.Collect$$libinit$$00000002          0x08000162   Section        0  libinit2.o(.ARM.Collect$$libinit$$00000002)
    .ARM.Collect$$libinit$$00000004          0x08000162   Section        0  libinit2.o(.ARM.Collect$$libinit$$00000004)
    .ARM.Collect$$libinit$$0000000A          0x08000162   Section        0  libinit2.o(.ARM.Collect$$libinit$$0000000A)
    .ARM.Collect$$libinit$$0000000C          0x08000162   Section        0  libinit2.o(.ARM.Collect$$libinit$$0000000C)
    .ARM.Collect$$libinit$$0000000E          0x08000162   Section        0  libinit2.o(.ARM.Collect$$libinit$$0000000E)
    .ARM.Collect$$libinit$$00000011          0x08000162   Section        0  libinit2.o(.ARM.Collect$$libinit$$00000011)
    .ARM.Collect$$libinit$$00000013          0x08000162   Section        0  libinit2.o(.ARM.Collect$$libinit$$00000013)
    .ARM.Collect$$libinit$$00000015          0x08000162   Section        0  libinit2.o(.ARM.Collect$$libinit$$00000015)
    .ARM.Collect$$libinit$$00000017          0x08000162   Section        0  libinit2.o(.ARM.Collect$$libinit$$00000017)
    .ARM.Collect$$libinit$$00000019          0x08000162   Section        0  libinit2.o(.ARM.Collect$$libinit$$00000019)
    .ARM.Collect$$libinit$$0000001B          0x08000162   Section        0  libinit2.o(.ARM.Collect$$libinit$$0000001B)
    .ARM.Collect$$libinit$$0000001D          0x08000162   Section        0  libinit2.o(.ARM.Collect$$libinit$$0000001D)
    .ARM.Collect$$libinit$$0000001F          0x08000162   Section        0  libinit2.o(.ARM.Collect$$libinit$$0000001F)
    .ARM.Collect$$libinit$$00000021          0x08000162   Section        0  libinit2.o(.ARM.Collect$$libinit$$00000021)
    .ARM.Collect$$libinit$$00000023          0x08000162   Section        0  libinit2.o(.ARM.Collect$$libinit$$00000023)
    .ARM.Collect$$libinit$$00000025          0x08000162   Section        0  libinit2.o(.ARM.Collect$$libinit$$00000025)
    .ARM.Collect$$libinit$$0000002C          0x08000162   Section        0  libinit2.o(.ARM.Collect$$libinit$$0000002C)
    .ARM.Collect$$libinit$$0000002E          0x08000162   Section        0  libinit2.o(.ARM.Collect$$libinit$$0000002E)
    .ARM.Collect$$libinit$$00000030          0x08000162   Section        0  libinit2.o(.ARM.Collect$$libinit$$00000030)
    .ARM.Collect$$libinit$$00000032          0x08000162   Section        0  libinit2.o(.ARM.Collect$$libinit$$00000032)
    .ARM.Collect$$libinit$$00000033          0x08000162   Section        2  libinit2.o(.ARM.Collect$$libinit$$00000033)
    .ARM.Collect$$libshutdown$$00000000      0x08000164   Section        2  libshutdown.o(.ARM.Collect$$libshutdown$$00000000)
    .ARM.Collect$$libshutdown$$00000002      0x08000166   Section        0  libshutdown2.o(.ARM.Collect$$libshutdown$$00000002)
    .ARM.Collect$$libshutdown$$00000004      0x08000166   Section        0  libshutdown2.o(.ARM.Collect$$libshutdown$$00000004)
    .ARM.Collect$$libshutdown$$00000007      0x08000166   Section        0  libshutdown2.o(.ARM.Collect$$libshutdown$$00000007)
    .ARM.Collect$$libshutdown$$0000000A      0x08000166   Section        0  libshutdown2.o(.ARM.Collect$$libshutdown$$0000000A)
    .ARM.Collect$$libshutdown$$0000000C      0x08000166   Section        0  libshutdown2.o(.ARM.Collect$$libshutdown$$0000000C)
    .ARM.Collect$$libshutdown$$0000000F      0x08000166   Section        0  libshutdown2.o(.ARM.Collect$$libshutdown$$0000000F)
    .ARM.Collect$$libshutdown$$00000010      0x08000166   Section        2  libshutdown2.o(.ARM.Collect$$libshutdown$$00000010)
    .ARM.Collect$$rtentry$$00000000          0x08000168   Section        0  __rtentry.o(.ARM.Collect$$rtentry$$00000000)
    .ARM.Collect$$rtentry$$00000002          0x08000168   Section        0  __rtentry2.o(.ARM.Collect$$rtentry$$00000002)
    .ARM.Collect$$rtentry$$00000004          0x08000168   Section        6  __rtentry4.o(.ARM.Collect$$rtentry$$00000004)
    .ARM.Collect$$rtentry$$00000009          0x0800016e   Section        0  __rtentry2.o(.ARM.Collect$$rtentry$$00000009)
    .ARM.Collect$$rtentry$$0000000A          0x0800016e   Section        4  __rtentry2.o(.ARM.Collect$$rtentry$$0000000A)
    .ARM.Collect$$rtentry$$0000000C          0x08000172   Section        0  __rtentry2.o(.ARM.Collect$$rtentry$$0000000C)
    .ARM.Collect$$rtentry$$0000000D          0x08000172   Section        8  __rtentry2.o(.ARM.Collect$$rtentry$$0000000D)
    .ARM.Collect$$rtexit$$00000000           0x0800017a   Section        2  rtexit.o(.ARM.Collect$$rtexit$$00000000)
    .ARM.Collect$$rtexit$$00000002           0x0800017c   Section        0  rtexit2.o(.ARM.Collect$$rtexit$$00000002)
    .ARM.Collect$$rtexit$$00000003           0x0800017c   Section        4  rtexit2.o(.ARM.Collect$$rtexit$$00000003)
    .ARM.Collect$$rtexit$$00000004           0x08000180   Section        6  rtexit2.o(.ARM.Collect$$rtexit$$00000004)
    .text                                    0x08000188   Section       64  startup_stm32f10x_md.o(.text)
    .text                                    0x080001c8   Section      128  strcmpv7m.o(.text)
    .text                                    0x08000248   Section        0  heapauxi.o(.text)
    .text                                    0x0800024e   Section       74  sys_stackheap_outer.o(.text)
    .text                                    0x08000298   Section        0  exit.o(.text)
    .text                                    0x080002ac   Section        8  libspace.o(.text)
    .text                                    0x080002b4   Section        0  sys_exit.o(.text)
    .text                                    0x080002c0   Section        2  use_no_semi.o(.text)
    .text                                    0x080002c2   Section        0  indicate_semi.o(.text)
    i.BusFault_Handler                       0x080002c2   Section        0  stm32f10x_it.o(i.BusFault_Handler)
    i.Data_Analyse                           0x080002c8   Section        0  main.o(i.Data_Analyse)
    i.DebugMon_Handler                       0x0800034c   Section        0  stm32f10x_it.o(i.DebugMon_Handler)
    i.Delay_ms                               0x0800034e   Section        0  delay.o(i.Delay_ms)
    i.Delay_us                               0x08000366   Section        0  delay.o(i.Delay_us)
    i.Distance_Get                           0x08000394   Section        0  main.o(i.Distance_Get)
    i.GPIO_Init                              0x080004fc   Section        0  stm32f10x_gpio.o(i.GPIO_Init)
    i.GPIO_PinRemapConfig                    0x08000614   Section        0  stm32f10x_gpio.o(i.GPIO_PinRemapConfig)
    i.GPIO_ReadOutputDataBit                 0x080006a4   Section        0  stm32f10x_gpio.o(i.GPIO_ReadOutputDataBit)
    i.GPIO_ResetBits                         0x080006b6   Section        0  stm32f10x_gpio.o(i.GPIO_ResetBits)
    i.GPIO_SetBits                           0x080006ba   Section        0  stm32f10x_gpio.o(i.GPIO_SetBits)
    i.GPIO_WriteBit                          0x080006be   Section        0  stm32f10x_gpio.o(i.GPIO_WriteBit)
    i.GetBirdNum                             0x080006c8   Section        0  main.o(i.GetBirdNum)
    i.HardFault_Handler                      0x08000720   Section        0  stm32f10x_it.o(i.HardFault_Handler)
    i.Hcsr04_GetDistance1                    0x08000724   Section        0  hcsr04.o(i.Hcsr04_GetDistance1)
    i.Hcsr04_GetDistance2                    0x080007c4   Section        0  hcsr04.o(i.Hcsr04_GetDistance2)
    i.Hcsr04_GetDistance3                    0x08000860   Section        0  hcsr04.o(i.Hcsr04_GetDistance3)
    i.Hcsr04_GetDistance4                    0x080008fc   Section        0  hcsr04.o(i.Hcsr04_GetDistance4)
    i.Hcsr04_Init                            0x08000998   Section        0  hcsr04.o(i.Hcsr04_Init)
    i.LEDO_OFF                               0x08000a20   Section        0  led.o(i.LEDO_OFF)
    i.LEDO_ON                                0x08000a34   Section        0  led.o(i.LEDO_ON)
    i.LED_Init                               0x08000a48   Section        0  led.o(i.LED_Init)
    i.MemManage_Handler                      0x08000aac   Section        0  stm32f10x_it.o(i.MemManage_Handler)
    i.NMI_Handler                            0x08000ab0   Section        0  stm32f10x_it.o(i.NMI_Handler)
    i.NRF24L01_DataReset                     0x08000ab4   Section        0  nrf24l01.o(i.NRF24L01_DataReset)
    i.NRF24L01_GetData                       0x08000ad8   Section        0  nrf24l01.o(i.NRF24L01_GetData)
    i.NRF24L01_Init                          0x08000ae4   Section        0  nrf24l01.o(i.NRF24L01_Init)
    i.NRF24L01_ReadByte                      0x08000c2c   Section        0  nrf24l01.o(i.NRF24L01_ReadByte)
    i.NRF24L01_ReadData                      0x08000c5c   Section        0  nrf24l01.o(i.NRF24L01_ReadData)
    i.NRF24L01_ReceiveData                   0x08000ca0   Section        0  nrf24l01.o(i.NRF24L01_ReceiveData)
    i.NRF24L01_WriteByte                     0x08000ce4   Section        0  nrf24l01.o(i.NRF24L01_WriteByte)
    i.NRF24L01_WriteData                     0x08000d14   Section        0  nrf24l01.o(i.NRF24L01_WriteData)
    i.NVIC_Configuration                     0x08000d58   Section        0  bsp_usart.o(i.NVIC_Configuration)
    NVIC_Configuration                       0x08000d59   Thumb Code    38  bsp_usart.o(i.NVIC_Configuration)
    i.NVIC_Init                              0x08000d80   Section        0  misc.o(i.NVIC_Init)
    i.NVIC_PriorityGroupConfig               0x08000df0   Section        0  misc.o(i.NVIC_PriorityGroupConfig)
    i.OLED_Clear                             0x08000e04   Section        0  oled.o(i.OLED_Clear)
    i.OLED_I2C_Init                          0x08000e30   Section        0  oled.o(i.OLED_I2C_Init)
    i.OLED_I2C_SendByte                      0x08000e80   Section        0  oled.o(i.OLED_I2C_SendByte)
    i.OLED_I2C_Start                         0x08000ed4   Section        0  oled.o(i.OLED_I2C_Start)
    i.OLED_I2C_Stop                          0x08000f08   Section        0  oled.o(i.OLED_I2C_Stop)
    i.OLED_Init                              0x08000f30   Section        0  oled.o(i.OLED_Init)
    i.OLED_Pow                               0x08000fde   Section        0  oled.o(i.OLED_Pow)
    i.OLED_SetCursor                         0x08000ff2   Section        0  oled.o(i.OLED_SetCursor)
    i.OLED_ShowChar                          0x08001018   Section        0  oled.o(i.OLED_ShowChar)
    i.OLED_ShowHexNum                        0x0800108c   Section        0  oled.o(i.OLED_ShowHexNum)
    i.OLED_ShowNum                           0x080010e0   Section        0  oled.o(i.OLED_ShowNum)
    i.OLED_ShowString                        0x08001124   Section        0  oled.o(i.OLED_ShowString)
    i.OLED_WriteCommand                      0x0800114c   Section        0  oled.o(i.OLED_WriteCommand)
    i.OLED_WriteData                         0x0800116c   Section        0  oled.o(i.OLED_WriteData)
    i.PendSV_Handler                         0x0800118c   Section        0  stm32f10x_it.o(i.PendSV_Handler)
    i.RCC_APB1PeriphClockCmd                 0x08001190   Section        0  stm32f10x_rcc.o(i.RCC_APB1PeriphClockCmd)
    i.RCC_APB1PeriphResetCmd                 0x080011b0   Section        0  stm32f10x_rcc.o(i.RCC_APB1PeriphResetCmd)
    i.RCC_APB2PeriphClockCmd                 0x080011d0   Section        0  stm32f10x_rcc.o(i.RCC_APB2PeriphClockCmd)
    i.RCC_APB2PeriphResetCmd                 0x080011f0   Section        0  stm32f10x_rcc.o(i.RCC_APB2PeriphResetCmd)
    i.RCC_GetClocksFreq                      0x08001210   Section        0  stm32f10x_rcc.o(i.RCC_GetClocksFreq)
    i.RX_Mode                                0x080012e4   Section        0  nrf24l01.o(i.RX_Mode)
    i.Relay_Init                             0x08001340   Section        0  relay.o(i.Relay_Init)
    i.Relay_Set                              0x080013a0   Section        0  relay.o(i.Relay_Set)
    i.Robot_Init                             0x08001418   Section        0  robot.o(i.Robot_Init)
    i.Robot_Move                             0x08001468   Section        0  robot.o(i.Robot_Move)
    i.SPI_Cmd                                0x0800148c   Section        0  stm32f10x_spi.o(i.SPI_Cmd)
    i.SPI_I2S_GetFlagStatus                  0x080014a4   Section        0  stm32f10x_spi.o(i.SPI_I2S_GetFlagStatus)
    i.SPI_I2S_ReceiveData                    0x080014b6   Section        0  stm32f10x_spi.o(i.SPI_I2S_ReceiveData)
    i.SPI_I2S_SendData                       0x080014bc   Section        0  stm32f10x_spi.o(i.SPI_I2S_SendData)
    i.SPI_Init                               0x080014c0   Section        0  stm32f10x_spi.o(i.SPI_Init)
    i.SPI_SendByte                           0x080014fc   Section        0  nrf24l01.o(i.SPI_SendByte)
    i.SPI_TIMEOUT_UserCallback               0x0800156c   Section        0  nrf24l01.o(i.SPI_TIMEOUT_UserCallback)
    SPI_TIMEOUT_UserCallback                 0x0800156d   Thumb Code    20  nrf24l01.o(i.SPI_TIMEOUT_UserCallback)
    i.SVC_Handler                            0x08001580   Section        0  stm32f10x_it.o(i.SVC_Handler)
    i.SetSysClock                            0x08001582   Section        0  system_stm32f10x.o(i.SetSysClock)
    SetSysClock                              0x08001583   Thumb Code     8  system_stm32f10x.o(i.SetSysClock)
    i.SetSysClockTo72                        0x0800158c   Section        0  system_stm32f10x.o(i.SetSysClockTo72)
    SetSysClockTo72                          0x0800158d   Thumb Code   214  system_stm32f10x.o(i.SetSysClockTo72)
    i.Speed                                  0x0800166c   Section        0  main.o(i.Speed)
    i.SpeedConversion                        0x08001680   Section        0  robot.o(i.SpeedConversion)
    i.State1                                 0x080016e0   Section        0  main.o(i.State1)
    i.State2                                 0x0800190c   Section        0  main.o(i.State2)
    i.SysTick_Handler                        0x08001a28   Section        0  stm32f10x_it.o(i.SysTick_Handler)
    i.SystemInit                             0x08001a2c   Section        0  system_stm32f10x.o(i.SystemInit)
    i.TI1_Config                             0x08001a8c   Section        0  stm32f10x_tim.o(i.TI1_Config)
    TI1_Config                               0x08001a8d   Thumb Code   108  stm32f10x_tim.o(i.TI1_Config)
    i.TI2_Config                             0x08001b0c   Section        0  stm32f10x_tim.o(i.TI2_Config)
    TI2_Config                               0x08001b0d   Thumb Code   130  stm32f10x_tim.o(i.TI2_Config)
    i.TI3_Config                             0x08001ba4   Section        0  stm32f10x_tim.o(i.TI3_Config)
    TI3_Config                               0x08001ba5   Thumb Code   122  stm32f10x_tim.o(i.TI3_Config)
    i.TI4_Config                             0x08001c34   Section        0  stm32f10x_tim.o(i.TI4_Config)
    TI4_Config                               0x08001c35   Thumb Code   130  stm32f10x_tim.o(i.TI4_Config)
    i.TIM2_IRQHandler                        0x08001ccc   Section        0  main.o(i.TIM2_IRQHandler)
    i.TIM2_Init                              0x08001d80   Section        0  tim2.o(i.TIM2_Init)
    i.TIM4_IRQHandler                        0x08001de4   Section        0  hcsr04.o(i.TIM4_IRQHandler)
    i.TIM4_Init                              0x08001f9c   Section        0  tim4.o(i.TIM4_Init)
    i.TIM_ClearFlag                          0x08002060   Section        0  stm32f10x_tim.o(i.TIM_ClearFlag)
    i.TIM_ClearITPendingBit                  0x08002066   Section        0  stm32f10x_tim.o(i.TIM_ClearITPendingBit)
    i.TIM_Cmd                                0x0800206c   Section        0  stm32f10x_tim.o(i.TIM_Cmd)
    i.TIM_DeInit                             0x08002084   Section        0  stm32f10x_tim.o(i.TIM_DeInit)
    i.TIM_GetCapture1                        0x0800226c   Section        0  stm32f10x_tim.o(i.TIM_GetCapture1)
    i.TIM_GetCapture2                        0x08002272   Section        0  stm32f10x_tim.o(i.TIM_GetCapture2)
    i.TIM_GetCapture3                        0x08002278   Section        0  stm32f10x_tim.o(i.TIM_GetCapture3)
    i.TIM_GetCapture4                        0x0800227e   Section        0  stm32f10x_tim.o(i.TIM_GetCapture4)
    i.TIM_GetFlagStatus                      0x08002286   Section        0  stm32f10x_tim.o(i.TIM_GetFlagStatus)
    i.TIM_ICInit                             0x08002298   Section        0  stm32f10x_tim.o(i.TIM_ICInit)
    i.TIM_ITConfig                           0x08002344   Section        0  stm32f10x_tim.o(i.TIM_ITConfig)
    i.TIM_OC1PolarityConfig                  0x08002356   Section        0  stm32f10x_tim.o(i.TIM_OC1PolarityConfig)
    i.TIM_OC2PolarityConfig                  0x08002368   Section        0  stm32f10x_tim.o(i.TIM_OC2PolarityConfig)
    i.TIM_OC3PolarityConfig                  0x08002382   Section        0  stm32f10x_tim.o(i.TIM_OC3PolarityConfig)
    i.TIM_OC4PolarityConfig                  0x0800239c   Section        0  stm32f10x_tim.o(i.TIM_OC4PolarityConfig)
    i.TIM_SetCounter                         0x080023b6   Section        0  stm32f10x_tim.o(i.TIM_SetCounter)
    i.TIM_SetIC1Prescaler                    0x080023ba   Section        0  stm32f10x_tim.o(i.TIM_SetIC1Prescaler)
    i.TIM_SetIC2Prescaler                    0x080023cc   Section        0  stm32f10x_tim.o(i.TIM_SetIC2Prescaler)
    i.TIM_SetIC3Prescaler                    0x080023e6   Section        0  stm32f10x_tim.o(i.TIM_SetIC3Prescaler)
    i.TIM_SetIC4Prescaler                    0x080023f8   Section        0  stm32f10x_tim.o(i.TIM_SetIC4Prescaler)
    i.TIM_TimeBaseInit                       0x08002414   Section        0  stm32f10x_tim.o(i.TIM_TimeBaseInit)
    i.TSDA_Data                              0x080024b8   Section        0  tsda.o(i.TSDA_Data)
    i.TSDA_Order                             0x08002504   Section        0  tsda.o(i.TSDA_Order)
    i.USART1_Config                          0x0800253c   Section        0  usart.o(i.USART1_Config)
    i.USART1_GetFeedTime                     0x080025f4   Section        0  usart.o(i.USART1_GetFeedTime)
    i.USART1_IRQHandler                      0x0800271c   Section        0  usart.o(i.USART1_IRQHandler)
    i.USART_ClearITPendingBit                0x08002784   Section        0  stm32f10x_usart.o(i.USART_ClearITPendingBit)
    i.USART_Cmd                              0x080027a2   Section        0  stm32f10x_usart.o(i.USART_Cmd)
    i.USART_Config                           0x080027bc   Section        0  bsp_usart.o(i.USART_Config)
    i.USART_GetFlagStatus                    0x080028d0   Section        0  stm32f10x_usart.o(i.USART_GetFlagStatus)
    i.USART_ITConfig                         0x080028ea   Section        0  stm32f10x_usart.o(i.USART_ITConfig)
    i.USART_Init                             0x08002934   Section        0  stm32f10x_usart.o(i.USART_Init)
    i.USART_ReceiveData                      0x08002a0c   Section        0  stm32f10x_usart.o(i.USART_ReceiveData)
    i.USART_SendData                         0x08002a16   Section        0  stm32f10x_usart.o(i.USART_SendData)
    i.UsageFault_Handler                     0x08002a1e   Section        0  stm32f10x_it.o(i.UsageFault_Handler)
    i.Usart_SendByte                         0x08002a22   Section        0  bsp_usart.o(i.Usart_SendByte)
    i.While_Init                             0x08002a44   Section        0  main.o(i.While_Init)
    i.main                                   0x08002b7c   Section        0  main.o(i.main)
    x$fpl$d2f                                0x08002cf0   Section       98  d2f.o(x$fpl$d2f)
    x$fpl$ddiv                               0x08002d54   Section      688  ddiv.o(x$fpl$ddiv)
    ddiv_entry                               0x08002d5b   Thumb Code     0  ddiv.o(x$fpl$ddiv)
    x$fpl$dfix                               0x08003004   Section       94  dfix.o(x$fpl$dfix)
    x$fpl$dflt                               0x08003062   Section       46  dflt_clz.o(x$fpl$dflt)
    x$fpl$dmul                               0x08003090   Section      340  dmul.o(x$fpl$dmul)
    x$fpl$dnaninf                            0x080031e4   Section      156  dnaninf.o(x$fpl$dnaninf)
    x$fpl$dretinf                            0x08003280   Section       12  dretinf.o(x$fpl$dretinf)
    x$fpl$f2d                                0x0800328c   Section       86  f2d.o(x$fpl$f2d)
    x$fpl$fadd                               0x080032e4   Section      196  faddsub_clz.o(x$fpl$fadd)
    _fadd1                                   0x080032f3   Thumb Code     0  faddsub_clz.o(x$fpl$fadd)
    x$fpl$fdiv                               0x080033a8   Section      388  fdiv.o(x$fpl$fdiv)
    _fdiv1                                   0x080033a9   Thumb Code     0  fdiv.o(x$fpl$fdiv)
    x$fpl$ffixu                              0x0800352c   Section       62  ffixu.o(x$fpl$ffixu)
    x$fpl$ffltu                              0x0800356c   Section       38  fflt_clz.o(x$fpl$ffltu)
    x$fpl$fnaninf                            0x08003592   Section      140  fnaninf.o(x$fpl$fnaninf)
    x$fpl$fretinf                            0x0800361e   Section       10  fretinf.o(x$fpl$fretinf)
    x$fpl$fsub                               0x08003628   Section      234  faddsub_clz.o(x$fpl$fsub)
    _fsub1                                   0x08003637   Thumb Code     0  faddsub_clz.o(x$fpl$fsub)
    .constdata                               0x08003712   Section     1520  oled.o(.constdata)
    x$fpl$usenofp                            0x08003712   Section        0  usenofp.o(x$fpl$usenofp)
    .data                                    0x20000000   Section       20  stm32f10x_rcc.o(.data)
    APBAHBPrescTable                         0x20000000   Data          16  stm32f10x_rcc.o(.data)
    ADCPrescTable                            0x20000010   Data           4  stm32f10x_rcc.o(.data)
    .data                                    0x20000014   Section        3  usart.o(.data)
    .data                                    0x20000018   Section       28  nrf24l01.o(.data)
    SPITimeout                               0x20000030   Data           4  nrf24l01.o(.data)
    .data                                    0x20000034   Section       36  hcsr04.o(.data)
    Distance                                 0x20000048   Data           4  hcsr04.o(.data)
    Distance                                 0x2000004c   Data           4  hcsr04.o(.data)
    Distance                                 0x20000050   Data           4  hcsr04.o(.data)
    Distance                                 0x20000054   Data           4  hcsr04.o(.data)
    .data                                    0x20000058   Section       58  main.o(.data)
    SwitchNum                                0x20000090   Data           1  main.o(.data)
    LastSwitchNum                            0x20000091   Data           1  main.o(.data)
    .bss                                     0x20000094   Section       13  usart.o(.bss)
    .bss                                     0x200000a4   Section       16  hcsr04.o(.bss)
    .bss                                     0x200000b4   Section       12  main.o(.bss)
    T2Count                                  0x200000b4   Data          12  main.o(.bss)
    .bss                                     0x200000c0   Section       96  libspace.o(.bss)
    HEAP                                     0x20000120   Section      512  startup_stm32f10x_md.o(HEAP)
    Heap_Mem                                 0x20000120   Data         512  startup_stm32f10x_md.o(HEAP)
    STACK                                    0x20000320   Section     1024  startup_stm32f10x_md.o(STACK)
    Stack_Mem                                0x20000320   Data        1024  startup_stm32f10x_md.o(STACK)
    __initial_sp                             0x20000720   Data           0  startup_stm32f10x_md.o(STACK)

    Global Symbols

    Symbol Name                              Value     Ov Type        Size  Object(Section)

    BuildAttributes$$THM_ISAv4$P$D$K$B$S$PE$A:L22UL41UL21$X:L11$S22US41US21$IEEE1$IW$USESV6$~STKCKD$USESV7$~SHL$OSPACE$ROPI$EBA8$UX$STANDARDLIB$REQ8$PRES8$EABIv2 0x00000000   Number         0  anon$$obj.o ABSOLUTE
    __ARM_use_no_argv                        0x00000000   Number         0  main.o ABSOLUTE
    __ARM_exceptions_init                     - Undefined Weak Reference
    __alloca_initialize                       - Undefined Weak Reference
    __arm_preinit_                            - Undefined Weak Reference
    __cpp_initialize__aeabi_                  - Undefined Weak Reference
    __cxa_finalize                            - Undefined Weak Reference
    __rt_locale                               - Undefined Weak Reference
    __sigvec_lookup                           - Undefined Weak Reference
    _atexit_init                              - Undefined Weak Reference
    _call_atexit_fns                          - Undefined Weak Reference
    _clock_init                               - Undefined Weak Reference
    _fp_trap_init                             - Undefined Weak Reference
    _fp_trap_shutdown                         - Undefined Weak Reference
    _get_lc_collate                           - Undefined Weak Reference
    _get_lc_ctype                             - Undefined Weak Reference
    _get_lc_monetary                          - Undefined Weak Reference
    _get_lc_numeric                           - Undefined Weak Reference
    _get_lc_time                              - Undefined Weak Reference
    _getenv_init                              - Undefined Weak Reference
    _handle_redirection                       - Undefined Weak Reference
    _init_alloc                               - Undefined Weak Reference
    _init_user_alloc                          - Undefined Weak Reference
    _initio                                   - Undefined Weak Reference
    _rand_init                                - Undefined Weak Reference
    _signal_finish                            - Undefined Weak Reference
    _signal_init                              - Undefined Weak Reference
    _terminate_alloc                          - Undefined Weak Reference
    _terminate_user_alloc                     - Undefined Weak Reference
    _terminateio                              - Undefined Weak Reference
    __Vectors_Size                           0x000000ec   Number         0  startup_stm32f10x_md.o ABSOLUTE
    __Vectors                                0x08000000   Data           4  startup_stm32f10x_md.o(RESET)
    __Vectors_End                            0x080000ec   Data           0  startup_stm32f10x_md.o(RESET)
    __main                                   0x080000ed   Thumb Code     8  __main.o(!!!main)
    __scatterload                            0x080000f5   Thumb Code     0  __scatter.o(!!!scatter)
    __scatterload_rt2                        0x080000f5   Thumb Code    44  __scatter.o(!!!scatter)
    __scatterload_rt2_thumb_only             0x080000f5   Thumb Code     0  __scatter.o(!!!scatter)
    __scatterload_null                       0x08000103   Thumb Code     0  __scatter.o(!!!scatter)
    __scatterload_copy                       0x08000129   Thumb Code    26  __scatter_copy.o(!!handler_copy)
    __scatterload_zeroinit                   0x08000145   Thumb Code    28  __scatter_zi.o(!!handler_zi)
    __rt_lib_init                            0x08000161   Thumb Code     0  libinit.o(.ARM.Collect$$libinit$$00000000)
    __rt_lib_init_alloca_1                   0x08000163   Thumb Code     0  libinit2.o(.ARM.Collect$$libinit$$0000002E)
    __rt_lib_init_argv_1                     0x08000163   Thumb Code     0  libinit2.o(.ARM.Collect$$libinit$$0000002C)
    __rt_lib_init_atexit_1                   0x08000163   Thumb Code     0  libinit2.o(.ARM.Collect$$libinit$$0000001B)
    __rt_lib_init_clock_1                    0x08000163   Thumb Code     0  libinit2.o(.ARM.Collect$$libinit$$00000021)
    __rt_lib_init_cpp_1                      0x08000163   Thumb Code     0  libinit2.o(.ARM.Collect$$libinit$$00000032)
    __rt_lib_init_exceptions_1               0x08000163   Thumb Code     0  libinit2.o(.ARM.Collect$$libinit$$00000030)
    __rt_lib_init_fp_1                       0x08000163   Thumb Code     0  libinit2.o(.ARM.Collect$$libinit$$00000002)
    __rt_lib_init_fp_trap_1                  0x08000163   Thumb Code     0  libinit2.o(.ARM.Collect$$libinit$$0000001F)
    __rt_lib_init_getenv_1                   0x08000163   Thumb Code     0  libinit2.o(.ARM.Collect$$libinit$$00000023)
    __rt_lib_init_heap_1                     0x08000163   Thumb Code     0  libinit2.o(.ARM.Collect$$libinit$$0000000A)
    __rt_lib_init_lc_collate_1               0x08000163   Thumb Code     0  libinit2.o(.ARM.Collect$$libinit$$00000011)
    __rt_lib_init_lc_ctype_1                 0x08000163   Thumb Code     0  libinit2.o(.ARM.Collect$$libinit$$00000013)
    __rt_lib_init_lc_monetary_1              0x08000163   Thumb Code     0  libinit2.o(.ARM.Collect$$libinit$$00000015)
    __rt_lib_init_lc_numeric_1               0x08000163   Thumb Code     0  libinit2.o(.ARM.Collect$$libinit$$00000017)
    __rt_lib_init_lc_time_1                  0x08000163   Thumb Code     0  libinit2.o(.ARM.Collect$$libinit$$00000019)
    __rt_lib_init_preinit_1                  0x08000163   Thumb Code     0  libinit2.o(.ARM.Collect$$libinit$$00000004)
    __rt_lib_init_rand_1                     0x08000163   Thumb Code     0  libinit2.o(.ARM.Collect$$libinit$$0000000E)
    __rt_lib_init_return                     0x08000163   Thumb Code     0  libinit2.o(.ARM.Collect$$libinit$$00000033)
    __rt_lib_init_signal_1                   0x08000163   Thumb Code     0  libinit2.o(.ARM.Collect$$libinit$$0000001D)
    __rt_lib_init_stdio_1                    0x08000163   Thumb Code     0  libinit2.o(.ARM.Collect$$libinit$$00000025)
    __rt_lib_init_user_alloc_1               0x08000163   Thumb Code     0  libinit2.o(.ARM.Collect$$libinit$$0000000C)
    __rt_lib_shutdown                        0x08000165   Thumb Code     0  libshutdown.o(.ARM.Collect$$libshutdown$$00000000)
    __rt_lib_shutdown_cpp_1                  0x08000167   Thumb Code     0  libshutdown2.o(.ARM.Collect$$libshutdown$$00000002)
    __rt_lib_shutdown_fp_trap_1              0x08000167   Thumb Code     0  libshutdown2.o(.ARM.Collect$$libshutdown$$00000007)
    __rt_lib_shutdown_heap_1                 0x08000167   Thumb Code     0  libshutdown2.o(.ARM.Collect$$libshutdown$$0000000F)
    __rt_lib_shutdown_return                 0x08000167   Thumb Code     0  libshutdown2.o(.ARM.Collect$$libshutdown$$00000010)
    __rt_lib_shutdown_signal_1               0x08000167   Thumb Code     0  libshutdown2.o(.ARM.Collect$$libshutdown$$0000000A)
    __rt_lib_shutdown_stdio_1                0x08000167   Thumb Code     0  libshutdown2.o(.ARM.Collect$$libshutdown$$00000004)
    __rt_lib_shutdown_user_alloc_1           0x08000167   Thumb Code     0  libshutdown2.o(.ARM.Collect$$libshutdown$$0000000C)
    __rt_entry                               0x08000169   Thumb Code     0  __rtentry.o(.ARM.Collect$$rtentry$$00000000)
    __rt_entry_presh_1                       0x08000169   Thumb Code     0  __rtentry2.o(.ARM.Collect$$rtentry$$00000002)
    __rt_entry_sh                            0x08000169   Thumb Code     0  __rtentry4.o(.ARM.Collect$$rtentry$$00000004)
    __rt_entry_li                            0x0800016f   Thumb Code     0  __rtentry2.o(.ARM.Collect$$rtentry$$0000000A)
    __rt_entry_postsh_1                      0x0800016f   Thumb Code     0  __rtentry2.o(.ARM.Collect$$rtentry$$00000009)
    __rt_entry_main                          0x08000173   Thumb Code     0  __rtentry2.o(.ARM.Collect$$rtentry$$0000000D)
    __rt_entry_postli_1                      0x08000173   Thumb Code     0  __rtentry2.o(.ARM.Collect$$rtentry$$0000000C)
    __rt_exit                                0x0800017b   Thumb Code     0  rtexit.o(.ARM.Collect$$rtexit$$00000000)
    __rt_exit_ls                             0x0800017d   Thumb Code     0  rtexit2.o(.ARM.Collect$$rtexit$$00000003)
    __rt_exit_prels_1                        0x0800017d   Thumb Code     0  rtexit2.o(.ARM.Collect$$rtexit$$00000002)
    __rt_exit_exit                           0x08000181   Thumb Code     0  rtexit2.o(.ARM.Collect$$rtexit$$00000004)
    Reset_Handler                            0x08000189   Thumb Code     8  startup_stm32f10x_md.o(.text)
    ADC1_2_IRQHandler                        0x080001a3   Thumb Code     0  startup_stm32f10x_md.o(.text)
    CAN1_RX1_IRQHandler                      0x080001a3   Thumb Code     0  startup_stm32f10x_md.o(.text)
    CAN1_SCE_IRQHandler                      0x080001a3   Thumb Code     0  startup_stm32f10x_md.o(.text)
    DMA1_Channel1_IRQHandler                 0x080001a3   Thumb Code     0  startup_stm32f10x_md.o(.text)
    DMA1_Channel2_IRQHandler                 0x080001a3   Thumb Code     0  startup_stm32f10x_md.o(.text)
    DMA1_Channel3_IRQHandler                 0x080001a3   Thumb Code     0  startup_stm32f10x_md.o(.text)
    DMA1_Channel4_IRQHandler                 0x080001a3   Thumb Code     0  startup_stm32f10x_md.o(.text)
    DMA1_Channel5_IRQHandler                 0x080001a3   Thumb Code     0  startup_stm32f10x_md.o(.text)
    DMA1_Channel6_IRQHandler                 0x080001a3   Thumb Code     0  startup_stm32f10x_md.o(.text)
    DMA1_Channel7_IRQHandler                 0x080001a3   Thumb Code     0  startup_stm32f10x_md.o(.text)
    EXTI0_IRQHandler                         0x080001a3   Thumb Code     0  startup_stm32f10x_md.o(.text)
    EXTI15_10_IRQHandler                     0x080001a3   Thumb Code     0  startup_stm32f10x_md.o(.text)
    EXTI1_IRQHandler                         0x080001a3   Thumb Code     0  startup_stm32f10x_md.o(.text)
    EXTI2_IRQHandler                         0x080001a3   Thumb Code     0  startup_stm32f10x_md.o(.text)
    EXTI3_IRQHandler                         0x080001a3   Thumb Code     0  startup_stm32f10x_md.o(.text)
    EXTI4_IRQHandler                         0x080001a3   Thumb Code     0  startup_stm32f10x_md.o(.text)
    EXTI9_5_IRQHandler                       0x080001a3   Thumb Code     0  startup_stm32f10x_md.o(.text)
    FLASH_IRQHandler                         0x080001a3   Thumb Code     0  startup_stm32f10x_md.o(.text)
    I2C1_ER_IRQHandler                       0x080001a3   Thumb Code     0  startup_stm32f10x_md.o(.text)
    I2C1_EV_IRQHandler                       0x080001a3   Thumb Code     0  startup_stm32f10x_md.o(.text)
    I2C2_ER_IRQHandler                       0x080001a3   Thumb Code     0  startup_stm32f10x_md.o(.text)
    I2C2_EV_IRQHandler                       0x080001a3   Thumb Code     0  startup_stm32f10x_md.o(.text)
    PVD_IRQHandler                           0x080001a3   Thumb Code     0  startup_stm32f10x_md.o(.text)
    RCC_IRQHandler                           0x080001a3   Thumb Code     0  startup_stm32f10x_md.o(.text)
    RTCAlarm_IRQHandler                      0x080001a3   Thumb Code     0  startup_stm32f10x_md.o(.text)
    RTC_IRQHandler                           0x080001a3   Thumb Code     0  startup_stm32f10x_md.o(.text)
    SPI1_IRQHandler                          0x080001a3   Thumb Code     0  startup_stm32f10x_md.o(.text)
    SPI2_IRQHandler                          0x080001a3   Thumb Code     0  startup_stm32f10x_md.o(.text)
    TAMPER_IRQHandler                        0x080001a3   Thumb Code     0  startup_stm32f10x_md.o(.text)
    TIM1_BRK_IRQHandler                      0x080001a3   Thumb Code     0  startup_stm32f10x_md.o(.text)
    TIM1_CC_IRQHandler                       0x080001a3   Thumb Code     0  startup_stm32f10x_md.o(.text)
    TIM1_TRG_COM_IRQHandler                  0x080001a3   Thumb Code     0  startup_stm32f10x_md.o(.text)
    TIM1_UP_IRQHandler                       0x080001a3   Thumb Code     0  startup_stm32f10x_md.o(.text)
    TIM3_IRQHandler                          0x080001a3   Thumb Code     0  startup_stm32f10x_md.o(.text)
    USART2_IRQHandler                        0x080001a3   Thumb Code     0  startup_stm32f10x_md.o(.text)
    USART3_IRQHandler                        0x080001a3   Thumb Code     0  startup_stm32f10x_md.o(.text)
    USBWakeUp_IRQHandler                     0x080001a3   Thumb Code     0  startup_stm32f10x_md.o(.text)
    USB_HP_CAN1_TX_IRQHandler                0x080001a3   Thumb Code     0  startup_stm32f10x_md.o(.text)
    USB_LP_CAN1_RX0_IRQHandler               0x080001a3   Thumb Code     0  startup_stm32f10x_md.o(.text)
    WWDG_IRQHandler                          0x080001a3   Thumb Code     0  startup_stm32f10x_md.o(.text)
    __user_initial_stackheap                 0x080001a5   Thumb Code     0  startup_stm32f10x_md.o(.text)
    strcmp                                   0x080001c9   Thumb Code   128  strcmpv7m.o(.text)
    __use_two_region_memory                  0x08000249   Thumb Code     2  heapauxi.o(.text)
    __rt_heap_escrow$2region                 0x0800024b   Thumb Code     2  heapauxi.o(.text)
    __rt_heap_expand$2region                 0x0800024d   Thumb Code     2  heapauxi.o(.text)
    __user_setup_stackheap                   0x0800024f   Thumb Code    74  sys_stackheap_outer.o(.text)
    exit                                     0x08000299   Thumb Code    18  exit.o(.text)
    __user_libspace                          0x080002ad   Thumb Code     8  libspace.o(.text)
    __user_perproc_libspace                  0x080002ad   Thumb Code     0  libspace.o(.text)
    __user_perthread_libspace                0x080002ad   Thumb Code     0  libspace.o(.text)
    _sys_exit                                0x080002b5   Thumb Code     8  sys_exit.o(.text)
    __I$use$semihosting                      0x080002c1   Thumb Code     0  use_no_semi.o(.text)
    __use_no_semihosting_swi                 0x080002c1   Thumb Code     2  use_no_semi.o(.text)
    BusFault_Handler                         0x080002c3   Thumb Code     4  stm32f10x_it.o(i.BusFault_Handler)
    __semihosting_library_function           0x080002c3   Thumb Code     0  indicate_semi.o(.text)
    Data_Analyse                             0x080002c9   Thumb Code   108  main.o(i.Data_Analyse)
    DebugMon_Handler                         0x0800034d   Thumb Code     2  stm32f10x_it.o(i.DebugMon_Handler)
    Delay_ms                                 0x0800034f   Thumb Code    24  delay.o(i.Delay_ms)
    Delay_us                                 0x08000367   Thumb Code    46  delay.o(i.Delay_us)
    Distance_Get                             0x08000395   Thumb Code   334  main.o(i.Distance_Get)
    GPIO_Init                                0x080004fd   Thumb Code   278  stm32f10x_gpio.o(i.GPIO_Init)
    GPIO_PinRemapConfig                      0x08000615   Thumb Code   138  stm32f10x_gpio.o(i.GPIO_PinRemapConfig)
    GPIO_ReadOutputDataBit                   0x080006a5   Thumb Code    18  stm32f10x_gpio.o(i.GPIO_ReadOutputDataBit)
    GPIO_ResetBits                           0x080006b7   Thumb Code     4  stm32f10x_gpio.o(i.GPIO_ResetBits)
    GPIO_SetBits                             0x080006bb   Thumb Code     4  stm32f10x_gpio.o(i.GPIO_SetBits)
    GPIO_WriteBit                            0x080006bf   Thumb Code    10  stm32f10x_gpio.o(i.GPIO_WriteBit)
    GetBirdNum                               0x080006c9   Thumb Code    70  main.o(i.GetBirdNum)
    HardFault_Handler                        0x08000721   Thumb Code     4  stm32f10x_it.o(i.HardFault_Handler)
    Hcsr04_GetDistance1                      0x08000725   Thumb Code   130  hcsr04.o(i.Hcsr04_GetDistance1)
    Hcsr04_GetDistance2                      0x080007c5   Thumb Code   128  hcsr04.o(i.Hcsr04_GetDistance2)
    Hcsr04_GetDistance3                      0x08000861   Thumb Code   128  hcsr04.o(i.Hcsr04_GetDistance3)
    Hcsr04_GetDistance4                      0x080008fd   Thumb Code   128  hcsr04.o(i.Hcsr04_GetDistance4)
    Hcsr04_Init                              0x08000999   Thumb Code   122  hcsr04.o(i.Hcsr04_Init)
    LEDO_OFF                                 0x08000a21   Thumb Code    14  led.o(i.LEDO_OFF)
    LEDO_ON                                  0x08000a35   Thumb Code    14  led.o(i.LEDO_ON)
    LED_Init                                 0x08000a49   Thumb Code    92  led.o(i.LED_Init)
    MemManage_Handler                        0x08000aad   Thumb Code     4  stm32f10x_it.o(i.MemManage_Handler)
    NMI_Handler                              0x08000ab1   Thumb Code     2  stm32f10x_it.o(i.NMI_Handler)
    NRF24L01_DataReset                       0x08000ab5   Thumb Code    32  nrf24l01.o(i.NRF24L01_DataReset)
    NRF24L01_GetData                         0x08000ad9   Thumb Code     8  nrf24l01.o(i.NRF24L01_GetData)
    NRF24L01_Init                            0x08000ae5   Thumb Code   314  nrf24l01.o(i.NRF24L01_Init)
    NRF24L01_ReadByte                        0x08000c2d   Thumb Code    42  nrf24l01.o(i.NRF24L01_ReadByte)
    NRF24L01_ReadData                        0x08000c5d   Thumb Code    64  nrf24l01.o(i.NRF24L01_ReadData)
    NRF24L01_ReceiveData                     0x08000ca1   Thumb Code    58  nrf24l01.o(i.NRF24L01_ReceiveData)
    NRF24L01_WriteByte                       0x08000ce5   Thumb Code    44  nrf24l01.o(i.NRF24L01_WriteByte)
    NRF24L01_WriteData                       0x08000d15   Thumb Code    62  nrf24l01.o(i.NRF24L01_WriteData)
    NVIC_Init                                0x08000d81   Thumb Code   100  misc.o(i.NVIC_Init)
    NVIC_PriorityGroupConfig                 0x08000df1   Thumb Code    10  misc.o(i.NVIC_PriorityGroupConfig)
    OLED_Clear                               0x08000e05   Thumb Code    42  oled.o(i.OLED_Clear)
    OLED_I2C_Init                            0x08000e31   Thumb Code    76  oled.o(i.OLED_I2C_Init)
    OLED_I2C_SendByte                        0x08000e81   Thumb Code    80  oled.o(i.OLED_I2C_SendByte)
    OLED_I2C_Start                           0x08000ed5   Thumb Code    48  oled.o(i.OLED_I2C_Start)
    OLED_I2C_Stop                            0x08000f09   Thumb Code    36  oled.o(i.OLED_I2C_Stop)
    OLED_Init                                0x08000f31   Thumb Code   174  oled.o(i.OLED_Init)
    OLED_Pow                                 0x08000fdf   Thumb Code    20  oled.o(i.OLED_Pow)
    OLED_SetCursor                           0x08000ff3   Thumb Code    38  oled.o(i.OLED_SetCursor)
    OLED_ShowChar                            0x08001019   Thumb Code   110  oled.o(i.OLED_ShowChar)
    OLED_ShowHexNum                          0x0800108d   Thumb Code    84  oled.o(i.OLED_ShowHexNum)
    OLED_ShowNum                             0x080010e1   Thumb Code    68  oled.o(i.OLED_ShowNum)
    OLED_ShowString                          0x08001125   Thumb Code    40  oled.o(i.OLED_ShowString)
    OLED_WriteCommand                        0x0800114d   Thumb Code    32  oled.o(i.OLED_WriteCommand)
    OLED_WriteData                           0x0800116d   Thumb Code    32  oled.o(i.OLED_WriteData)
    PendSV_Handler                           0x0800118d   Thumb Code     2  stm32f10x_it.o(i.PendSV_Handler)
    RCC_APB1PeriphClockCmd                   0x08001191   Thumb Code    26  stm32f10x_rcc.o(i.RCC_APB1PeriphClockCmd)
    RCC_APB1PeriphResetCmd                   0x080011b1   Thumb Code    26  stm32f10x_rcc.o(i.RCC_APB1PeriphResetCmd)
    RCC_APB2PeriphClockCmd                   0x080011d1   Thumb Code    26  stm32f10x_rcc.o(i.RCC_APB2PeriphClockCmd)
    RCC_APB2PeriphResetCmd                   0x080011f1   Thumb Code    26  stm32f10x_rcc.o(i.RCC_APB2PeriphResetCmd)
    RCC_GetClocksFreq                        0x08001211   Thumb Code   192  stm32f10x_rcc.o(i.RCC_GetClocksFreq)
    RX_Mode                                  0x080012e5   Thumb Code    82  nrf24l01.o(i.RX_Mode)
    Relay_Init                               0x08001341   Thumb Code    88  relay.o(i.Relay_Init)
    Relay_Set                                0x080013a1   Thumb Code   116  relay.o(i.Relay_Set)
    Robot_Init                               0x08001419   Thumb Code    64  robot.o(i.Robot_Init)
    Robot_Move                               0x08001469   Thumb Code    28  robot.o(i.Robot_Move)
    SPI_Cmd                                  0x0800148d   Thumb Code    24  stm32f10x_spi.o(i.SPI_Cmd)
    SPI_I2S_GetFlagStatus                    0x080014a5   Thumb Code    18  stm32f10x_spi.o(i.SPI_I2S_GetFlagStatus)
    SPI_I2S_ReceiveData                      0x080014b7   Thumb Code     6  stm32f10x_spi.o(i.SPI_I2S_ReceiveData)
    SPI_I2S_SendData                         0x080014bd   Thumb Code     4  stm32f10x_spi.o(i.SPI_I2S_SendData)
    SPI_Init                                 0x080014c1   Thumb Code    60  stm32f10x_spi.o(i.SPI_Init)
    SPI_SendByte                             0x080014fd   Thumb Code   102  nrf24l01.o(i.SPI_SendByte)
    SVC_Handler                              0x08001581   Thumb Code     2  stm32f10x_it.o(i.SVC_Handler)
    Speed                                    0x0800166d   Thumb Code    10  main.o(i.Speed)
    SpeedConversion                          0x08001681   Thumb Code    86  robot.o(i.SpeedConversion)
    State1                                   0x080016e1   Thumb Code   520  main.o(i.State1)
    State2                                   0x0800190d   Thumb Code   254  main.o(i.State2)
    SysTick_Handler                          0x08001a29   Thumb Code     2  stm32f10x_it.o(i.SysTick_Handler)
    SystemInit                               0x08001a2d   Thumb Code    78  system_stm32f10x.o(i.SystemInit)
    TIM2_IRQHandler                          0x08001ccd   Thumb Code   164  main.o(i.TIM2_IRQHandler)
    TIM2_Init                                0x08001d81   Thumb Code   100  tim2.o(i.TIM2_Init)
    TIM4_IRQHandler                          0x08001de5   Thumb Code   400  hcsr04.o(i.TIM4_IRQHandler)
    TIM4_Init                                0x08001f9d   Thumb Code   192  tim4.o(i.TIM4_Init)
    TIM_ClearFlag                            0x08002061   Thumb Code     6  stm32f10x_tim.o(i.TIM_ClearFlag)
    TIM_ClearITPendingBit                    0x08002067   Thumb Code     6  stm32f10x_tim.o(i.TIM_ClearITPendingBit)
    TIM_Cmd                                  0x0800206d   Thumb Code    24  stm32f10x_tim.o(i.TIM_Cmd)
    TIM_DeInit                               0x08002085   Thumb Code   424  stm32f10x_tim.o(i.TIM_DeInit)
    TIM_GetCapture1                          0x0800226d   Thumb Code     6  stm32f10x_tim.o(i.TIM_GetCapture1)
    TIM_GetCapture2                          0x08002273   Thumb Code     6  stm32f10x_tim.o(i.TIM_GetCapture2)
    TIM_GetCapture3                          0x08002279   Thumb Code     6  stm32f10x_tim.o(i.TIM_GetCapture3)
    TIM_GetCapture4                          0x0800227f   Thumb Code     8  stm32f10x_tim.o(i.TIM_GetCapture4)
    TIM_GetFlagStatus                        0x08002287   Thumb Code    18  stm32f10x_tim.o(i.TIM_GetFlagStatus)
    TIM_ICInit                               0x08002299   Thumb Code   150  stm32f10x_tim.o(i.TIM_ICInit)
    TIM_ITConfig                             0x08002345   Thumb Code    18  stm32f10x_tim.o(i.TIM_ITConfig)
    TIM_OC1PolarityConfig                    0x08002357   Thumb Code    18  stm32f10x_tim.o(i.TIM_OC1PolarityConfig)
    TIM_OC2PolarityConfig                    0x08002369   Thumb Code    26  stm32f10x_tim.o(i.TIM_OC2PolarityConfig)
    TIM_OC3PolarityConfig                    0x08002383   Thumb Code    26  stm32f10x_tim.o(i.TIM_OC3PolarityConfig)
    TIM_OC4PolarityConfig                    0x0800239d   Thumb Code    26  stm32f10x_tim.o(i.TIM_OC4PolarityConfig)
    TIM_SetCounter                           0x080023b7   Thumb Code     4  stm32f10x_tim.o(i.TIM_SetCounter)
    TIM_SetIC1Prescaler                      0x080023bb   Thumb Code    18  stm32f10x_tim.o(i.TIM_SetIC1Prescaler)
    TIM_SetIC2Prescaler                      0x080023cd   Thumb Code    26  stm32f10x_tim.o(i.TIM_SetIC2Prescaler)
    TIM_SetIC3Prescaler                      0x080023e7   Thumb Code    18  stm32f10x_tim.o(i.TIM_SetIC3Prescaler)
    TIM_SetIC4Prescaler                      0x080023f9   Thumb Code    26  stm32f10x_tim.o(i.TIM_SetIC4Prescaler)
    TIM_TimeBaseInit                         0x08002415   Thumb Code   122  stm32f10x_tim.o(i.TIM_TimeBaseInit)
    TSDA_Data                                0x080024b9   Thumb Code    76  tsda.o(i.TSDA_Data)
    TSDA_Order                               0x08002505   Thumb Code    56  tsda.o(i.TSDA_Order)
    USART1_Config                            0x0800253d   Thumb Code   174  usart.o(i.USART1_Config)
    USART1_GetFeedTime                       0x080025f5   Thumb Code   268  usart.o(i.USART1_GetFeedTime)
    USART1_IRQHandler                        0x0800271d   Thumb Code    86  usart.o(i.USART1_IRQHandler)
    USART_ClearITPendingBit                  0x08002785   Thumb Code    30  stm32f10x_usart.o(i.USART_ClearITPendingBit)
    USART_Cmd                                0x080027a3   Thumb Code    24  stm32f10x_usart.o(i.USART_Cmd)
    USART_Config                             0x080027bd   Thumb Code   260  bsp_usart.o(i.USART_Config)
    USART_GetFlagStatus                      0x080028d1   Thumb Code    26  stm32f10x_usart.o(i.USART_GetFlagStatus)
    USART_ITConfig                           0x080028eb   Thumb Code    74  stm32f10x_usart.o(i.USART_ITConfig)
    USART_Init                               0x08002935   Thumb Code   210  stm32f10x_usart.o(i.USART_Init)
    USART_ReceiveData                        0x08002a0d   Thumb Code    10  stm32f10x_usart.o(i.USART_ReceiveData)
    USART_SendData                           0x08002a17   Thumb Code     8  stm32f10x_usart.o(i.USART_SendData)
    UsageFault_Handler                       0x08002a1f   Thumb Code     4  stm32f10x_it.o(i.UsageFault_Handler)
    Usart_SendByte                           0x08002a23   Thumb Code    34  bsp_usart.o(i.Usart_SendByte)
    While_Init                               0x08002a45   Thumb Code   278  main.o(i.While_Init)
    main                                     0x08002b7d   Thumb Code   292  main.o(i.main)
    __aeabi_d2f                              0x08002cf1   Thumb Code     0  d2f.o(x$fpl$d2f)
    _d2f                                     0x08002cf1   Thumb Code    98  d2f.o(x$fpl$d2f)
    __aeabi_ddiv                             0x08002d55   Thumb Code     0  ddiv.o(x$fpl$ddiv)
    _ddiv                                    0x08002d55   Thumb Code   552  ddiv.o(x$fpl$ddiv)
    __aeabi_d2iz                             0x08003005   Thumb Code     0  dfix.o(x$fpl$dfix)
    _dfix                                    0x08003005   Thumb Code    94  dfix.o(x$fpl$dfix)
    __aeabi_i2d                              0x08003063   Thumb Code     0  dflt_clz.o(x$fpl$dflt)
    _dflt                                    0x08003063   Thumb Code    46  dflt_clz.o(x$fpl$dflt)
    __aeabi_dmul                             0x08003091   Thumb Code     0  dmul.o(x$fpl$dmul)
    _dmul                                    0x08003091   Thumb Code   332  dmul.o(x$fpl$dmul)
    __fpl_dnaninf                            0x080031e5   Thumb Code   156  dnaninf.o(x$fpl$dnaninf)
    __fpl_dretinf                            0x08003281   Thumb Code    12  dretinf.o(x$fpl$dretinf)
    __aeabi_f2d                              0x0800328d   Thumb Code     0  f2d.o(x$fpl$f2d)
    _f2d                                     0x0800328d   Thumb Code    86  f2d.o(x$fpl$f2d)
    __aeabi_fadd                             0x080032e5   Thumb Code     0  faddsub_clz.o(x$fpl$fadd)
    _fadd                                    0x080032e5   Thumb Code   196  faddsub_clz.o(x$fpl$fadd)
    __aeabi_fdiv                             0x080033a9   Thumb Code     0  fdiv.o(x$fpl$fdiv)
    _fdiv                                    0x080033a9   Thumb Code   384  fdiv.o(x$fpl$fdiv)
    __aeabi_f2uiz                            0x0800352d   Thumb Code     0  ffixu.o(x$fpl$ffixu)
    _ffixu                                   0x0800352d   Thumb Code    62  ffixu.o(x$fpl$ffixu)
    __aeabi_ui2f                             0x0800356d   Thumb Code     0  fflt_clz.o(x$fpl$ffltu)
    _ffltu                                   0x0800356d   Thumb Code    38  fflt_clz.o(x$fpl$ffltu)
    __fpl_fnaninf                            0x08003593   Thumb Code   140  fnaninf.o(x$fpl$fnaninf)
    __fpl_fretinf                            0x0800361f   Thumb Code    10  fretinf.o(x$fpl$fretinf)
    __aeabi_fsub                             0x08003629   Thumb Code     0  faddsub_clz.o(x$fpl$fsub)
    _fsub                                    0x08003629   Thumb Code   234  faddsub_clz.o(x$fpl$fsub)
    OLED_F8x16                               0x08003712   Data        1520  oled.o(.constdata)
    __I$use$fp                               0x08003712   Number         0  usenofp.o(x$fpl$usenofp)
    Region$$Table$$Base                      0x08003d04   Number         0  anon$$obj.o(Region$$Table)
    Region$$Table$$Limit                     0x08003d24   Number         0  anon$$obj.o(Region$$Table)
    Data                                     0x20000014   Data           2  usart.o(.data)
    i                                        0x20000016   Data           1  usart.o(.data)
    Status                                   0x20000018   Data           1  nrf24l01.o(.data)
    TX_ADDRESS                               0x20000019   Data           5  nrf24l01.o(.data)
    RX_BUF                                   0x2000001e   Data           8  nrf24l01.o(.data)
    TX_BUF                                   0x20000026   Data           8  nrf24l01.o(.data)
    Up_Down_Flag1                            0x20000034   Data           1  hcsr04.o(.data)
    Up_Down_Flag2                            0x20000035   Data           1  hcsr04.o(.data)
    Up_Down_Flag3                            0x20000036   Data           1  hcsr04.o(.data)
    Up_Down_Flag4                            0x20000037   Data           1  hcsr04.o(.data)
    Hcsr04_Value1                            0x20000038   Data           4  hcsr04.o(.data)
    Hcsr04_Value2                            0x2000003c   Data           4  hcsr04.o(.data)
    Hcsr04_Value3                            0x20000040   Data           4  hcsr04.o(.data)
    Hcsr04_Value4                            0x20000044   Data           4  hcsr04.o(.data)
    Set_Data                                 0x20000058   Data           2  main.o(.data)
    Set_Speed                                0x2000005a   Data           2  main.o(.data)
    Num                                      0x2000005c   Data           2  main.o(.data)
    Flag                                     0x2000005e   Data           1  main.o(.data)
    Hcsr04_StartFlag                         0x2000005f   Data           1  main.o(.data)
    feedTime1                                0x20000060   Data           1  main.o(.data)
    feedTime2                                0x20000061   Data           1  main.o(.data)
    feedTime3                                0x20000062   Data           1  main.o(.data)
    Bird1                                    0x20000063   Data           1  main.o(.data)
    Bird2                                    0x20000064   Data           1  main.o(.data)
    Bird3                                    0x20000065   Data           1  main.o(.data)
    Info1                                    0x20000066   Data           1  main.o(.data)
    Info2                                    0x20000067   Data           1  main.o(.data)
    Info3                                    0x20000068   Data           1  main.o(.data)
    Info4                                    0x20000069   Data           1  main.o(.data)
    State0                                   0x2000006a   Data           1  main.o(.data)
    X                                        0x2000006b   Data           1  main.o(.data)
    Y                                        0x2000006c   Data           1  main.o(.data)
    Value                                    0x2000006d   Data           1  main.o(.data)
    Distance1                                0x20000070   Data           4  main.o(.data)
    Distance2                                0x20000074   Data           4  main.o(.data)
    Distance3                                0x20000078   Data           4  main.o(.data)
    Distance4                                0x2000007c   Data           4  main.o(.data)
    SpeedLeft                                0x20000080   Data           2  main.o(.data)
    SpeedRight                               0x20000082   Data           2  main.o(.data)
    LeftCalibration                          0x20000084   Data           1  main.o(.data)
    RightCalibration                         0x20000085   Data           1  main.o(.data)
    LeftInversion                            0x20000086   Data           1  main.o(.data)
    RightInversion                           0x20000087   Data           1  main.o(.data)
    DataReset                                0x20000088   Data           1  main.o(.data)
    State                                    0x20000089   Data           1  main.o(.data)
    Timeout                                  0x2000008c   Data           4  main.o(.data)
    USART_Temp                               0x20000094   Data          13  usart.o(.bss)
    T4Count                                  0x200000a4   Data          16  hcsr04.o(.bss)
    __libspace_start                         0x200000c0   Data          96  libspace.o(.bss)
    __temporary_stack_top$libspace           0x20000120   Data           0  libspace.o(.bss)



==============================================================================

Memory Map of the image

  Image Entry point : 0x080000ed

  Load Region LR_IROM1 (Base: 0x08000000, Size: 0x00003db8, Max: 0x00010000, ABSOLUTE)

    Execution Region ER_IROM1 (Exec base: 0x08000000, Load base: 0x08000000, Size: 0x00003d24, Max: 0x00010000, ABSOLUTE)

    Exec Addr    Load Addr    Size         Type   Attr      Idx    E Section Name        Object

    0x08000000   0x08000000   0x000000ec   Data   RO            3    RESET               startup_stm32f10x_md.o
    0x080000ec   0x080000ec   0x00000008   Code   RO         4029  * !!!main             c_w.l(__main.o)
    0x080000f4   0x080000f4   0x00000034   Code   RO         4235    !!!scatter          c_w.l(__scatter.o)
    0x08000128   0x08000128   0x0000001a   Code   RO         4237    !!handler_copy      c_w.l(__scatter_copy.o)
    0x08000142   0x08000142   0x00000002   PAD
    0x08000144   0x08000144   0x0000001c   Code   RO         4239    !!handler_zi        c_w.l(__scatter_zi.o)
    0x08000160   0x08000160   0x00000002   Code   RO         4105    .ARM.Collect$$libinit$$00000000  c_w.l(libinit.o)
    0x08000162   0x08000162   0x00000000   Code   RO         4112    .ARM.Collect$$libinit$$00000002  c_w.l(libinit2.o)
    0x08000162   0x08000162   0x00000000   Code   RO         4114    .ARM.Collect$$libinit$$00000004  c_w.l(libinit2.o)
    0x08000162   0x08000162   0x00000000   Code   RO         4117    .ARM.Collect$$libinit$$0000000A  c_w.l(libinit2.o)
    0x08000162   0x08000162   0x00000000   Code   RO         4119    .ARM.Collect$$libinit$$0000000C  c_w.l(libinit2.o)
    0x08000162   0x08000162   0x00000000   Code   RO         4121    .ARM.Collect$$libinit$$0000000E  c_w.l(libinit2.o)
    0x08000162   0x08000162   0x00000000   Code   RO         4124    .ARM.Collect$$libinit$$00000011  c_w.l(libinit2.o)
    0x08000162   0x08000162   0x00000000   Code   RO         4126    .ARM.Collect$$libinit$$00000013  c_w.l(libinit2.o)
    0x08000162   0x08000162   0x00000000   Code   RO         4128    .ARM.Collect$$libinit$$00000015  c_w.l(libinit2.o)
    0x08000162   0x08000162   0x00000000   Code   RO         4130    .ARM.Collect$$libinit$$00000017  c_w.l(libinit2.o)
    0x08000162   0x08000162   0x00000000   Code   RO         4132    .ARM.Collect$$libinit$$00000019  c_w.l(libinit2.o)
    0x08000162   0x08000162   0x00000000   Code   RO         4134    .ARM.Collect$$libinit$$0000001B  c_w.l(libinit2.o)
    0x08000162   0x08000162   0x00000000   Code   RO         4136    .ARM.Collect$$libinit$$0000001D  c_w.l(libinit2.o)
    0x08000162   0x08000162   0x00000000   Code   RO         4138    .ARM.Collect$$libinit$$0000001F  c_w.l(libinit2.o)
    0x08000162   0x08000162   0x00000000   Code   RO         4140    .ARM.Collect$$libinit$$00000021  c_w.l(libinit2.o)
    0x08000162   0x08000162   0x00000000   Code   RO         4142    .ARM.Collect$$libinit$$00000023  c_w.l(libinit2.o)
    0x08000162   0x08000162   0x00000000   Code   RO         4144    .ARM.Collect$$libinit$$00000025  c_w.l(libinit2.o)
    0x08000162   0x08000162   0x00000000   Code   RO         4148    .ARM.Collect$$libinit$$0000002C  c_w.l(libinit2.o)
    0x08000162   0x08000162   0x00000000   Code   RO         4150    .ARM.Collect$$libinit$$0000002E  c_w.l(libinit2.o)
    0x08000162   0x08000162   0x00000000   Code   RO         4152    .ARM.Collect$$libinit$$00000030  c_w.l(libinit2.o)
    0x08000162   0x08000162   0x00000000   Code   RO         4154    .ARM.Collect$$libinit$$00000032  c_w.l(libinit2.o)
    0x08000162   0x08000162   0x00000002   Code   RO         4155    .ARM.Collect$$libinit$$00000033  c_w.l(libinit2.o)
    0x08000164   0x08000164   0x00000002   Code   RO         4175    .ARM.Collect$$libshutdown$$00000000  c_w.l(libshutdown.o)
    0x08000166   0x08000166   0x00000000   Code   RO         4188    .ARM.Collect$$libshutdown$$00000002  c_w.l(libshutdown2.o)
    0x08000166   0x08000166   0x00000000   Code   RO         4190    .ARM.Collect$$libshutdown$$00000004  c_w.l(libshutdown2.o)
    0x08000166   0x08000166   0x00000000   Code   RO         4193    .ARM.Collect$$libshutdown$$00000007  c_w.l(libshutdown2.o)
    0x08000166   0x08000166   0x00000000   Code   RO         4196    .ARM.Collect$$libshutdown$$0000000A  c_w.l(libshutdown2.o)
    0x08000166   0x08000166   0x00000000   Code   RO         4198    .ARM.Collect$$libshutdown$$0000000C  c_w.l(libshutdown2.o)
    0x08000166   0x08000166   0x00000000   Code   RO         4201    .ARM.Collect$$libshutdown$$0000000F  c_w.l(libshutdown2.o)
    0x08000166   0x08000166   0x00000002   Code   RO         4202    .ARM.Collect$$libshutdown$$00000010  c_w.l(libshutdown2.o)
    0x08000168   0x08000168   0x00000000   Code   RO         4071    .ARM.Collect$$rtentry$$00000000  c_w.l(__rtentry.o)
    0x08000168   0x08000168   0x00000000   Code   RO         4082    .ARM.Collect$$rtentry$$00000002  c_w.l(__rtentry2.o)
    0x08000168   0x08000168   0x00000006   Code   RO         4094    .ARM.Collect$$rtentry$$00000004  c_w.l(__rtentry4.o)
    0x0800016e   0x0800016e   0x00000000   Code   RO         4084    .ARM.Collect$$rtentry$$00000009  c_w.l(__rtentry2.o)
    0x0800016e   0x0800016e   0x00000004   Code   RO         4085    .ARM.Collect$$rtentry$$0000000A  c_w.l(__rtentry2.o)
    0x08000172   0x08000172   0x00000000   Code   RO         4087    .ARM.Collect$$rtentry$$0000000C  c_w.l(__rtentry2.o)
    0x08000172   0x08000172   0x00000008   Code   RO         4088    .ARM.Collect$$rtentry$$0000000D  c_w.l(__rtentry2.o)
    0x0800017a   0x0800017a   0x00000002   Code   RO         4109    .ARM.Collect$$rtexit$$00000000  c_w.l(rtexit.o)
    0x0800017c   0x0800017c   0x00000000   Code   RO         4157    .ARM.Collect$$rtexit$$00000002  c_w.l(rtexit2.o)
    0x0800017c   0x0800017c   0x00000004   Code   RO         4158    .ARM.Collect$$rtexit$$00000003  c_w.l(rtexit2.o)
    0x08000180   0x08000180   0x00000006   Code   RO         4159    .ARM.Collect$$rtexit$$00000004  c_w.l(rtexit2.o)
    0x08000186   0x08000186   0x00000002   PAD
    0x08000188   0x08000188   0x00000040   Code   RO            4    .text               startup_stm32f10x_md.o
    0x080001c8   0x080001c8   0x00000080   Code   RO         4025    .text               c_w.l(strcmpv7m.o)
    0x08000248   0x08000248   0x00000006   Code   RO         4027    .text               c_w.l(heapauxi.o)
    0x0800024e   0x0800024e   0x0000004a   Code   RO         4096    .text               c_w.l(sys_stackheap_outer.o)
    0x08000298   0x08000298   0x00000012   Code   RO         4098    .text               c_w.l(exit.o)
    0x080002aa   0x080002aa   0x00000002   PAD
    0x080002ac   0x080002ac   0x00000008   Code   RO         4106    .text               c_w.l(libspace.o)
    0x080002b4   0x080002b4   0x0000000c   Code   RO         4167    .text               c_w.l(sys_exit.o)
    0x080002c0   0x080002c0   0x00000002   Code   RO         4178    .text               c_w.l(use_no_semi.o)
    0x080002c2   0x080002c2   0x00000000   Code   RO         4180    .text               c_w.l(indicate_semi.o)
    0x080002c2   0x080002c2   0x00000004   Code   RO         3960    i.BusFault_Handler  stm32f10x_it.o
    0x080002c6   0x080002c6   0x00000002   PAD
    0x080002c8   0x080002c8   0x00000084   Code   RO         3856    i.Data_Analyse      main.o
    0x0800034c   0x0800034c   0x00000002   Code   RO         3961    i.DebugMon_Handler  stm32f10x_it.o
    0x0800034e   0x0800034e   0x00000018   Code   RO         3196    i.Delay_ms          delay.o
    0x08000366   0x08000366   0x0000002e   Code   RO         3198    i.Delay_us          delay.o
    0x08000394   0x08000394   0x00000168   Code   RO         3857    i.Distance_Get      main.o
    0x080004fc   0x080004fc   0x00000116   Code   RO         1347    i.GPIO_Init         stm32f10x_gpio.o
    0x08000612   0x08000612   0x00000002   PAD
    0x08000614   0x08000614   0x00000090   Code   RO         1349    i.GPIO_PinRemapConfig  stm32f10x_gpio.o
    0x080006a4   0x080006a4   0x00000012   Code   RO         1353    i.GPIO_ReadOutputDataBit  stm32f10x_gpio.o
    0x080006b6   0x080006b6   0x00000004   Code   RO         1354    i.GPIO_ResetBits    stm32f10x_gpio.o
    0x080006ba   0x080006ba   0x00000004   Code   RO         1355    i.GPIO_SetBits      stm32f10x_gpio.o
    0x080006be   0x080006be   0x0000000a   Code   RO         1358    i.GPIO_WriteBit     stm32f10x_gpio.o
    0x080006c8   0x080006c8   0x00000058   Code   RO         3858    i.GetBirdNum        main.o
    0x08000720   0x08000720   0x00000004   Code   RO         3962    i.HardFault_Handler  stm32f10x_it.o
    0x08000724   0x08000724   0x000000a0   Code   RO         3798    i.Hcsr04_GetDistance1  hcsr04.o
    0x080007c4   0x080007c4   0x0000009c   Code   RO         3799    i.Hcsr04_GetDistance2  hcsr04.o
    0x08000860   0x08000860   0x0000009c   Code   RO         3800    i.Hcsr04_GetDistance3  hcsr04.o
    0x080008fc   0x080008fc   0x0000009c   Code   RO         3801    i.Hcsr04_GetDistance4  hcsr04.o
    0x08000998   0x08000998   0x00000088   Code   RO         3802    i.Hcsr04_Init       hcsr04.o
    0x08000a20   0x08000a20   0x00000014   Code   RO         3392    i.LEDO_OFF          led.o
    0x08000a34   0x08000a34   0x00000014   Code   RO         3393    i.LEDO_ON           led.o
    0x08000a48   0x08000a48   0x00000064   Code   RO         3394    i.LED_Init          led.o
    0x08000aac   0x08000aac   0x00000004   Code   RO         3963    i.MemManage_Handler  stm32f10x_it.o
    0x08000ab0   0x08000ab0   0x00000002   Code   RO         3964    i.NMI_Handler       stm32f10x_it.o
    0x08000ab2   0x08000ab2   0x00000002   PAD
    0x08000ab4   0x08000ab4   0x00000024   Code   RO         3555    i.NRF24L01_DataReset  nrf24l01.o
    0x08000ad8   0x08000ad8   0x0000000c   Code   RO         3556    i.NRF24L01_GetData  nrf24l01.o
    0x08000ae4   0x08000ae4   0x00000148   Code   RO         3557    i.NRF24L01_Init     nrf24l01.o
    0x08000c2c   0x08000c2c   0x00000030   Code   RO         3558    i.NRF24L01_ReadByte  nrf24l01.o
    0x08000c5c   0x08000c5c   0x00000044   Code   RO         3559    i.NRF24L01_ReadData  nrf24l01.o
    0x08000ca0   0x08000ca0   0x00000044   Code   RO         3560    i.NRF24L01_ReceiveData  nrf24l01.o
    0x08000ce4   0x08000ce4   0x00000030   Code   RO         3564    i.NRF24L01_WriteByte  nrf24l01.o
    0x08000d14   0x08000d14   0x00000044   Code   RO         3565    i.NRF24L01_WriteData  nrf24l01.o
    0x08000d58   0x08000d58   0x00000026   Code   RO         3718    i.NVIC_Configuration  bsp_usart.o
    0x08000d7e   0x08000d7e   0x00000002   PAD
    0x08000d80   0x08000d80   0x00000070   Code   RO          137    i.NVIC_Init         misc.o
    0x08000df0   0x08000df0   0x00000014   Code   RO          138    i.NVIC_PriorityGroupConfig  misc.o
    0x08000e04   0x08000e04   0x0000002a   Code   RO         3446    i.OLED_Clear        oled.o
    0x08000e2e   0x08000e2e   0x00000002   PAD
    0x08000e30   0x08000e30   0x00000050   Code   RO         3447    i.OLED_I2C_Init     oled.o
    0x08000e80   0x08000e80   0x00000054   Code   RO         3448    i.OLED_I2C_SendByte  oled.o
    0x08000ed4   0x08000ed4   0x00000034   Code   RO         3449    i.OLED_I2C_Start    oled.o
    0x08000f08   0x08000f08   0x00000028   Code   RO         3450    i.OLED_I2C_Stop     oled.o
    0x08000f30   0x08000f30   0x000000ae   Code   RO         3451    i.OLED_Init         oled.o
    0x08000fde   0x08000fde   0x00000014   Code   RO         3452    i.OLED_Pow          oled.o
    0x08000ff2   0x08000ff2   0x00000026   Code   RO         3453    i.OLED_SetCursor    oled.o
    0x08001018   0x08001018   0x00000074   Code   RO         3455    i.OLED_ShowChar     oled.o
    0x0800108c   0x0800108c   0x00000054   Code   RO         3456    i.OLED_ShowHexNum   oled.o
    0x080010e0   0x080010e0   0x00000044   Code   RO         3457    i.OLED_ShowNum      oled.o
    0x08001124   0x08001124   0x00000028   Code   RO         3459    i.OLED_ShowString   oled.o
    0x0800114c   0x0800114c   0x00000020   Code   RO         3460    i.OLED_WriteCommand  oled.o
    0x0800116c   0x0800116c   0x00000020   Code   RO         3461    i.OLED_WriteData    oled.o
    0x0800118c   0x0800118c   0x00000002   Code   RO         3965    i.PendSV_Handler    stm32f10x_it.o
    0x0800118e   0x0800118e   0x00000002   PAD
    0x08001190   0x08001190   0x00000020   Code   RO         1775    i.RCC_APB1PeriphClockCmd  stm32f10x_rcc.o
    0x080011b0   0x080011b0   0x00000020   Code   RO         1776    i.RCC_APB1PeriphResetCmd  stm32f10x_rcc.o
    0x080011d0   0x080011d0   0x00000020   Code   RO         1777    i.RCC_APB2PeriphClockCmd  stm32f10x_rcc.o
    0x080011f0   0x080011f0   0x00000020   Code   RO         1778    i.RCC_APB2PeriphResetCmd  stm32f10x_rcc.o
    0x08001210   0x08001210   0x000000d4   Code   RO         1785    i.RCC_GetClocksFreq  stm32f10x_rcc.o
    0x080012e4   0x080012e4   0x0000005c   Code   RO         3566    i.RX_Mode           nrf24l01.o
    0x08001340   0x08001340   0x00000060   Code   RO         3670    i.Relay_Init        relay.o
    0x080013a0   0x080013a0   0x00000078   Code   RO         3671    i.Relay_Set         relay.o
    0x08001418   0x08001418   0x00000050   Code   RO         3762    i.Robot_Init        robot.o
    0x08001468   0x08001468   0x00000024   Code   RO         3763    i.Robot_Move        robot.o
    0x0800148c   0x0800148c   0x00000018   Code   RO         2263    i.SPI_Cmd           stm32f10x_spi.o
    0x080014a4   0x080014a4   0x00000012   Code   RO         2271    i.SPI_I2S_GetFlagStatus  stm32f10x_spi.o
    0x080014b6   0x080014b6   0x00000006   Code   RO         2274    i.SPI_I2S_ReceiveData  stm32f10x_spi.o
    0x080014bc   0x080014bc   0x00000004   Code   RO         2275    i.SPI_I2S_SendData  stm32f10x_spi.o
    0x080014c0   0x080014c0   0x0000003c   Code   RO         2276    i.SPI_Init          stm32f10x_spi.o
    0x080014fc   0x080014fc   0x00000070   Code   RO         3567    i.SPI_SendByte      nrf24l01.o
    0x0800156c   0x0800156c   0x00000014   Code   RO         3568    i.SPI_TIMEOUT_UserCallback  nrf24l01.o
    0x08001580   0x08001580   0x00000002   Code   RO         3966    i.SVC_Handler       stm32f10x_it.o
    0x08001582   0x08001582   0x00000008   Code   RO           10    i.SetSysClock       system_stm32f10x.o
    0x0800158a   0x0800158a   0x00000002   PAD
    0x0800158c   0x0800158c   0x000000e0   Code   RO           11    i.SetSysClockTo72   system_stm32f10x.o
    0x0800166c   0x0800166c   0x00000014   Code   RO         3859    i.Speed             main.o
    0x08001680   0x08001680   0x00000060   Code   RO         3765    i.SpeedConversion   robot.o
    0x080016e0   0x080016e0   0x0000022c   Code   RO         3860    i.State1            main.o
    0x0800190c   0x0800190c   0x0000011c   Code   RO         3861    i.State2            main.o
    0x08001a28   0x08001a28   0x00000002   Code   RO         3967    i.SysTick_Handler   stm32f10x_it.o
    0x08001a2a   0x08001a2a   0x00000002   PAD
    0x08001a2c   0x08001a2c   0x00000060   Code   RO           13    i.SystemInit        system_stm32f10x.o
    0x08001a8c   0x08001a8c   0x00000080   Code   RO         2405    i.TI1_Config        stm32f10x_tim.o
    0x08001b0c   0x08001b0c   0x00000098   Code   RO         2406    i.TI2_Config        stm32f10x_tim.o
    0x08001ba4   0x08001ba4   0x00000090   Code   RO         2407    i.TI3_Config        stm32f10x_tim.o
    0x08001c34   0x08001c34   0x00000098   Code   RO         2408    i.TI4_Config        stm32f10x_tim.o
    0x08001ccc   0x08001ccc   0x000000b4   Code   RO         3863    i.TIM2_IRQHandler   main.o
    0x08001d80   0x08001d80   0x00000064   Code   RO         3220    i.TIM2_Init         tim2.o
    0x08001de4   0x08001de4   0x000001b8   Code   RO         3803    i.TIM4_IRQHandler   hcsr04.o
    0x08001f9c   0x08001f9c   0x000000c4   Code   RO         3232    i.TIM4_Init         tim4.o
    0x08002060   0x08002060   0x00000006   Code   RO         2415    i.TIM_ClearFlag     stm32f10x_tim.o
    0x08002066   0x08002066   0x00000006   Code   RO         2416    i.TIM_ClearITPendingBit  stm32f10x_tim.o
    0x0800206c   0x0800206c   0x00000018   Code   RO         2421    i.TIM_Cmd           stm32f10x_tim.o
    0x08002084   0x08002084   0x000001e8   Code   RO         2426    i.TIM_DeInit        stm32f10x_tim.o
    0x0800226c   0x0800226c   0x00000006   Code   RO         2436    i.TIM_GetCapture1   stm32f10x_tim.o
    0x08002272   0x08002272   0x00000006   Code   RO         2437    i.TIM_GetCapture2   stm32f10x_tim.o
    0x08002278   0x08002278   0x00000006   Code   RO         2438    i.TIM_GetCapture3   stm32f10x_tim.o
    0x0800227e   0x0800227e   0x00000008   Code   RO         2439    i.TIM_GetCapture4   stm32f10x_tim.o
    0x08002286   0x08002286   0x00000012   Code   RO         2441    i.TIM_GetFlagStatus  stm32f10x_tim.o
    0x08002298   0x08002298   0x000000ac   Code   RO         2444    i.TIM_ICInit        stm32f10x_tim.o
    0x08002344   0x08002344   0x00000012   Code   RO         2446    i.TIM_ITConfig      stm32f10x_tim.o
    0x08002356   0x08002356   0x00000012   Code   RO         2452    i.TIM_OC1PolarityConfig  stm32f10x_tim.o
    0x08002368   0x08002368   0x0000001a   Code   RO         2457    i.TIM_OC2PolarityConfig  stm32f10x_tim.o
    0x08002382   0x08002382   0x0000001a   Code   RO         2462    i.TIM_OC3PolarityConfig  stm32f10x_tim.o
    0x0800239c   0x0800239c   0x0000001a   Code   RO         2466    i.TIM_OC4PolarityConfig  stm32f10x_tim.o
    0x080023b6   0x080023b6   0x00000004   Code   RO         2486    i.TIM_SetCounter    stm32f10x_tim.o
    0x080023ba   0x080023ba   0x00000012   Code   RO         2487    i.TIM_SetIC1Prescaler  stm32f10x_tim.o
    0x080023cc   0x080023cc   0x0000001a   Code   RO         2488    i.TIM_SetIC2Prescaler  stm32f10x_tim.o
    0x080023e6   0x080023e6   0x00000012   Code   RO         2489    i.TIM_SetIC3Prescaler  stm32f10x_tim.o
    0x080023f8   0x080023f8   0x0000001a   Code   RO         2490    i.TIM_SetIC4Prescaler  stm32f10x_tim.o
    0x08002412   0x08002412   0x00000002   PAD
    0x08002414   0x08002414   0x000000a4   Code   RO         2492    i.TIM_TimeBaseInit  stm32f10x_tim.o
    0x080024b8   0x080024b8   0x0000004c   Code   RO         3688    i.TSDA_Data         tsda.o
    0x08002504   0x08002504   0x00000038   Code   RO         3689    i.TSDA_Order        tsda.o
    0x0800253c   0x0800253c   0x000000b8   Code   RO         3244    i.USART1_Config     usart.o
    0x080025f4   0x080025f4   0x00000128   Code   RO         3245    i.USART1_GetFeedTime  usart.o
    0x0800271c   0x0800271c   0x00000068   Code   RO         3246    i.USART1_IRQHandler  usart.o
    0x08002784   0x08002784   0x0000001e   Code   RO         2957    i.USART_ClearITPendingBit  stm32f10x_usart.o
    0x080027a2   0x080027a2   0x00000018   Code   RO         2960    i.USART_Cmd         stm32f10x_usart.o
    0x080027ba   0x080027ba   0x00000002   PAD
    0x080027bc   0x080027bc   0x00000114   Code   RO         3719    i.USART_Config      bsp_usart.o
    0x080028d0   0x080028d0   0x0000001a   Code   RO         2963    i.USART_GetFlagStatus  stm32f10x_usart.o
    0x080028ea   0x080028ea   0x0000004a   Code   RO         2966    i.USART_ITConfig    stm32f10x_usart.o
    0x08002934   0x08002934   0x000000d8   Code   RO         2967    i.USART_Init        stm32f10x_usart.o
    0x08002a0c   0x08002a0c   0x0000000a   Code   RO         2974    i.USART_ReceiveData  stm32f10x_usart.o
    0x08002a16   0x08002a16   0x00000008   Code   RO         2977    i.USART_SendData    stm32f10x_usart.o
    0x08002a1e   0x08002a1e   0x00000004   Code   RO         3968    i.UsageFault_Handler  stm32f10x_it.o
    0x08002a22   0x08002a22   0x00000022   Code   RO         3721    i.Usart_SendByte    bsp_usart.o
    0x08002a44   0x08002a44   0x00000138   Code   RO         3864    i.While_Init        main.o
    0x08002b7c   0x08002b7c   0x00000174   Code   RO         3865    i.main              main.o
    0x08002cf0   0x08002cf0   0x00000062   Code   RO         4031    x$fpl$d2f           fz_ws.l(d2f.o)
    0x08002d52   0x08002d52   0x00000002   PAD
    0x08002d54   0x08002d54   0x000002b0   Code   RO         4034    x$fpl$ddiv          fz_ws.l(ddiv.o)
    0x08003004   0x08003004   0x0000005e   Code   RO         4037    x$fpl$dfix          fz_ws.l(dfix.o)
    0x08003062   0x08003062   0x0000002e   Code   RO         4042    x$fpl$dflt          fz_ws.l(dflt_clz.o)
    0x08003090   0x08003090   0x00000154   Code   RO         4047    x$fpl$dmul          fz_ws.l(dmul.o)
    0x080031e4   0x080031e4   0x0000009c   Code   RO         4072    x$fpl$dnaninf       fz_ws.l(dnaninf.o)
    0x08003280   0x08003280   0x0000000c   Code   RO         4074    x$fpl$dretinf       fz_ws.l(dretinf.o)
    0x0800328c   0x0800328c   0x00000056   Code   RO         4049    x$fpl$f2d           fz_ws.l(f2d.o)
    0x080032e2   0x080032e2   0x00000002   PAD
    0x080032e4   0x080032e4   0x000000c4   Code   RO         4051    x$fpl$fadd          fz_ws.l(faddsub_clz.o)
    0x080033a8   0x080033a8   0x00000184   Code   RO         4058    x$fpl$fdiv          fz_ws.l(fdiv.o)
    0x0800352c   0x0800352c   0x0000003e   Code   RO         4061    x$fpl$ffixu         fz_ws.l(ffixu.o)
    0x0800356a   0x0800356a   0x00000002   PAD
    0x0800356c   0x0800356c   0x00000026   Code   RO         4065    x$fpl$ffltu         fz_ws.l(fflt_clz.o)
    0x08003592   0x08003592   0x0000008c   Code   RO         4076    x$fpl$fnaninf       fz_ws.l(fnaninf.o)
    0x0800361e   0x0800361e   0x0000000a   Code   RO         4078    x$fpl$fretinf       fz_ws.l(fretinf.o)
    0x08003628   0x08003628   0x000000ea   Code   RO         4053    x$fpl$fsub          fz_ws.l(faddsub_clz.o)
    0x08003712   0x08003712   0x00000000   Code   RO         4080    x$fpl$usenofp       fz_ws.l(usenofp.o)
    0x08003712   0x08003712   0x000005f0   Data   RO         3462    .constdata          oled.o
    0x08003d02   0x08003d02   0x00000002   PAD
    0x08003d04   0x08003d04   0x00000020   Data   RO         4233    Region$$Table       anon$$obj.o


    Execution Region RW_IRAM1 (Exec base: 0x20000000, Load base: 0x08003d24, Size: 0x00000720, Max: 0x00005000, ABSOLUTE)

    Exec Addr    Load Addr    Size         Type   Attr      Idx    E Section Name        Object

    0x20000000   0x08003d24   0x00000014   Data   RW         1805    .data               stm32f10x_rcc.o
    0x20000014   0x08003d38   0x00000003   Data   RW         3251    .data               usart.o
    0x20000017   0x08003d3b   0x00000001   PAD
    0x20000018   0x08003d3c   0x0000001c   Data   RW         3570    .data               nrf24l01.o
    0x20000034   0x08003d58   0x00000024   Data   RW         3805    .data               hcsr04.o
    0x20000058   0x08003d7c   0x0000003a   Data   RW         3867    .data               main.o
    0x20000092   0x08003db6   0x00000002   PAD
    0x20000094        -       0x0000000d   Zero   RW         3250    .bss                usart.o
    0x200000a1   0x08003db6   0x00000003   PAD
    0x200000a4        -       0x00000010   Zero   RW         3804    .bss                hcsr04.o
    0x200000b4        -       0x0000000c   Zero   RW         3866    .bss                main.o
    0x200000c0        -       0x00000060   Zero   RW         4107    .bss                c_w.l(libspace.o)
    0x20000120        -       0x00000200   Zero   RW            2    HEAP                startup_stm32f10x_md.o
    0x20000320        -       0x00000400   Zero   RW            1    STACK               startup_stm32f10x_md.o


==============================================================================

Image component sizes


      Code (inc. data)   RO Data    RW Data    ZI Data      Debug   Object Name

       348         16          0          0          0       2144   bsp_usart.o
        70          0          0          0          0        954   delay.o
      1204        168          0         36         16       4474   hcsr04.o
       140         20          0          0          0       1372   led.o
      2304        294          0         58         12       6218   main.o
       132         22          0          0          0     204835   misc.o
       900         72          0         28          0       7012   nrf24l01.o
       902         22       1520          0          0       8495   oled.o
       216         12          0          0          0       1085   relay.o
       212         34          0          0          0       1596   robot.o
        64         26        236          0       1536        836   startup_stm32f10x_md.o
         0          0          0          0          0       1672   stm32f10x_adc.o
       458          6          0          0          0      13251   stm32f10x_gpio.o
        26          0          0          0          0       3874   stm32f10x_it.o
       340         44          0         20          0      14172   stm32f10x_rcc.o
       112          0          0          0          0      10594   stm32f10x_spi.o
      1686        214          0          0          0      35659   stm32f10x_tim.o
       388          6          0          0          0      11887   stm32f10x_usart.o
       328         28          0          0          0      49857   system_stm32f10x.o
       100          0          0          0          0        540   tim2.o
       196          4          0          0          0        660   tim4.o
       132          0          0          0          0       1689   tsda.o
       584         56          0          3         13     227177   usart.o

    ----------------------------------------------------------------------
     10862       1044       1790        148       1580     610053   Object Totals
         0          0         32          0          0          0   (incl. Generated)
        20          0          2          3          3          0   (incl. Padding)

    ----------------------------------------------------------------------

      Code (inc. data)   RO Data    RW Data    ZI Data      Debug   Library Member Name

         8          0          0          0          0         68   __main.o
         0          0          0          0          0          0   __rtentry.o
        12          0          0          0          0          0   __rtentry2.o
         6          0          0          0          0          0   __rtentry4.o
        52          8          0          0          0          0   __scatter.o
        26          0          0          0          0          0   __scatter_copy.o
        28          0          0          0          0          0   __scatter_zi.o
        18          0          0          0          0         80   exit.o
         6          0          0          0          0        152   heapauxi.o
         0          0          0          0          0          0   indicate_semi.o
         2          0          0          0          0          0   libinit.o
         2          0          0          0          0          0   libinit2.o
         2          0          0          0          0          0   libshutdown.o
         2          0          0          0          0          0   libshutdown2.o
         8          4          0          0         96         68   libspace.o
         2          0          0          0          0          0   rtexit.o
        10          0          0          0          0          0   rtexit2.o
       128          0          0          0          0         68   strcmpv7m.o
        12          4          0          0          0         68   sys_exit.o
        74          0          0          0          0         80   sys_stackheap_outer.o
         2          0          0          0          0         68   use_no_semi.o
        98          4          0          0          0         92   d2f.o
       688        140          0          0          0        208   ddiv.o
        94          4          0          0          0         92   dfix.o
        46          0          0          0          0         68   dflt_clz.o
       340         12          0          0          0        104   dmul.o
       156          4          0          0          0         92   dnaninf.o
        12          0          0          0          0         68   dretinf.o
        86          4          0          0          0         84   f2d.o
       430          8          0          0          0        168   faddsub_clz.o
       388         76          0          0          0         96   fdiv.o
        62          4          0          0          0         84   ffixu.o
        38          0          0          0          0         68   fflt_clz.o
       140          4          0          0          0         84   fnaninf.o
        10          0          0          0          0         68   fretinf.o
         0          0          0          0          0          0   usenofp.o

    ----------------------------------------------------------------------
      3000        276          0          0         96       2028   Library Totals
        12          0          0          0          0          0   (incl. Padding)

    ----------------------------------------------------------------------

      Code (inc. data)   RO Data    RW Data    ZI Data      Debug   Library Name

       400         16          0          0         96        652   c_w.l
      2588        260          0          0          0       1376   fz_ws.l

    ----------------------------------------------------------------------
      3000        276          0          0         96       2028   Library Totals

    ----------------------------------------------------------------------

==============================================================================


      Code (inc. data)   RO Data    RW Data    ZI Data      Debug   

     13862       1320       1790        148       1676     604953   Grand Totals
     13862       1320       1790        148       1676     604953   ELF Image Totals
     13862       1320       1790        148          0          0   ROM Totals

==============================================================================

    Total RO  Size (Code + RO Data)                15652 (  15.29kB)
    Total RW  Size (RW Data + ZI Data)              1824 (   1.78kB)
    Total ROM Size (Code + RO Data + RW Data)      15800 (  15.43kB)

==============================================================================

